Archive member included to satisfy reference by file (symbol)

C:/ST/STM32CubeIDE_1.13.0/STM32CubeIDE/plugins/com.st.stm32cube.ide.mcu.externaltools.gnu-tools-for-stm32.11.3.rel1.win32_1.1.0.202305231506/tools/bin/../lib/gcc/arm-none-eabi/11.3.1/../../../../arm-none-eabi/lib/thumb/v7-m/nofp\libc_nano.a(libc_a-exit.o)
                              C:/ST/STM32CubeIDE_1.13.0/STM32CubeIDE/plugins/com.st.stm32cube.ide.mcu.externaltools.gnu-tools-for-stm32.11.3.rel1.win32_1.1.0.202305231506/tools/bin/../lib/gcc/arm-none-eabi/11.3.1/../../../../arm-none-eabi/lib/thumb/v7-m/nofp/crt0.o (exit)
C:/ST/STM32CubeIDE_1.13.0/STM32CubeIDE/plugins/com.st.stm32cube.ide.mcu.externaltools.gnu-tools-for-stm32.11.3.rel1.win32_1.1.0.202305231506/tools/bin/../lib/gcc/arm-none-eabi/11.3.1/../../../../arm-none-eabi/lib/thumb/v7-m/nofp\libc_nano.a(libc_a-malloc.o)
                              ./HAL/st7735.o (malloc)
C:/ST/STM32CubeIDE_1.13.0/STM32CubeIDE/plugins/com.st.stm32cube.ide.mcu.externaltools.gnu-tools-for-stm32.11.3.rel1.win32_1.1.0.202305231506/tools/bin/../lib/gcc/arm-none-eabi/11.3.1/../../../../arm-none-eabi/lib/thumb/v7-m/nofp\libc_nano.a(libc_a-mallocr.o)
                              C:/ST/STM32CubeIDE_1.13.0/STM32CubeIDE/plugins/com.st.stm32cube.ide.mcu.externaltools.gnu-tools-for-stm32.11.3.rel1.win32_1.1.0.202305231506/tools/bin/../lib/gcc/arm-none-eabi/11.3.1/../../../../arm-none-eabi/lib/thumb/v7-m/nofp\libc_nano.a(libc_a-malloc.o) (_malloc_r)
C:/ST/STM32CubeIDE_1.13.0/STM32CubeIDE/plugins/com.st.stm32cube.ide.mcu.externaltools.gnu-tools-for-stm32.11.3.rel1.win32_1.1.0.202305231506/tools/bin/../lib/gcc/arm-none-eabi/11.3.1/../../../../arm-none-eabi/lib/thumb/v7-m/nofp\libc_nano.a(libc_a-mlock.o)
                              C:/ST/STM32CubeIDE_1.13.0/STM32CubeIDE/plugins/com.st.stm32cube.ide.mcu.externaltools.gnu-tools-for-stm32.11.3.rel1.win32_1.1.0.202305231506/tools/bin/../lib/gcc/arm-none-eabi/11.3.1/../../../../arm-none-eabi/lib/thumb/v7-m/nofp\libc_nano.a(libc_a-mallocr.o) (__malloc_lock)
C:/ST/STM32CubeIDE_1.13.0/STM32CubeIDE/plugins/com.st.stm32cube.ide.mcu.externaltools.gnu-tools-for-stm32.11.3.rel1.win32_1.1.0.202305231506/tools/bin/../lib/gcc/arm-none-eabi/11.3.1/../../../../arm-none-eabi/lib/thumb/v7-m/nofp\libc_nano.a(libc_a-findfp.o)
                              C:/ST/STM32CubeIDE_1.13.0/STM32CubeIDE/plugins/com.st.stm32cube.ide.mcu.externaltools.gnu-tools-for-stm32.11.3.rel1.win32_1.1.0.202305231506/tools/bin/../lib/gcc/arm-none-eabi/11.3.1/../../../../arm-none-eabi/lib/thumb/v7-m/nofp\libc_nano.a(libc_a-exit.o) (__stdio_exit_handler)
C:/ST/STM32CubeIDE_1.13.0/STM32CubeIDE/plugins/com.st.stm32cube.ide.mcu.externaltools.gnu-tools-for-stm32.11.3.rel1.win32_1.1.0.202305231506/tools/bin/../lib/gcc/arm-none-eabi/11.3.1/../../../../arm-none-eabi/lib/thumb/v7-m/nofp\libc_nano.a(libc_a-fwalk.o)
                              C:/ST/STM32CubeIDE_1.13.0/STM32CubeIDE/plugins/com.st.stm32cube.ide.mcu.externaltools.gnu-tools-for-stm32.11.3.rel1.win32_1.1.0.202305231506/tools/bin/../lib/gcc/arm-none-eabi/11.3.1/../../../../arm-none-eabi/lib/thumb/v7-m/nofp\libc_nano.a(libc_a-findfp.o) (_fwalk_sglue)
C:/ST/STM32CubeIDE_1.13.0/STM32CubeIDE/plugins/com.st.stm32cube.ide.mcu.externaltools.gnu-tools-for-stm32.11.3.rel1.win32_1.1.0.202305231506/tools/bin/../lib/gcc/arm-none-eabi/11.3.1/../../../../arm-none-eabi/lib/thumb/v7-m/nofp\libc_nano.a(libc_a-snprintf.o)
                              ./Src/main.o (snprintf)
C:/ST/STM32CubeIDE_1.13.0/STM32CubeIDE/plugins/com.st.stm32cube.ide.mcu.externaltools.gnu-tools-for-stm32.11.3.rel1.win32_1.1.0.202305231506/tools/bin/../lib/gcc/arm-none-eabi/11.3.1/../../../../arm-none-eabi/lib/thumb/v7-m/nofp\libc_nano.a(libc_a-stdio.o)
                              C:/ST/STM32CubeIDE_1.13.0/STM32CubeIDE/plugins/com.st.stm32cube.ide.mcu.externaltools.gnu-tools-for-stm32.11.3.rel1.win32_1.1.0.202305231506/tools/bin/../lib/gcc/arm-none-eabi/11.3.1/../../../../arm-none-eabi/lib/thumb/v7-m/nofp\libc_nano.a(libc_a-findfp.o) (__sread)
C:/ST/STM32CubeIDE_1.13.0/STM32CubeIDE/plugins/com.st.stm32cube.ide.mcu.externaltools.gnu-tools-for-stm32.11.3.rel1.win32_1.1.0.202305231506/tools/bin/../lib/gcc/arm-none-eabi/11.3.1/../../../../arm-none-eabi/lib/thumb/v7-m/nofp\libc_nano.a(libc_a-memset.o)
                              C:/ST/STM32CubeIDE_1.13.0/STM32CubeIDE/plugins/com.st.stm32cube.ide.mcu.externaltools.gnu-tools-for-stm32.11.3.rel1.win32_1.1.0.202305231506/tools/bin/../lib/gcc/arm-none-eabi/11.3.1/../../../../arm-none-eabi/lib/thumb/v7-m/nofp/crt0.o (memset)
C:/ST/STM32CubeIDE_1.13.0/STM32CubeIDE/plugins/com.st.stm32cube.ide.mcu.externaltools.gnu-tools-for-stm32.11.3.rel1.win32_1.1.0.202305231506/tools/bin/../lib/gcc/arm-none-eabi/11.3.1/../../../../arm-none-eabi/lib/thumb/v7-m/nofp\libc_nano.a(libc_a-closer.o)
[...]
Memory Configuration

Name             Origin             Length             Attributes
RAM              0x0000000020000000 0x0000000000005000 xrw
FLASH            0x0000000008000000 0x0000000000010000 xr
*default*        0x0000000000000000 0xffffffffffffffff

Linker script and memory map

LOAD C:/ST/STM32CubeIDE_1.13.0/STM32CubeIDE/plugins/com.st.stm32cube.ide.mcu.externaltools.gnu-tools-for-stm32.11.3.rel1.win32_1.1.0.202305231506/tools/bin/../lib/gcc/arm-none-eabi/11.3.1/thumb/v7-m/nofp/crti.o
LOAD C:/ST/STM32CubeIDE_1.13.0/STM32CubeIDE/plugins/com.st.stm32cube.ide.mcu.externaltools.gnu-tools-for-stm32.11.3.rel1.win32_1.1.0.202305231506/tools/bin/../lib/gcc/arm-none-eabi/11.3.1/thumb/v7-m/nofp/crtbegin.o
LOAD C:/ST/STM32CubeIDE_1.13.0/STM32CubeIDE/plugins/com.st.stm32cube.ide.mcu.externaltools.gnu-tools-for-stm32.11.3.rel1.win32_1.1.0.202305231506/tools/bin/../lib/gcc/arm-none-eabi/11.3.1/../../../../arm-none-eabi/lib/thumb/v7-m/nofp/crt0.o
LOAD ./Drivers/EXTI.o
LOAD ./Drivers/GPIO.o
LOAD ./Drivers/NVIC_Program.o
LOAD ./Drivers/RCC_program.o
LOAD ./Drivers/SPI.o
LOAD ./Drivers/STK_program.o
LOAD ./Drivers/Ticker.o
LOAD ./Drivers/USART.o
LOAD ./FreeRTOS/croutine.o
LOAD ./FreeRTOS/event_groups.o
LOAD ./FreeRTOS/list.o
LOAD ./FreeRTOS/queue.o
LOAD ./FreeRTOS/stream_buffer.o
LOAD ./FreeRTOS/tasks.o
LOAD ./FreeRTOS/timers.o
LOAD ./FreeRTOS/portable/GCC/ARM_CM3/port.o
LOAD ./FreeRTOS/portable/MemMang/heap_4.o
LOAD ./HAL/GFX_FUNCTIONS.o
LOAD ./HAL/LED.o
LOAD ./HAL/MP3.o
LOAD ./HAL/PushButton.o
LOAD ./HAL/Seg-5161BS.o
LOAD ./HAL/fonts.o
LOAD ./HAL/keypad.o
LOAD ./HAL/lcd.o
LOAD ./HAL/st7735.o
LOAD ./Src/main.o
LOAD ./Src/syscalls.o
LOAD ./Src/sysmem.o
LOAD ./Startup/startup_stm32f103c8tx.o
START GROUP
LOAD C:/ST/STM32CubeIDE_1.13.0/STM32CubeIDE/plugins/com.st.stm32cube.ide.mcu.externaltools.gnu-tools-for-stm32.11.3.rel1.win32_1.1.0.202305231506/tools/bin/../lib/gcc/arm-none-eabi/11.3.1/../../../../arm-none-eabi/lib/thumb/v7-m/nofp\libc_nano.a
LOAD C:/ST/STM32CubeIDE_1.13.0/STM32CubeIDE/plugins/com.st.stm32cube.ide.mcu.externaltools.gnu-tools-for-stm32.11.3.rel1.win32_1.1.0.202305231506/tools/bin/../lib/gcc/arm-none-eabi/11.3.1/../../../../arm-none-eabi/lib/thumb/v7-m/nofp\libm.a
END GROUP
START GROUP
LOAD C:/ST/STM32CubeIDE_1.13.0/STM32CubeIDE/plugins/com.st.stm32cube.ide.mcu.externaltools.gnu-tools-for-stm32.11.3.rel1.win32_1.1.0.202305231506/tools/bin/../lib/gcc/arm-none-eabi/11.3.1/thumb/v7-m/nofp\libgcc.a
LOAD C:/ST/STM32CubeIDE_1.13.0/STM32CubeIDE/plugins/com.st.stm32cube.ide.mcu.externaltools.gnu-tools-for-stm32.11.3.rel1.win32_1.1.0.202305231506/tools/bin/../lib/gcc/arm-none-eabi/11.3.1/../../../../arm-none-eabi/lib/thumb/v7-m/nofp\libc_nano.a
END GROUP
START GROUP
LOAD C:/ST/STM32CubeIDE_1.13.0/STM32CubeIDE/plugins/com.st.stm32cube.ide.mcu.externaltools.gnu-tools-for-stm32.11.3.rel1.win32_1.1.0.202305231506/tools/bin/../lib/gcc/arm-none-eabi/11.3.1/thumb/v7-m/nofp\libgcc.a
LOAD C:/ST/STM32CubeIDE_1.13.0/STM32CubeIDE/plugins/com.st.stm32cube.ide.mcu.externaltools.gnu-tools-for-stm32.11.3.rel1.win32_1.1.0.202305231506/tools/bin/../lib/gcc/arm-none-eabi/11.3.1/../../../../arm-none-eabi/lib/thumb/v7-m/nofp\libc_nano.a
LOAD C:/ST/STM32CubeIDE_1.13.0/STM32CubeIDE/plugins/com.st.stm32cube.ide.mcu.externaltools.gnu-tools-for-stm32.11.3.rel1.win32_1.1.0.202305231506/tools/bin/../lib/gcc/arm-none-eabi/11.3.1/../../../../arm-none-eabi/lib/thumb/v7-m/nofp\libnosys.a
END GROUP
START GROUP
LOAD C:/ST/STM32CubeIDE_1.13.0/STM32CubeIDE/plugins/com.st.stm32cube.ide.mcu.externaltools.gnu-tools-for-stm32.11.3.rel1.win32_1.1.0.202305231506/tools/bin/../lib/gcc/arm-none-eabi/11.3.1/thumb/v7-m/nofp\libgcc.a
LOAD C:/ST/STM32CubeIDE_1.13.0/STM32CubeIDE/plugins/com.st.stm32cube.ide.mcu.externaltools.gnu-tools-for-stm32.11.3.rel1.win32_1.1.0.202305231506/tools/bin/../lib/gcc/arm-none-eabi/11.3.1/../../../../arm-none-eabi/lib/thumb/v7-m/nofp\libc_nano.a
LOAD C:/ST/STM32CubeIDE_1.13.0/STM32CubeIDE/plugins/com.st.stm32cube.ide.mcu.externaltools.gnu-tools-for-stm32.11.3.rel1.win32_1.1.0.202305231506/tools/bin/../lib/gcc/arm-none-eabi/11.3.1/../../../../arm-none-eabi/lib/thumb/v7-m/nofp\libnosys.a
END GROUP
LOAD C:/ST/STM32CubeIDE_1.13.0/STM32CubeIDE/plugins/com.st.stm32cube.ide.mcu.externaltools.gnu-tools-for-stm32.11.3.rel1.win32_1.1.0.202305231506/tools/bin/../lib/gcc/arm-none-eabi/11.3.1/thumb/v7-m/nofp/crtend.o
LOAD C:/ST/STM32CubeIDE_1.13.0/STM32CubeIDE/plugins/com.st.stm32cube.ide.mcu.externaltools.gnu-tools-for-stm32.11.3.rel1.win32_1.1.0.202305231506/tools/bin/../lib/gcc/arm-none-eabi/11.3.1/thumb/v7-m/nofp/crtn.o
                0x0000000020005000                _estack = (ORIGIN (RAM) + LENGTH (RAM))
                0x0000000000000200                _Min_Heap_Size = 0x200
                0x0000000000000400                _Min_Stack_Size = 0x400

.isr_vector     0x0000000008000000      0x130
                0x0000000008000000                . = ALIGN (0x4)
 *(.isr_vector)
 .isr_vector    0x0000000008000000      0x130 ./Startup/startup_stm32f103c8tx.o
                0x0000000008000000                g_pfnVectors
                0x0000000008000130                . = ALIGN (0x4)

.text           0x0000000008000130     0x513c
                0x0000000008000130                . = ALIGN (0x4)
 *(.text)
 .text          0x0000000008000130       0x40 C:/ST/STM32CubeIDE_1.13.0/STM32CubeIDE/plugins/com.st.stm32cube.ide.mcu.externaltools.gnu-tools-for-stm32.11.3.rel1.win32_1.1.0.202305231506/tools/bin/../lib/gcc/arm-none-eabi/11.3.1/thumb/v7-m/nofp/crtbegin.o
 .text          0x0000000008000170      0x378 C:/ST/STM32CubeIDE_1.13.0/STM32CubeIDE/plugins/com.st.stm32cube.ide.mcu.externaltools.gnu-tools-for-stm32.11.3.rel1.win32_1.1.0.202305231506/tools/bin/../lib/gcc/arm-none-eabi/11.3.1/thumb/v7-m/nofp\libgcc.a(_arm_addsubdf3.o)
                0x0000000008000170                __aeabi_drsub
                0x0000000008000178                __aeabi_dsub
                0x0000000008000178                __subdf3
                0x000000000800017c                __aeabi_dadd
                0x000000000800017c                __adddf3
                0x00000000080003f4                __floatunsidf
                0x00000000080003f4                __aeabi_ui2d
                0x0000000008000414                __floatsidf
                0x0000000008000414                __aeabi_i2d
                0x0000000008000438                __aeabi_f2d
                0x0000000008000438                __extendsfdf2
                0x000000000800047c                __floatundidf
                0x000000000800047c                __aeabi_ul2d
                0x000000000800048c                __floatdidf
                0x000000000800048c                __aeabi_l2d
 .text          0x00000000080004e8      0x424 C:/ST/STM32CubeIDE_1.13.0/STM32CubeIDE/plugins/com.st.stm32cube.ide.mcu.externaltools.gnu-tools-for-stm32.11.3.rel1.win32_1.1.0.202305231506/tools/bin/../lib/gcc/arm-none-eabi/11.3.1/thumb/v7-m/nofp\libgcc.a(_arm_muldivdf3.o)
                0x00000000080004e8                __aeabi_dmul
                0x00000000080004e8                __muldf3
                0x000000000800073c                __divdf3
                0x000000000800073c                __aeabi_ddiv
 .text          0x000000000800090c       0x40 C:/ST/STM32CubeIDE_1.13.0/STM32CubeIDE/plugins/com.st.stm32cube.ide.mcu.externaltools.gnu-tools-for-stm32.11.3.rel1.win32_1.1.0.202305231506/tools/bin/../lib/gcc/arm-none-eabi/11.3.1/thumb/v7-m/nofp\libgcc.a(_arm_fixunsdfsi.o)
                0x000000000800090c                __aeabi_d2uiz
                0x000000000800090c                __fixunsdfsi
 .text          0x000000000800094c      0x21c C:/ST/STM32CubeIDE_1.13.0/STM32CubeIDE/plugins/com.st.stm32cube.ide.mcu.externaltools.gnu-tools-for-stm32.11.3.rel1.win32_1.1.0.202305231506/tools/bin/../lib/gcc/arm-none-eabi/11.3.1/thumb/v7-m/nofp\libgcc.a(_arm_addsubsf3.o)
                0x000000000800094c                __aeabi_frsub
                0x0000000008000954                __subsf3
                0x0000000008000954                __aeabi_fsub
                0x0000000008000958                __aeabi_fadd
                0x0000000008000958                __addsf3
                0x0000000008000ab8                __aeabi_ui2f
                0x0000000008000ab8                __floatunsisf
                0x0000000008000ac0                __aeabi_i2f
                0x0000000008000ac0                __floatsisf
                0x0000000008000adc                __aeabi_ul2f
                0x0000000008000adc                __floatundisf
                0x0000000008000aec                __aeabi_l2f
                0x0000000008000aec                __floatdisf
 .text          0x0000000008000b68      0x2a0 C:/ST/STM32CubeIDE_1.13.0/STM32CubeIDE/plugins/com.st.stm32cube.ide.mcu.externaltools.gnu-tools-for-stm32.11.3.rel1.win32_1.1.0.202305231506/tools/bin/../lib/gcc/arm-none-eabi/11.3.1/thumb/v7-m/nofp\libgcc.a(_arm_muldivsf3.o)
                0x0000000008000b68                __mulsf3
                0x0000000008000b68                __aeabi_fmul
                0x0000000008000cd0                __aeabi_fdiv
                0x0000000008000cd0                __divsf3
 *(.text*)
 .text.EXTI0_IRQHandler
                0x0000000008000e08       0x1c ./Drivers/EXTI.o
                0x0000000008000e08                EXTI0_IRQHandler
 .text.EXTI1_IRQHandler
                0x0000000008000e24       0x1c ./Drivers/EXTI.o
                0x0000000008000e24                EXTI1_IRQHandler
 .text.EXTI2_IRQHandler
                0x0000000008000e40       0x1c ./Drivers/EXTI.o
                0x0000000008000e40                EXTI2_IRQHandler
 .text.EXTI3_IRQHandler
                0x0000000008000e5c       0x1c ./Drivers/EXTI.o
                0x0000000008000e5c                EXTI3_IRQHandler
 .text.EXTI4_IRQHandler
                0x0000000008000e78       0x1c ./Drivers/EXTI.o
                0x0000000008000e78                EXTI4_IRQHandler
 .text.EXTI9_5_IRQHandler
                0x0000000008000e94       0x8c ./Drivers/EXTI.o
                0x0000000008000e94                EXTI9_5_IRQHandler
 .text.EXTI15_10_IRQHandler
                0x0000000008000f20       0xc4 ./Drivers/EXTI.o
                0x0000000008000f20                EXTI15_10_IRQHandler
 .text.GET_CRLH_Position
                0x0000000008000fe4      0x170 ./Drivers/GPIO.o
                0x0000000008000fe4                GET_CRLH_Position
 .text.MCAL_GPIO_Init
                0x0000000008001154      0x102 ./Drivers/GPIO.o
                0x0000000008001154                MCAL_GPIO_Init
 .text.MCAL_GPIO_ReadPin
                0x0000000008001256       0x2e ./Drivers/GPIO.o
                0x0000000008001256                MCAL_GPIO_ReadPin
 .text.MCAL_GPIO_WritePin
                0x0000000008001284       0x2e ./Drivers/GPIO.o
                0x0000000008001284                MCAL_GPIO_WritePin
 *fill*         0x00000000080012b2        0x2 
 .text.PLL_MUL_Calculator
                0x00000000080012b4       0x60 ./Drivers/RCC_program.o
                0x00000000080012b4                PLL_MUL_Calculator
 .text.MCAL_RCC_InitSysClock
                0x0000000008001314       0xe4 ./Drivers/RCC_program.o
                0x0000000008001314                MCAL_RCC_InitSysClock
 .text.MCAL_RCC_EnablePeripheral
                0x00000000080013f8       0x94 ./Drivers/RCC_program.o
                0x00000000080013f8                MCAL_RCC_EnablePeripheral
 .text.MCAL_RCC_GetSYSCLK
                0x000000000800148c       0x18 ./Drivers/RCC_program.o
                0x000000000800148c                MCAL_RCC_GetSYSCLK
 .text.MCAL_RCC_GetHCLK
                0x00000000080014a4       0x12 ./Drivers/RCC_program.o
                0x00000000080014a4                MCAL_RCC_GetHCLK
 .text.MCAL_RCC_GetPCLK1
                0x00000000080014b6       0x12 ./Drivers/RCC_program.o
                0x00000000080014b6                MCAL_RCC_GetPCLK1
 .text.MCAL_RCC_GetPCLK2
                0x00000000080014c8       0x12 ./Drivers/RCC_program.o
                0x00000000080014c8                MCAL_RCC_GetPCLK2
 .text.CheckFlag_TXE
                0x00000000080014da       0x20 ./Drivers/SPI.o
 .text.CheckFlag_RXNE
                0x00000000080014fa       0x1e ./Drivers/SPI.o
 .text.CheckFlag_ERR
                0x0000000008001518       0x20 ./Drivers/SPI.o
 .text.MCAL_SPI_Init
                0x0000000008001538       0xb4 ./Drivers/SPI.o
                0x0000000008001538                MCAL_SPI_Init
 .text.MCAL_SPI_GPIO_PINS
                0x00000000080015ec      0x188 ./Drivers/SPI.o
                0x00000000080015ec                MCAL_SPI_GPIO_PINS
 .text.MCAL_SPI_TX
                0x0000000008001774       0x70 ./Drivers/SPI.o
                0x0000000008001774                MCAL_SPI_TX
 .text.SPI1_IRQHandler
                0x00000000080017e4       0x64 ./Drivers/SPI.o
                0x00000000080017e4                SPI1_IRQHandler
 .text.SPI2_IRQHandler
                0x0000000008001848       0x64 ./Drivers/SPI.o
                0x0000000008001848                SPI2_IRQHandler
 .text.STK_SetDelay_ms
                0x00000000080018ac       0xa4 ./Drivers/STK_program.o
                0x00000000080018ac                STK_SetDelay_ms
 .text.TIM2_IRQHandler
                0x0000000008001950       0x2c ./Drivers/Ticker.o
                0x0000000008001950                TIM2_IRQHandler
 .text.GetIndex
                0x000000000800197c       0x34 ./Drivers/USART.o
 .text.MCAL_USART_Init
                0x00000000080019b0      0x100 ./Drivers/USART.o
                0x00000000080019b0                MCAL_USART_Init
 .text.MCAL_USART_Send_Data
                0x0000000008001ab0       0x90 ./Drivers/USART.o
                0x0000000008001ab0                MCAL_USART_Send_Data
 .text.MCAL_USART_GPIO_SetPins
                0x0000000008001b40      0x1f0 ./Drivers/USART.o
                0x0000000008001b40                MCAL_USART_GPIO_SetPins
 .text.USART1_IRQHandler
                0x0000000008001d30       0x14 ./Drivers/USART.o
                0x0000000008001d30                USART1_IRQHandler
 .text.USART2_IRQHandler
                0x0000000008001d44       0x14 ./Drivers/USART.o
                0x0000000008001d44                USART2_IRQHandler
 .text.USART3_IRQHandler
                0x0000000008001d58       0x14 ./Drivers/USART.o
                0x0000000008001d58                USART3_IRQHandler
 .text.xEventGroupCreate
                0x0000000008001d6c       0x2e ./FreeRTOS/event_groups.o
                0x0000000008001d6c                xEventGroupCreate
 *fill*         0x0000000008001d9a        0x2 
 .text.xEventGroupWaitBits
                0x0000000008001d9c      0x114 ./FreeRTOS/event_groups.o
                0x0000000008001d9c                xEventGroupWaitBits
 .text.xEventGroupClearBits
                0x0000000008001eb0       0x34 ./FreeRTOS/event_groups.o
                0x0000000008001eb0                xEventGroupClearBits
 .text.xEventGroupSetBits
                0x0000000008001ee4       0xda ./FreeRTOS/event_groups.o
                0x0000000008001ee4                xEventGroupSetBits
 .text.prvTestWaitCondition
                0x0000000008001fbe       0x42 ./FreeRTOS/event_groups.o
 .text.vListInitialise
                0x0000000008002000       0x3e ./FreeRTOS/list.o
                0x0000000008002000                vListInitialise
 .text.vListInitialiseItem
                0x000000000800203e       0x18 ./FreeRTOS/list.o
                0x000000000800203e                vListInitialiseItem
 .text.vListInsert
                0x0000000008002056       0x70 ./FreeRTOS/list.o
                0x0000000008002056                vListInsert
 .text.uxListRemove
                0x00000000080020c6       0x52 ./FreeRTOS/list.o
                0x00000000080020c6                uxListRemove
 .text.xTaskCreate
                0x0000000008002118       0x82 ./FreeRTOS/tasks.o
                0x0000000008002118                xTaskCreate
 .text.prvInitialiseNewTask
                0x000000000800219a       0xf0 ./FreeRTOS/tasks.o
 *fill*         0x000000000800228a        0x2 
 .text.prvAddNewTaskToReadyList
                0x000000000800228c      0x124 ./FreeRTOS/tasks.o
 .text.vTaskDelay
                0x00000000080023b0       0x48 ./FreeRTOS/tasks.o
                0x00000000080023b0                vTaskDelay
 .text.vTaskStartScheduler
                0x00000000080023f8       0x78 ./FreeRTOS/tasks.o
                0x00000000080023f8                vTaskStartScheduler
 .text.vTaskSuspendAll
                0x0000000008002470       0x1c ./FreeRTOS/tasks.o
                0x0000000008002470                vTaskSuspendAll
 .text.xTaskResumeAll
                0x000000000800248c      0x1d8 ./FreeRTOS/tasks.o
                0x000000000800248c                xTaskResumeAll
 .text.xTaskIncrementTick
                0x0000000008002664      0x20c ./FreeRTOS/tasks.o
                0x0000000008002664                xTaskIncrementTick
 .text.vTaskSwitchContext
                0x0000000008002870       0x8c ./FreeRTOS/tasks.o
                0x0000000008002870                vTaskSwitchContext
 .text.vTaskPlaceOnUnorderedEventList
                0x00000000080028fc       0x70 ./FreeRTOS/tasks.o
                0x00000000080028fc                vTaskPlaceOnUnorderedEventList
 .text.vTaskRemoveFromUnorderedEventList
                0x000000000800296c      0x140 ./FreeRTOS/tasks.o
                0x000000000800296c                vTaskRemoveFromUnorderedEventList
 .text.prvIdleTask
                0x0000000008002aac       0x30 ./FreeRTOS/tasks.o
 .text.prvInitialiseTaskLists
                0x0000000008002adc       0x80 ./FreeRTOS/tasks.o
 .text.prvCheckTasksWaitingTermination
                0x0000000008002b5c       0x5c ./FreeRTOS/tasks.o
 .text.prvDeleteTCB
                0x0000000008002bb8       0x20 ./FreeRTOS/tasks.o
 .text.prvResetNextTaskUnblockTime
                0x0000000008002bd8       0x34 ./FreeRTOS/tasks.o
 .text.uxTaskResetEventItemValue
                0x0000000008002c0c       0x30 ./FreeRTOS/tasks.o
                0x0000000008002c0c                uxTaskResetEventItemValue
 .text.prvAddCurrentTaskToDelayedList
                0x0000000008002c3c      0x100 ./FreeRTOS/tasks.o
 .text.pxPortInitialiseStack
                0x0000000008002d3c       0x58 ./FreeRTOS/portable/GCC/ARM_CM3/port.o
                0x0000000008002d3c                pxPortInitialiseStack
 .text.prvTaskExitError
                0x0000000008002d94       0x32 ./FreeRTOS/portable/GCC/ARM_CM3/port.o
 *fill*         0x0000000008002dc6        0xa 
 .text.SVC_Handler
                0x0000000008002dd0       0x28 ./FreeRTOS/portable/GCC/ARM_CM3/port.o
                0x0000000008002dd0                SVC_Handler
 .text.prvPortStartFirstTask
                0x0000000008002df8       0x24 ./FreeRTOS/portable/GCC/ARM_CM3/port.o
 .text.xPortStartScheduler
                0x0000000008002e1c       0x40 ./FreeRTOS/portable/GCC/ARM_CM3/port.o
                0x0000000008002e1c                xPortStartScheduler
 .text.vPortEnterCritical
                0x0000000008002e5c       0x34 ./FreeRTOS/portable/GCC/ARM_CM3/port.o
                0x0000000008002e5c                vPortEnterCritical
 .text.vPortExitCritical
                0x0000000008002e90       0x34 ./FreeRTOS/portable/GCC/ARM_CM3/port.o
                0x0000000008002e90                vPortExitCritical
 *fill*         0x0000000008002ec4        0xc 
 .text.PendSV_Handler
                0x0000000008002ed0       0x48 ./FreeRTOS/portable/GCC/ARM_CM3/port.o
                0x0000000008002ed0                PendSV_Handler
 .text.SysTick_Handler
                0x0000000008002f18       0x44 ./FreeRTOS/portable/GCC/ARM_CM3/port.o
                0x0000000008002f18                SysTick_Handler
 .text.vPortSetupTimerInterrupt
                0x0000000008002f5c       0x34 ./FreeRTOS/portable/GCC/ARM_CM3/port.o
                0x0000000008002f5c                vPortSetupTimerInterrupt
 .text.pvPortMalloc
                0x0000000008002f90      0x15c ./FreeRTOS/portable/MemMang/heap_4.o
                0x0000000008002f90                pvPortMalloc
 .text.vPortFree
                0x00000000080030ec       0x80 ./FreeRTOS/portable/MemMang/heap_4.o
                0x00000000080030ec                vPortFree
 .text.prvHeapInit
                0x000000000800316c       0xc4 ./FreeRTOS/portable/MemMang/heap_4.o
 .text.prvInsertBlockIntoFreeList
                0x0000000008003230       0xb0 ./FreeRTOS/portable/MemMang/heap_4.o
 .text.drawPixel
                0x00000000080032e0       0x26 ./HAL/GFX_FUNCTIONS.o
                0x00000000080032e0                drawPixel
 .text.fillRect
                0x0000000008003306       0x38 ./HAL/GFX_FUNCTIONS.o
                0x0000000008003306                fillRect
 .text.writePixel
                0x000000000800333e       0x2a ./HAL/GFX_FUNCTIONS.o
                0x000000000800333e                writePixel
 .text.writeLine
                0x0000000008003368      0x144 ./HAL/GFX_FUNCTIONS.o
                0x0000000008003368                writeLine
 .text.drawFastVLine
                0x00000000080034ac       0x4a ./HAL/GFX_FUNCTIONS.o
                0x00000000080034ac                drawFastVLine
 .text.drawFastHLine
                0x00000000080034f6       0x4a ./HAL/GFX_FUNCTIONS.o
                0x00000000080034f6                drawFastHLine
 .text.drawRect
                0x0000000008003540       0x82 ./HAL/GFX_FUNCTIONS.o
                0x0000000008003540                drawRect
 .text.fillTriangle
                0x00000000080035c2      0x2be ./HAL/GFX_FUNCTIONS.o
                0x00000000080035c2                fillTriangle
 .text.Send_cmd
                0x0000000008003880       0x78 ./HAL/MP3.o
                0x0000000008003880                Send_cmd
 .text.HAL_DF_Init
                0x00000000080038f8       0x2a ./HAL/MP3.o
                0x00000000080038f8                HAL_DF_Init
 .text.HAL_DF_Next
                0x0000000008003922       0x12 ./HAL/MP3.o
                0x0000000008003922                HAL_DF_Next
 .text.HAL_DF_Pause
                0x0000000008003934       0x12 ./HAL/MP3.o
                0x0000000008003934                HAL_DF_Pause
 .text.HAL_DF_Previous
                0x0000000008003946       0x12 ./HAL/MP3.o
                0x0000000008003946                HAL_DF_Previous
 .text.HAL_DF_Playback
                0x0000000008003958       0x12 ./HAL/MP3.o
                0x0000000008003958                HAL_DF_Playback
 .text.HAL_DF_SpecifyVolume
                0x000000000800396a       0x20 ./HAL/MP3.o
                0x000000000800396a                HAL_DF_SpecifyVolume
 *fill*         0x000000000800398a        0x2 
 .text.ST7735_Select
                0x000000000800398c       0x18 ./HAL/st7735.o
 .text.ST7735_Unselect
                0x00000000080039a4       0x18 ./HAL/st7735.o
                0x00000000080039a4                ST7735_Unselect
 .text.ST7735_Reset
                0x00000000080039bc       0x2c ./HAL/st7735.o
 .text.ST7735_WriteCommand
                0x00000000080039e8       0x30 ./HAL/st7735.o
 .text.ST7735_WriteData
                0x0000000008003a18       0x34 ./HAL/st7735.o
 .text.ST7735_ExecuteCommandList
                0x0000000008003a4c       0x9a ./HAL/st7735.o
 .text.ST7735_SetAddressWindow
                0x0000000008003ae6       0x68 ./HAL/st7735.o
 *fill*         0x0000000008003b4e        0x2 
 .text.ST7735_Init
                0x0000000008003b50       0x34 ./HAL/st7735.o
                0x0000000008003b50                ST7735_Init
 .text.ST7735_DrawPixel
                0x0000000008003b84       0x68 ./HAL/st7735.o
                0x0000000008003b84                ST7735_DrawPixel
 .text.ST7735_WriteChar
                0x0000000008003bec       0xee ./HAL/st7735.o
 .text.ST7735_WriteString
                0x0000000008003cda       0x94 ./HAL/st7735.o
                0x0000000008003cda                ST7735_WriteString
 *fill*         0x0000000008003d6e        0x2 
 .text.ST7735_FillRectangle
                0x0000000008003d70       0xe4 ./HAL/st7735.o
                0x0000000008003d70                ST7735_FillRectangle
 .text.ST7735_FillScreen
                0x0000000008003e54       0x22 ./HAL/st7735.o
                0x0000000008003e54                ST7735_FillScreen
 *fill*         0x0000000008003e76        0x2 
 .text.getTrackName
                0x0000000008003e78       0x20 ./Src/main.o
                0x0000000008003e78                getTrackName
 .text.main     0x0000000008003e98      0x23c ./Src/main.o
                0x0000000008003e98                main
 .text.vUpdate_Screen_Handler
                0x00000000080040d4      0x464 ./Src/main.o
                0x00000000080040d4                vUpdate_Screen_Handler
 .text.vMP3_Player_Handler
                0x0000000008004538      0x148 ./Src/main.o
                0x0000000008004538                vMP3_Player_Handler
 .text.vButton_Handler
                0x0000000008004680      0x188 ./Src/main.o
                0x0000000008004680                vButton_Handler
 .text._sbrk    0x0000000008004808       0x6c ./Src/sysmem.o
                0x0000000008004808                _sbrk
 .text.Reset_Handler
                0x0000000008004874       0x50 ./Startup/startup_stm32f103c8tx.o
                0x0000000008004874                Reset_Handler
 .text.Default_Handler
                0x00000000080048c4        0x2 ./Startup/startup_stm32f103c8tx.o
                0x00000000080048c4                TIM8_TRG_COM_IRQHandler
                0x00000000080048c4                TIM8_CC_IRQHandler
                0x00000000080048c4                DebugMon_Handler
                0x00000000080048c4                TIM1_CC_IRQHandler
                0x00000000080048c4                HardFault_Handler
                0x00000000080048c4                TIM6_IRQHandler
                0x00000000080048c4                PVD_IRQHandler
                0x00000000080048c4                SDIO_IRQHandler
                0x00000000080048c4                NMI_Handler
                0x00000000080048c4                USB_HP_CAN_TX_IRQHandler
                0x00000000080048c4                I2C2_EV_IRQHandler
                0x00000000080048c4                UsageFault_Handler
                0x00000000080048c4                ADC1_2_IRQHandler
                0x00000000080048c4                CAN_SCE_IRQHandler
                0x00000000080048c4                TAMPER_IRQHandler
                0x00000000080048c4                TIM8_UP_IRQHandler
                0x00000000080048c4                DMA2_Channel2_IRQHandler
                0x00000000080048c4                DMA1_Channel4_IRQHandler
                0x00000000080048c4                RTC_IRQHandler
                0x00000000080048c4                DMA1_Channel7_IRQHandler
                0x00000000080048c4                UART5_IRQHandler
                0x00000000080048c4                ADC3_IRQHandler
                0x00000000080048c4                TIM4_IRQHandler
                0x00000000080048c4                CAN_RX1_IRQHandler
                0x00000000080048c4                DMA2_Channel1_IRQHandler
                0x00000000080048c4                I2C1_EV_IRQHandler
                0x00000000080048c4                DMA1_Channel6_IRQHandler
                0x00000000080048c4                UART4_IRQHandler
                0x00000000080048c4                TIM3_IRQHandler
                0x00000000080048c4                RCC_IRQHandler
                0x00000000080048c4                TIM1_TRG_COM_IRQHandler
                0x00000000080048c4                DMA1_Channel1_IRQHandler
                0x00000000080048c4                Default_Handler
                0x00000000080048c4                TIM7_IRQHandler
                0x00000000080048c4                TIM5_IRQHandler
                0x00000000080048c4                USB_LP_CAN_RX0_IRQHandler
                0x00000000080048c4                MemManage_Handler
                0x00000000080048c4                DMA1_Channel5_IRQHandler
                0x00000000080048c4                DMA1_Channel3_IRQHandler
                0x00000000080048c4                FSMC_IRQHandler
                0x00000000080048c4                TIM1_UP_IRQHandler
                0x00000000080048c4                WWDG_IRQHandler
                0x00000000080048c4                TIM1_BRK_IRQHandler
                0x00000000080048c4                RTCAlarm_IRQHandler
                0x00000000080048c4                DMA2_Channel4_5_IRQHandler
                0x00000000080048c4                I2C2_ER_IRQHandler
                0x00000000080048c4                DMA1_Channel2_IRQHandler
                0x00000000080048c4                TIM8_BRK_IRQHandler
                0x00000000080048c4                FLASH_IRQHandler
                0x00000000080048c4                BusFault_Handler
                0x00000000080048c4                SPI3_IRQHandler
                0x00000000080048c4                I2C1_ER_IRQHandler
                0x00000000080048c4                DMA2_Channel3_IRQHandler
 *fill*         0x00000000080048c6        0x2 
 .text.sbrk_aligned
                0x00000000080048c8       0x40 C:/ST/STM32CubeIDE_1.13.0/STM32CubeIDE/plugins/com.st.stm32cube.ide.mcu.externaltools.gnu-tools-for-stm32.11.3.rel1.win32_1.1.0.202305231506/tools/bin/../lib/gcc/arm-none-eabi/11.3.1/../../../../arm-none-eabi/lib/thumb/v7-m/nofp\libc_nano.a(libc_a-mallocr.o)
 .text._malloc_r
                0x0000000008004908      0x100 C:/ST/STM32CubeIDE_1.13.0/STM32CubeIDE/plugins/com.st.stm32cube.ide.mcu.externaltools.gnu-tools-for-stm32.11.3.rel1.win32_1.1.0.202305231506/tools/bin/../lib/gcc/arm-none-eabi/11.3.1/../../../../arm-none-eabi/lib/thumb/v7-m/nofp\libc_nano.a(libc_a-mallocr.o)
                0x0000000008004908                _malloc_r
 .text.__malloc_lock
                0x0000000008004a08        0xc C:/ST/STM32CubeIDE_1.13.0/STM32CubeIDE/plugins/com.st.stm32cube.ide.mcu.externaltools.gnu-tools-for-stm32.11.3.rel1.win32_1.1.0.202305231506/tools/bin/../lib/gcc/arm-none-eabi/11.3.1/../../../../arm-none-eabi/lib/thumb/v7-m/nofp\libc_nano.a(libc_a-mlock.o)
                0x0000000008004a08                __malloc_lock
 .text.__malloc_unlock
                0x0000000008004a14        0xc C:/ST/STM32CubeIDE_1.13.0/STM32CubeIDE/plugins/com.st.stm32cube.ide.mcu.externaltools.gnu-tools-for-stm32.11.3.rel1.win32_1.1.0.202305231506/tools/bin/../lib/gcc/arm-none-eabi/11.3.1/../../../../arm-none-eabi/lib/thumb/v7-m/nofp\libc_nano.a(libc_a-mlock.o)
                0x0000000008004a14                __malloc_unlock
 .text.snprintf
                0x0000000008004a20       0x68 C:/ST/STM32CubeIDE_1.13.0/STM32CubeIDE/plugins/com.st.stm32cube.ide.mcu.externaltools.gnu-tools-for-stm32.11.3.rel1.win32_1.1.0.202305231506/tools/bin/../lib/gcc/arm-none-eabi/11.3.1/../../../../arm-none-eabi/lib/thumb/v7-m/nofp\libc_nano.a(libc_a-snprintf.o)
                0x0000000008004a20                sniprintf
                0x0000000008004a20                snprintf
 .text.memset   0x0000000008004a88       0x10 C:/ST/STM32CubeIDE_1.13.0/STM32CubeIDE/plugins/com.st.stm32cube.ide.mcu.externaltools.gnu-tools-for-stm32.11.3.rel1.win32_1.1.0.202305231506/tools/bin/../lib/gcc/arm-none-eabi/11.3.1/../../../../arm-none-eabi/lib/thumb/v7-m/nofp\libc_nano.a(libc_a-memset.o)
                0x0000000008004a88                memset
 .text._sbrk_r  0x0000000008004a98       0x20 C:/ST/STM32CubeIDE_1.13.0/STM32CubeIDE/plugins/com.st.stm32cube.ide.mcu.externaltools.gnu-tools-for-stm32.11.3.rel1.win32_1.1.0.202305231506/tools/bin/../lib/gcc/arm-none-eabi/11.3.1/../../../../arm-none-eabi/lib/thumb/v7-m/nofp\libc_nano.a(libc_a-sbrkr.o)
                0x0000000008004a98                _sbrk_r
 .text.__errno  0x0000000008004ab8        0xc C:/ST/STM32CubeIDE_1.13.0/STM32CubeIDE/plugins/com.st.stm32cube.ide.mcu.externaltools.gnu-tools-for-stm32.11.3.rel1.win32_1.1.0.202305231506/tools/bin/../lib/gcc/arm-none-eabi/11.3.1/../../../../arm-none-eabi/lib/thumb/v7-m/nofp\libc_nano.a(libc_a-errno.o)
                0x0000000008004ab8                __errno
 .text.__libc_init_array
                0x0000000008004ac4       0x48 C:/ST/STM32CubeIDE_1.13.0/STM32CubeIDE/plugins/com.st.stm32cube.ide.mcu.externaltools.gnu-tools-for-stm32.11.3.rel1.win32_1.1.0.202305231506/tools/bin/../lib/gcc/arm-none-eabi/11.3.1/../../../../arm-none-eabi/lib/thumb/v7-m/nofp\libc_nano.a(libc_a-init.o)
                0x0000000008004ac4                __libc_init_array
 .text.__retarget_lock_acquire_recursive
                0x0000000008004b0c        0x2 C:/ST/STM32CubeIDE_1.13.0/STM32CubeIDE/plugins/com.st.stm32cube.ide.mcu.externaltools.gnu-tools-for-stm32.11.3.rel1.win32_1.1.0.202305231506/tools/bin/../lib/gcc/arm-none-eabi/11.3.1/../../../../arm-none-eabi/lib/thumb/v7-m/nofp\libc_nano.a(libc_a-lock.o)
                0x0000000008004b0c                __retarget_lock_acquire_recursive
 .text.__retarget_lock_release_recursive
                0x0000000008004b0e        0x2 C:/ST/STM32CubeIDE_1.13.0/STM32CubeIDE/plugins/com.st.stm32cube.ide.mcu.externaltools.gnu-tools-for-stm32.11.3.rel1.win32_1.1.0.202305231506/tools/bin/../lib/gcc/arm-none-eabi/11.3.1/../../../../arm-none-eabi/lib/thumb/v7-m/nofp\libc_nano.a(libc_a-lock.o)
                0x0000000008004b0e                __retarget_lock_release_recursive
 .text.memcpy   0x0000000008004b10       0x1c C:/ST/STM32CubeIDE_1.13.0/STM32CubeIDE/plugins/com.st.stm32cube.ide.mcu.externaltools.gnu-tools-for-stm32.11.3.rel1.win32_1.1.0.202305231506/tools/bin/../lib/gcc/arm-none-eabi/11.3.1/../../../../arm-none-eabi/lib/thumb/v7-m/nofp\libc_nano.a(libc_a-memcpy-stub.o)
                0x0000000008004b10                memcpy
 .text._free_r  0x0000000008004b2c       0x90 C:/ST/STM32CubeIDE_1.13.0/STM32CubeIDE/plugins/com.st.stm32cube.ide.mcu.externaltools.gnu-tools-for-stm32.11.3.rel1.win32_1.1.0.202305231506/tools/bin/../lib/gcc/arm-none-eabi/11.3.1/../../../../arm-none-eabi/lib/thumb/v7-m/nofp\libc_nano.a(libc_a-freer.o)
                0x0000000008004b2c                _free_r
 .text.__ssputs_r
                0x0000000008004bbc       0xb4 C:/ST/STM32CubeIDE_1.13.0/STM32CubeIDE/plugins/com.st.stm32cube.ide.mcu.externaltools.gnu-tools-for-stm32.11.3.rel1.win32_1.1.0.202305231506/tools/bin/../lib/gcc/arm-none-eabi/11.3.1/../../../../arm-none-eabi/lib/thumb/v7-m/nofp\libc_nano.a(libc_a-nano-svfprintf.o)
                0x0000000008004bbc                __ssputs_r
 .text._svfprintf_r
                0x0000000008004c70      0x1fc C:/ST/STM32CubeIDE_1.13.0/STM32CubeIDE/plugins/com.st.stm32cube.ide.mcu.externaltools.gnu-tools-for-stm32.11.3.rel1.win32_1.1.0.202305231506/tools/bin/../lib/gcc/arm-none-eabi/11.3.1/../../../../arm-none-eabi/lib/thumb/v7-m/nofp\libc_nano.a(libc_a-nano-svfprintf.o)
                0x0000000008004c70                _svfiprintf_r
                0x0000000008004c70                _svfprintf_r
 .text._printf_common
                0x0000000008004e6c       0xe4 C:/ST/STM32CubeIDE_1.13.0/STM32CubeIDE/plugins/com.st.stm32cube.ide.mcu.externaltools.gnu-tools-for-stm32.11.3.rel1.win32_1.1.0.202305231506/tools/bin/../lib/gcc/arm-none-eabi/11.3.1/../../../../arm-none-eabi/lib/thumb/v7-m/nofp\libc_nano.a(libc_a-nano-vfprintf_i.o)
                0x0000000008004e6c                _printf_common
 .text._printf_i
                0x0000000008004f50      0x244 C:/ST/STM32CubeIDE_1.13.0/STM32CubeIDE/plugins/com.st.stm32cube.ide.mcu.externaltools.gnu-tools-for-stm32.11.3.rel1.win32_1.1.0.202305231506/tools/bin/../lib/gcc/arm-none-eabi/11.3.1/../../../../arm-none-eabi/lib/thumb/v7-m/nofp\libc_nano.a(libc_a-nano-vfprintf_i.o)
                0x0000000008004f50                _printf_i
 .text.memmove  0x0000000008005194       0x34 C:/ST/STM32CubeIDE_1.13.0/STM32CubeIDE/plugins/com.st.stm32cube.ide.mcu.externaltools.gnu-tools-for-stm32.11.3.rel1.win32_1.1.0.202305231506/tools/bin/../lib/gcc/arm-none-eabi/11.3.1/../../../../arm-none-eabi/lib/thumb/v7-m/nofp\libc_nano.a(libc_a-memmove.o)
                0x0000000008005194                memmove
 .text.memchr   0x00000000080051c8       0x1c C:/ST/STM32CubeIDE_1.13.0/STM32CubeIDE/plugins/com.st.stm32cube.ide.mcu.externaltools.gnu-tools-for-stm32.11.3.rel1.win32_1.1.0.202305231506/tools/bin/../lib/gcc/arm-none-eabi/11.3.1/../../../../arm-none-eabi/lib/thumb/v7-m/nofp\libc_nano.a(libc_a-memchr-stub.o)
                0x00000000080051c8                memchr
 .text._realloc_r
                0x00000000080051e4       0x5e C:/ST/STM32CubeIDE_1.13.0/STM32CubeIDE/plugins/com.st.stm32cube.ide.mcu.externaltools.gnu-tools-for-stm32.11.3.rel1.win32_1.1.0.202305231506/tools/bin/../lib/gcc/arm-none-eabi/11.3.1/../../../../arm-none-eabi/lib/thumb/v7-m/nofp\libc_nano.a(libc_a-reallocr.o)
                0x00000000080051e4                _realloc_r
 .text._malloc_usable_size_r
                0x0000000008005242       0x10 C:/ST/STM32CubeIDE_1.13.0/STM32CubeIDE/plugins/com.st.stm32cube.ide.mcu.externaltools.gnu-tools-for-stm32.11.3.rel1.win32_1.1.0.202305231506/tools/bin/../lib/gcc/arm-none-eabi/11.3.1/../../../../arm-none-eabi/lib/thumb/v7-m/nofp\libc_nano.a(libc_a-msizer.o)
                0x0000000008005242                _malloc_usable_size_r
 *(.glue_7)
 .glue_7        0x0000000008005252        0x0 linker stubs
 *(.glue_7t)
 .glue_7t       0x0000000008005252        0x0 linker stubs
 *(.eh_frame)
 *fill*         0x0000000008005252        0x2 
 .eh_frame      0x0000000008005254        0x0 C:/ST/STM32CubeIDE_1.13.0/STM32CubeIDE/plugins/com.st.stm32cube.ide.mcu.externaltools.gnu-tools-for-stm32.11.3.rel1.win32_1.1.0.202305231506/tools/bin/../lib/gcc/arm-none-eabi/11.3.1/thumb/v7-m/nofp/crtbegin.o
 *(.init)
 .init          0x0000000008005254        0x4 C:/ST/STM32CubeIDE_1.13.0/STM32CubeIDE/plugins/com.st.stm32cube.ide.mcu.externaltools.gnu-tools-for-stm32.11.3.rel1.win32_1.1.0.202305231506/tools/bin/../lib/gcc/arm-none-eabi/11.3.1/thumb/v7-m/nofp/crti.o
                0x0000000008005254                _init
 .init          0x0000000008005258        0x8 C:/ST/STM32CubeIDE_1.13.0/STM32CubeIDE/plugins/com.st.stm32cube.ide.mcu.externaltools.gnu-tools-for-stm32.11.3.rel1.win32_1.1.0.202305231506/tools/bin/../lib/gcc/arm-none-eabi/11.3.1/thumb/v7-m/nofp/crtn.o
 *(.fini)
 .fini          0x0000000008005260        0x4 C:/ST/STM32CubeIDE_1.13.0/STM32CubeIDE/plugins/com.st.stm32cube.ide.mcu.externaltools.gnu-tools-for-stm32.11.3.rel1.win32_1.1.0.202305231506/tools/bin/../lib/gcc/arm-none-eabi/11.3.1/thumb/v7-m/nofp/crti.o
                0x0000000008005260                _fini
 .fini          0x0000000008005264        0x8 C:/ST/STM32CubeIDE_1.13.0/STM32CubeIDE/plugins/com.st.stm32cube.ide.mcu.externaltools.gnu-tools-for-stm32.11.3.rel1.win32_1.1.0.202305231506/tools/bin/../lib/gcc/arm-none-eabi/11.3.1/thumb/v7-m/nofp/crtn.o
                0x000000000800526c                . = ALIGN (0x4)
                0x000000000800526c                _etext = .

.vfp11_veneer   0x000000000800526c        0x0
 .vfp11_veneer  0x000000000800526c        0x0 linker stubs

.v4_bx          0x000000000800526c        0x0
 .v4_bx         0x000000000800526c        0x0 linker stubs

.iplt           0x000000000800526c        0x0
 .iplt          0x000000000800526c        0x0 C:/ST/STM32CubeIDE_1.13.0/STM32CubeIDE/plugins/com.st.stm32cube.ide.mcu.externaltools.gnu-tools-for-stm32.11.3.rel1.win32_1.1.0.202305231506/tools/bin/../lib/gcc/arm-none-eabi/11.3.1/thumb/v7-m/nofp/crtbegin.o

.rodata         0x000000000800526c      0xe7c
                0x000000000800526c                . = ALIGN (0x4)
 *(.rodata)
 .rodata        0x000000000800526c        0x5 ./FreeRTOS/tasks.o
 *fill*         0x0000000008005271        0x3 
 .rodata        0x0000000008005274       0x6b ./Src/main.o
 *(.rodata*)
 *fill*         0x00000000080052df        0x1 
 .rodata.Font11x18
                0x00000000080052e0      0xd5c ./HAL/fonts.o
 .rodata.init_cmds1
                0x000000000800603c       0x3b ./HAL/st7735.o
 *fill*         0x0000000008006077        0x1 
 .rodata.init_cmds2
                0x0000000008006078        0xd ./HAL/st7735.o
 *fill*         0x0000000008006085        0x3 
 .rodata.init_cmds3
                0x0000000008006088       0x2b ./HAL/st7735.o
 .rodata._svfprintf_r.str1.1
                0x00000000080060b3       0x11 C:/ST/STM32CubeIDE_1.13.0/STM32CubeIDE/plugins/com.st.stm32cube.ide.mcu.externaltools.gnu-tools-for-stm32.11.3.rel1.win32_1.1.0.202305231506/tools/bin/../lib/gcc/arm-none-eabi/11.3.1/../../../../arm-none-eabi/lib/thumb/v7-m/nofp\libc_nano.a(libc_a-nano-svfprintf.o)
 .rodata._printf_i.str1.1
                0x00000000080060c4       0x22 C:/ST/STM32CubeIDE_1.13.0/STM32CubeIDE/plugins/com.st.stm32cube.ide.mcu.externaltools.gnu-tools-for-stm32.11.3.rel1.win32_1.1.0.202305231506/tools/bin/../lib/gcc/arm-none-eabi/11.3.1/../../../../arm-none-eabi/lib/thumb/v7-m/nofp\libc_nano.a(libc_a-nano-vfprintf_i.o)
                0x00000000080060e8                . = ALIGN (0x4)
 *fill*         0x00000000080060e6        0x2 

.rel.dyn        0x00000000080060e8        0x0
 .rel.iplt      0x00000000080060e8        0x0 C:/ST/STM32CubeIDE_1.13.0/STM32CubeIDE/plugins/com.st.stm32cube.ide.mcu.externaltools.gnu-tools-for-stm32.11.3.rel1.win32_1.1.0.202305231506/tools/bin/../lib/gcc/arm-none-eabi/11.3.1/thumb/v7-m/nofp/crtbegin.o

.ARM.extab      0x00000000080060e8        0x0
                0x00000000080060e8                . = ALIGN (0x4)
 *(.ARM.extab* .gnu.linkonce.armextab.*)
                0x00000000080060e8                . = ALIGN (0x4)

.ARM            0x00000000080060e8        0x0
                0x00000000080060e8                . = ALIGN (0x4)
                0x00000000080060e8                __exidx_start = .
 *(.ARM.exidx*)
                0x00000000080060e8                __exidx_end = .
                0x00000000080060e8                . = ALIGN (0x4)

.preinit_array  0x00000000080060e8        0x0
                0x00000000080060e8                . = ALIGN (0x4)
                0x00000000080060e8                PROVIDE (__preinit_array_start = .)
 *(.preinit_array*)
                0x00000000080060e8                PROVIDE (__preinit_array_end = .)
                0x00000000080060e8                . = ALIGN (0x4)

.init_array     0x00000000080060e8        0x4
                0x00000000080060e8                . = ALIGN (0x4)
                0x00000000080060e8                PROVIDE (__init_array_start = .)
 *(SORT_BY_NAME(.init_array.*))
 *(.init_array*)
 .init_array    0x00000000080060e8        0x4 C:/ST/STM32CubeIDE_1.13.0/STM32CubeIDE/plugins/com.st.stm32cube.ide.mcu.externaltools.gnu-tools-for-stm32.11.3.rel1.win32_1.1.0.202305231506/tools/bin/../lib/gcc/arm-none-eabi/11.3.1/thumb/v7-m/nofp/crtbegin.o
                0x00000000080060ec                PROVIDE (__init_array_end = .)
                0x00000000080060ec                . = ALIGN (0x4)

.fini_array     0x00000000080060ec        0x4
                0x00000000080060ec                . = ALIGN (0x4)
                [!provide]                        PROVIDE (__fini_array_start = .)
 *(SORT_BY_NAME(.fini_array.*))
 *(.fini_array*)
 .fini_array    0x00000000080060ec        0x4 C:/ST/STM32CubeIDE_1.13.0/STM32CubeIDE/plugins/com.st.stm32cube.ide.mcu.externaltools.gnu-tools-for-stm32.11.3.rel1.win32_1.1.0.202305231506/tools/bin/../lib/gcc/arm-none-eabi/11.3.1/thumb/v7-m/nofp/crtbegin.o
                [!provide]                        PROVIDE (__fini_array_end = .)
                0x00000000080060f0                . = ALIGN (0x4)
                0x00000000080060f0                _sidata = LOADADDR (.data)

.data           0x0000000020000000       0x74 load address 0x00000000080060f0
                0x0000000020000000                . = ALIGN (0x4)
                0x0000000020000000                _sdata = .
 *(.data)
 *(.data*)
 .data.uxTopUsedPriority
                0x0000000020000000        0x4 ./FreeRTOS/tasks.o
                0x0000000020000000                uxTopUsedPriority
 .data.uxCriticalNesting
                0x0000000020000004        0x4 ./FreeRTOS/portable/GCC/ARM_CM3/port.o
 .data.Font_11x18
                0x0000000020000008        0x8 ./HAL/fonts.o
                0x0000000020000008                Font_11x18
 .data.Vol_Counter
                0x0000000020000010        0x1 ./Src/main.o
                0x0000000020000010                Vol_Counter
 *fill*         0x0000000020000011        0x3 
 .data.trackNames
                0x0000000020000014       0x10 ./Src/main.o
                0x0000000020000014                trackNames
 .data._impure_data
                0x0000000020000024       0x4c C:/ST/STM32CubeIDE_1.13.0/STM32CubeIDE/plugins/com.st.stm32cube.ide.mcu.externaltools.gnu-tools-for-stm32.11.3.rel1.win32_1.1.0.202305231506/tools/bin/../lib/gcc/arm-none-eabi/11.3.1/../../../../arm-none-eabi/lib/thumb/v7-m/nofp\libc_nano.a(libc_a-impure.o)
                0x0000000020000024                _impure_data
 .data._impure_ptr
                0x0000000020000070        0x4 C:/ST/STM32CubeIDE_1.13.0/STM32CubeIDE/plugins/com.st.stm32cube.ide.mcu.externaltools.gnu-tools-for-stm32.11.3.rel1.win32_1.1.0.202305231506/tools/bin/../lib/gcc/arm-none-eabi/11.3.1/../../../../arm-none-eabi/lib/thumb/v7-m/nofp\libc_nano.a(libc_a-impure.o)
                0x0000000020000070                _impure_ptr
 *(.RamFunc)
 *(.RamFunc*)
                0x0000000020000074                . = ALIGN (0x4)
                0x0000000020000074                _edata = .

.igot.plt       0x0000000020000074        0x0 load address 0x0000000008006164
 .igot.plt      0x0000000020000074        0x0 C:/ST/STM32CubeIDE_1.13.0/STM32CubeIDE/plugins/com.st.stm32cube.ide.mcu.externaltools.gnu-tools-for-stm32.11.3.rel1.win32_1.1.0.202305231506/tools/bin/../lib/gcc/arm-none-eabi/11.3.1/thumb/v7-m/nofp/crtbegin.o
                0x0000000020000074                . = ALIGN (0x4)

.bss            0x0000000020000074     0x46f8 load address 0x0000000008006164
                0x0000000020000074                _sbss = .
                0x0000000020000074                __bss_start__ = _sbss
 *(.bss)
 .bss           0x0000000020000074       0x1c C:/ST/STM32CubeIDE_1.13.0/STM32CubeIDE/plugins/com.st.stm32cube.ide.mcu.externaltools.gnu-tools-for-stm32.11.3.rel1.win32_1.1.0.202305231506/tools/bin/../lib/gcc/arm-none-eabi/11.3.1/thumb/v7-m/nofp/crtbegin.o
 *(.bss*)
 .bss.GP_IRQ_Callback
                0x0000000020000090       0x3c ./Drivers/EXTI.o
                0x0000000020000090                GP_IRQ_Callback
 .bss.Global_SPI_CFG
                0x00000000200000cc        0x8 ./Drivers/SPI.o
                0x00000000200000cc                Global_SPI_CFG
 .bss.elapsed_ms
                0x00000000200000d4        0x4 ./Drivers/Ticker.o
 .bss.Global_USART_Config
                0x00000000200000d8        0xc ./Drivers/USART.o
                0x00000000200000d8                Global_USART_Config
 .bss.pxCurrentTCB
                0x00000000200000e4        0x4 ./FreeRTOS/tasks.o
                0x00000000200000e4                pxCurrentTCB
 .bss.pxReadyTasksLists
                0x00000000200000e8       0x64 ./FreeRTOS/tasks.o
 .bss.xDelayedTaskList1
                0x000000002000014c       0x14 ./FreeRTOS/tasks.o
 .bss.xDelayedTaskList2
                0x0000000020000160       0x14 ./FreeRTOS/tasks.o
 .bss.pxDelayedTaskList
                0x0000000020000174        0x4 ./FreeRTOS/tasks.o
 .bss.pxOverflowDelayedTaskList
                0x0000000020000178        0x4 ./FreeRTOS/tasks.o
 .bss.xPendingReadyList
                0x000000002000017c       0x14 ./FreeRTOS/tasks.o
 .bss.xTasksWaitingTermination
                0x0000000020000190       0x14 ./FreeRTOS/tasks.o
 .bss.uxDeletedTasksWaitingCleanUp
                0x00000000200001a4        0x4 ./FreeRTOS/tasks.o
 .bss.xSuspendedTaskList
                0x00000000200001a8       0x14 ./FreeRTOS/tasks.o
 .bss.uxCurrentNumberOfTasks
                0x00000000200001bc        0x4 ./FreeRTOS/tasks.o
 .bss.xTickCount
                0x00000000200001c0        0x4 ./FreeRTOS/tasks.o
 .bss.uxTopReadyPriority
                0x00000000200001c4        0x4 ./FreeRTOS/tasks.o
 .bss.xSchedulerRunning
                0x00000000200001c8        0x4 ./FreeRTOS/tasks.o
 .bss.xPendedTicks
                0x00000000200001cc        0x4 ./FreeRTOS/tasks.o
 .bss.xYieldPending
                0x00000000200001d0        0x4 ./FreeRTOS/tasks.o
 .bss.xNumOfOverflows
                0x00000000200001d4        0x4 ./FreeRTOS/tasks.o
 .bss.uxTaskNumber
                0x00000000200001d8        0x4 ./FreeRTOS/tasks.o
 .bss.xNextTaskUnblockTime
                0x00000000200001dc        0x4 ./FreeRTOS/tasks.o
 .bss.xIdleTaskHandle
                0x00000000200001e0        0x4 ./FreeRTOS/tasks.o
 .bss.uxSchedulerSuspended
                0x00000000200001e4        0x4 ./FreeRTOS/tasks.o
 .bss.ucHeap    0x00000000200001e8     0x4400 ./FreeRTOS/portable/MemMang/heap_4.o
 .bss.xStart    0x00000000200045e8        0x8 ./FreeRTOS/portable/MemMang/heap_4.o
 .bss.pxEnd     0x00000000200045f0        0x4 ./FreeRTOS/portable/MemMang/heap_4.o
 .bss.xFreeBytesRemaining
                0x00000000200045f4        0x4 ./FreeRTOS/portable/MemMang/heap_4.o
 .bss.xMinimumEverFreeBytesRemaining
                0x00000000200045f8        0x4 ./FreeRTOS/portable/MemMang/heap_4.o
 .bss.xNumberOfSuccessfulAllocations
                0x00000000200045fc        0x4 ./FreeRTOS/portable/MemMang/heap_4.o
 .bss.xNumberOfSuccessfulFrees
                0x0000000020004600        0x4 ./FreeRTOS/portable/MemMang/heap_4.o
 .bss.xBlockAllocatedBit
                0x0000000020004604        0x4 ./FreeRTOS/portable/MemMang/heap_4.o
 .bss.Menu_Counter
                0x0000000020004608        0x1 ./Src/main.o
                0x0000000020004608                Menu_Counter
 .bss.Track_Counter
                0x0000000020004609        0x1 ./Src/main.o
                0x0000000020004609                Track_Counter
 .bss.BSY       0x000000002000460a        0x1 ./Src/main.o
                0x000000002000460a                BSY
 *fill*         0x000000002000460b        0x1 
 .bss.xUpdate_Screen_Handle
                0x000000002000460c        0x4 ./Src/main.o
                0x000000002000460c                xUpdate_Screen_Handle
 .bss.xMP3_Player_Handle
                0x0000000020004610        0x4 ./Src/main.o
                0x0000000020004610                xMP3_Player_Handle
 .bss.xButton_Handle
                0x0000000020004614        0x4 ./Src/main.o
                0x0000000020004614                xButton_Handle
 .bss.buttonEventGroup
                0x0000000020004618        0x4 ./Src/main.o
                0x0000000020004618                buttonEventGroup
 .bss.buttonEventGroup_M
                0x000000002000461c        0x4 ./Src/main.o
                0x000000002000461c                buttonEventGroup_M
 .bss.__sbrk_heap_end
                0x0000000020004620        0x4 ./Src/sysmem.o
 .bss.__malloc_free_list
                0x0000000020004624        0x4 C:/ST/STM32CubeIDE_1.13.0/STM32CubeIDE/plugins/com.st.stm32cube.ide.mcu.externaltools.gnu-tools-for-stm32.11.3.rel1.win32_1.1.0.202305231506/tools/bin/../lib/gcc/arm-none-eabi/11.3.1/../../../../arm-none-eabi/lib/thumb/v7-m/nofp\libc_nano.a(libc_a-mallocr.o)
                0x0000000020004624                __malloc_free_list
 .bss.__malloc_sbrk_start
                0x0000000020004628        0x4 C:/ST/STM32CubeIDE_1.13.0/STM32CubeIDE/plugins/com.st.stm32cube.ide.mcu.externaltools.gnu-tools-for-stm32.11.3.rel1.win32_1.1.0.202305231506/tools/bin/../lib/gcc/arm-none-eabi/11.3.1/../../../../arm-none-eabi/lib/thumb/v7-m/nofp\libc_nano.a(libc_a-mallocr.o)
                0x0000000020004628                __malloc_sbrk_start
 .bss.__sf      0x000000002000462c      0x138 C:/ST/STM32CubeIDE_1.13.0/STM32CubeIDE/plugins/com.st.stm32cube.ide.mcu.externaltools.gnu-tools-for-stm32.11.3.rel1.win32_1.1.0.202305231506/tools/bin/../lib/gcc/arm-none-eabi/11.3.1/../../../../arm-none-eabi/lib/thumb/v7-m/nofp\libc_nano.a(libc_a-findfp.o)
                0x000000002000462c                __sf
 .bss.errno     0x0000000020004764        0x4 C:/ST/STM32CubeIDE_1.13.0/STM32CubeIDE/plugins/com.st.stm32cube.ide.mcu.externaltools.gnu-tools-for-stm32.11.3.rel1.win32_1.1.0.202305231506/tools/bin/../lib/gcc/arm-none-eabi/11.3.1/../../../../arm-none-eabi/lib/thumb/v7-m/nofp\libc_nano.a(libc_a-reent.o)
                0x0000000020004764                errno
 .bss.__lock___malloc_recursive_mutex
                0x0000000020004768        0x1 C:/ST/STM32CubeIDE_1.13.0/STM32CubeIDE/plugins/com.st.stm32cube.ide.mcu.externaltools.gnu-tools-for-stm32.11.3.rel1.win32_1.1.0.202305231506/tools/bin/../lib/gcc/arm-none-eabi/11.3.1/../../../../arm-none-eabi/lib/thumb/v7-m/nofp\libc_nano.a(libc_a-lock.o)
                0x0000000020004768                __lock___malloc_recursive_mutex
 *(COMMON)
                0x000000002000476c                . = ALIGN (0x4)
 *fill*         0x0000000020004769        0x3 
                0x000000002000476c                _ebss = .
                0x000000002000476c                __bss_end__ = _ebss

._user_heap_stack
                0x000000002000476c      0x604 load address 0x0000000008006164
                0x0000000020004770                . = ALIGN (0x8)
 *fill*         0x000000002000476c        0x4 
                [!provide]                        PROVIDE (end = .)
                0x0000000020004770                PROVIDE (_end = .)
                0x0000000020004970                . = (. + _Min_Heap_Size)
 *fill*         0x0000000020004770      0x200 
                0x0000000020004d70                . = (. + _Min_Stack_Size)
 *fill*         0x0000000020004970      0x400 
                0x0000000020004d70                . = ALIGN (0x8)

/DISCARD/
 libc.a(*)
 libm.a(*)
 libgcc.a(*)

.ARM.attributes
                0x0000000000000000       0x29
 *(.ARM.attributes)
 .ARM.attributes
                0x0000000000000000       0x1d C:/ST/STM32CubeIDE_1.13.0/STM32CubeIDE/plugins/com.st.stm32cube.ide.mcu.externaltools.gnu-tools-for-stm32.11.3.rel1.win32_1.1.0.202305231506/tools/bin/../lib/gcc/arm-none-eabi/11.3.1/thumb/v7-m/nofp/crti.o
 .ARM.attributes
                0x000000000000001d       0x2d C:/ST/STM32CubeIDE_1.13.0/STM32CubeIDE/plugins/com.st.stm32cube.ide.mcu.externaltools.gnu-tools-for-stm32.11.3.rel1.win32_1.1.0.202305231506/tools/bin/../lib/gcc/arm-none-eabi/11.3.1/thumb/v7-m/nofp/crtbegin.o
 .ARM.attributes
                0x000000000000004a       0x2d ./Drivers/EXTI.o
 .ARM.attributes
                0x0000000000000077       0x2d ./Drivers/GPIO.o
 .ARM.attributes
                0x00000000000000a4       0x2d ./Drivers/RCC_program.o
 .ARM.attributes
                0x00000000000000d1       0x2d ./Drivers/SPI.o
 .ARM.attributes
                0x00000000000000fe       0x2d ./Drivers/STK_program.o
 .ARM.attributes
                0x000000000000012b       0x2d ./Drivers/Ticker.o
 .ARM.attributes
                0x0000000000000158       0x2d ./Drivers/USART.o
 .ARM.attributes
                0x0000000000000185       0x2d ./FreeRTOS/event_groups.o
 .ARM.attributes
                0x00000000000001b2       0x2d ./FreeRTOS/list.o
 .ARM.attributes
                0x00000000000001df       0x2d ./FreeRTOS/tasks.o
 .ARM.attributes
                0x000000000000020c       0x2d ./FreeRTOS/portable/GCC/ARM_CM3/port.o
 .ARM.attributes
                0x0000000000000239       0x2d ./FreeRTOS/portable/MemMang/heap_4.o
 .ARM.attributes
                0x0000000000000266       0x2d ./HAL/GFX_FUNCTIONS.o
 .ARM.attributes
                0x0000000000000293       0x2d ./HAL/MP3.o
 .ARM.attributes
                0x00000000000002c0       0x2d ./HAL/fonts.o
 .ARM.attributes
                0x00000000000002ed       0x2d ./HAL/st7735.o
 .ARM.attributes
                0x000000000000031a       0x2d ./Src/main.o
 .ARM.attributes
                0x0000000000000347       0x2d ./Src/sysmem.o
 .ARM.attributes
                0x0000000000000374       0x21 ./Startup/startup_stm32f103c8tx.o
 .ARM.attributes
                0x0000000000000395       0x2d C:/ST/STM32CubeIDE_1.13.0/STM32CubeIDE/plugins/com.st.stm32cube.ide.mcu.externaltools.gnu-tools-for-stm32.11.3.rel1.win32_1.1.0.202305231506/tools/bin/../lib/gcc/arm-none-eabi/11.3.1/../../../../arm-none-eabi/lib/thumb/v7-m/nofp\libc_nano.a(libc_a-mallocr.o)
 .ARM.attributes
                0x00000000000003c2       0x2d C:/ST/STM32CubeIDE_1.13.0/STM32CubeIDE/plugins/com.st.stm32cube.ide.mcu.externaltools.gnu-tools-for-stm32.11.3.rel1.win32_1.1.0.202305231506/tools/bin/../lib/gcc/arm-none-eabi/11.3.1/../../../../arm-none-eabi/lib/thumb/v7-m/nofp\libc_nano.a(libc_a-mlock.o)
 .ARM.attributes
                0x00000000000003ef       0x2d C:/ST/STM32CubeIDE_1.13.0/STM32CubeIDE/plugins/com.st.stm32cube.ide.mcu.externaltools.gnu-tools-for-stm32.11.3.rel1.win32_1.1.0.202305231506/tools/bin/../lib/gcc/arm-none-eabi/11.3.1/../../../../arm-none-eabi/lib/thumb/v7-m/nofp\libc_nano.a(libc_a-findfp.o)
 .ARM.attributes
                0x000000000000041c       0x2d C:/ST/STM32CubeIDE_1.13.0/STM32CubeIDE/plugins/com.st.stm32cube.ide.mcu.externaltools.gnu-tools-for-stm32.11.3.rel1.win32_1.1.0.202305231506/tools/bin/../lib/gcc/arm-none-eabi/11.3.1/../../../../arm-none-eabi/lib/thumb/v7-m/nofp\libc_nano.a(libc_a-snprintf.o)
 .ARM.attributes
                0x0000000000000449       0x2d C:/ST/STM32CubeIDE_1.13.0/STM32CubeIDE/plugins/com.st.stm32cube.ide.mcu.externaltools.gnu-tools-for-stm32.11.3.rel1.win32_1.1.0.202305231506/tools/bin/../lib/gcc/arm-none-eabi/11.3.1/../../../../arm-none-eabi/lib/thumb/v7-m/nofp\libc_nano.a(libc_a-memset.o)
 .ARM.attributes
                0x0000000000000476       0x2d C:/ST/STM32CubeIDE_1.13.0/STM32CubeIDE/plugins/com.st.stm32cube.ide.mcu.externaltools.gnu-tools-for-stm32.11.3.rel1.win32_1.1.0.202305231506/tools/bin/../lib/gcc/arm-none-eabi/11.3.1/../../../../arm-none-eabi/lib/thumb/v7-m/nofp\libc_nano.a(libc_a-reent.o)
 .ARM.attributes
                0x00000000000004a3       0x2d C:/ST/STM32CubeIDE_1.13.0/STM32CubeIDE/plugins/com.st.stm32cube.ide.mcu.externaltools.gnu-tools-for-stm32.11.3.rel1.win32_1.1.0.202305231506/tools/bin/../lib/gcc/arm-none-eabi/11.3.1/../../../../arm-none-eabi/lib/thumb/v7-m/nofp\libc_nano.a(libc_a-impure.o)
 .ARM.attributes
                0x00000000000004d0       0x2d C:/ST/STM32CubeIDE_1.13.0/STM32CubeIDE/plugins/com.st.stm32cube.ide.mcu.externaltools.gnu-tools-for-stm32.11.3.rel1.win32_1.1.0.202305231506/tools/bin/../lib/gcc/arm-none-eabi/11.3.1/../../../../arm-none-eabi/lib/thumb/v7-m/nofp\libc_nano.a(libc_a-sbrkr.o)
 .ARM.attributes
                0x00000000000004fd       0x2d C:/ST/STM32CubeIDE_1.13.0/STM32CubeIDE/plugins/com.st.stm32cube.ide.mcu.externaltools.gnu-tools-for-stm32.11.3.rel1.win32_1.1.0.202305231506/tools/bin/../lib/gcc/arm-none-eabi/11.3.1/../../../../arm-none-eabi/lib/thumb/v7-m/nofp\libc_nano.a(libc_a-errno.o)
 .ARM.attributes
                0x000000000000052a       0x2d C:/ST/STM32CubeIDE_1.13.0/STM32CubeIDE/plugins/com.st.stm32cube.ide.mcu.externaltools.gnu-tools-for-stm32.11.3.rel1.win32_1.1.0.202305231506/tools/bin/../lib/gcc/arm-none-eabi/11.3.1/../../../../arm-none-eabi/lib/thumb/v7-m/nofp\libc_nano.a(libc_a-init.o)
 .ARM.attributes
                0x0000000000000557       0x2d C:/ST/STM32CubeIDE_1.13.0/STM32CubeIDE/plugins/com.st.stm32cube.ide.mcu.externaltools.gnu-tools-for-stm32.11.3.rel1.win32_1.1.0.202305231506/tools/bin/../lib/gcc/arm-none-eabi/11.3.1/../../../../arm-none-eabi/lib/thumb/v7-m/nofp\libc_nano.a(libc_a-lock.o)
 .ARM.attributes
                0x0000000000000584       0x2d C:/ST/STM32CubeIDE_1.13.0/STM32CubeIDE/plugins/com.st.stm32cube.ide.mcu.externaltools.gnu-tools-for-stm32.11.3.rel1.win32_1.1.0.202305231506/tools/bin/../lib/gcc/arm-none-eabi/11.3.1/../../../../arm-none-eabi/lib/thumb/v7-m/nofp\libc_nano.a(libc_a-memcpy-stub.o)
 .ARM.attributes
                0x00000000000005b1       0x2d C:/ST/STM32CubeIDE_1.13.0/STM32CubeIDE/plugins/com.st.stm32cube.ide.mcu.externaltools.gnu-tools-for-stm32.11.3.rel1.win32_1.1.0.202305231506/tools/bin/../lib/gcc/arm-none-eabi/11.3.1/../../../../arm-none-eabi/lib/thumb/v7-m/nofp\libc_nano.a(libc_a-freer.o)
 .ARM.attributes
                0x00000000000005de       0x2d C:/ST/STM32CubeIDE_1.13.0/STM32CubeIDE/plugins/com.st.stm32cube.ide.mcu.externaltools.gnu-tools-for-stm32.11.3.rel1.win32_1.1.0.202305231506/tools/bin/../lib/gcc/arm-none-eabi/11.3.1/../../../../arm-none-eabi/lib/thumb/v7-m/nofp\libc_nano.a(libc_a-nano-svfprintf.o)
 .ARM.attributes
                0x000000000000060b       0x2d C:/ST/STM32CubeIDE_1.13.0/STM32CubeIDE/plugins/com.st.stm32cube.ide.mcu.externaltools.gnu-tools-for-stm32.11.3.rel1.win32_1.1.0.202305231506/tools/bin/../lib/gcc/arm-none-eabi/11.3.1/../../../../arm-none-eabi/lib/thumb/v7-m/nofp\libc_nano.a(libc_a-nano-vfprintf_i.o)
 .ARM.attributes
                0x0000000000000638       0x2d C:/ST/STM32CubeIDE_1.13.0/STM32CubeIDE/plugins/com.st.stm32cube.ide.mcu.externaltools.gnu-tools-for-stm32.11.3.rel1.win32_1.1.0.202305231506/tools/bin/../lib/gcc/arm-none-eabi/11.3.1/../../../../arm-none-eabi/lib/thumb/v7-m/nofp\libc_nano.a(libc_a-memmove.o)
 .ARM.attributes
                0x0000000000000665       0x2d C:/ST/STM32CubeIDE_1.13.0/STM32CubeIDE/plugins/com.st.stm32cube.ide.mcu.externaltools.gnu-tools-for-stm32.11.3.rel1.win32_1.1.0.202305231506/tools/bin/../lib/gcc/arm-none-eabi/11.3.1/../../../../arm-none-eabi/lib/thumb/v7-m/nofp\libc_nano.a(libc_a-memchr-stub.o)
 .ARM.attributes
                0x0000000000000692       0x2d C:/ST/STM32CubeIDE_1.13.0/STM32CubeIDE/plugins/com.st.stm32cube.ide.mcu.externaltools.gnu-tools-for-stm32.11.3.rel1.win32_1.1.0.202305231506/tools/bin/../lib/gcc/arm-none-eabi/11.3.1/../../../../arm-none-eabi/lib/thumb/v7-m/nofp\libc_nano.a(libc_a-reallocr.o)
 .ARM.attributes
                0x00000000000006bf       0x2d C:/ST/STM32CubeIDE_1.13.0/STM32CubeIDE/plugins/com.st.stm32cube.ide.mcu.externaltools.gnu-tools-for-stm32.11.3.rel1.win32_1.1.0.202305231506/tools/bin/../lib/gcc/arm-none-eabi/11.3.1/../../../../arm-none-eabi/lib/thumb/v7-m/nofp\libc_nano.a(libc_a-msizer.o)
 .ARM.attributes
                0x00000000000006ec       0x1d C:/ST/STM32CubeIDE_1.13.0/STM32CubeIDE/plugins/com.st.stm32cube.ide.mcu.externaltools.gnu-tools-for-stm32.11.3.rel1.win32_1.1.0.202305231506/tools/bin/../lib/gcc/arm-none-eabi/11.3.1/thumb/v7-m/nofp\libgcc.a(_arm_addsubdf3.o)
 .ARM.attributes
                0x0000000000000709       0x1d C:/ST/STM32CubeIDE_1.13.0/STM32CubeIDE/plugins/com.st.stm32cube.ide.mcu.externaltools.gnu-tools-for-stm32.11.3.rel1.win32_1.1.0.202305231506/tools/bin/../lib/gcc/arm-none-eabi/11.3.1/thumb/v7-m/nofp\libgcc.a(_arm_muldivdf3.o)
 .ARM.attributes
                0x0000000000000726       0x1d C:/ST/STM32CubeIDE_1.13.0/STM32CubeIDE/plugins/com.st.stm32cube.ide.mcu.externaltools.gnu-tools-for-stm32.11.3.rel1.win32_1.1.0.202305231506/tools/bin/../lib/gcc/arm-none-eabi/11.3.1/thumb/v7-m/nofp\libgcc.a(_arm_fixunsdfsi.o)
 .ARM.attributes
                0x0000000000000743       0x1d C:/ST/STM32CubeIDE_1.13.0/STM32CubeIDE/plugins/com.st.stm32cube.ide.mcu.externaltools.gnu-tools-for-stm32.11.3.rel1.win32_1.1.0.202305231506/tools/bin/../lib/gcc/arm-none-eabi/11.3.1/thumb/v7-m/nofp\libgcc.a(_arm_addsubsf3.o)
 .ARM.attributes
                0x0000000000000760       0x1d C:/ST/STM32CubeIDE_1.13.0/STM32CubeIDE/plugins/com.st.stm32cube.ide.mcu.externaltools.gnu-tools-for-stm32.11.3.rel1.win32_1.1.0.202305231506/tools/bin/../lib/gcc/arm-none-eabi/11.3.1/thumb/v7-m/nofp\libgcc.a(_arm_muldivsf3.o)
 .ARM.attributes
                0x000000000000077d       0x1d C:/ST/STM32CubeIDE_1.13.0/STM32CubeIDE/plugins/com.st.stm32cube.ide.mcu.externaltools.gnu-tools-for-stm32.11.3.rel1.win32_1.1.0.202305231506/tools/bin/../lib/gcc/arm-none-eabi/11.3.1/thumb/v7-m/nofp/crtn.o
OUTPUT(FREE-RTOS-IMP.elf elf32-littlearm)
LOAD linker stubs
LOAD C:/ST/STM32CubeIDE_1.13.0/STM32CubeIDE/plugins/com.st.stm32cube.ide.mcu.externaltools.gnu-tools-for-stm32.11.3.rel1.win32_1.1.0.202305231506/tools/bin/../lib/gcc/arm-none-eabi/11.3.1/../../../../arm-none-eabi/lib/thumb/v7-m/nofp\libc.a
LOAD C:/ST/STM32CubeIDE_1.13.0/STM32CubeIDE/plugins/com.st.stm32cube.ide.mcu.externaltools.gnu-tools-for-stm32.11.3.rel1.win32_1.1.0.202305231506/tools/bin/../lib/gcc/arm-none-eabi/11.3.1/../../../../arm-none-eabi/lib/thumb/v7-m/nofp\libm.a
LOAD C:/ST/STM32CubeIDE_1.13.0/STM32CubeIDE/plugins/com.st.stm32cube.ide.mcu.externaltools.gnu-tools-for-stm32.11.3.rel1.win32_1.1.0.202305231506/tools/bin/../lib/gcc/arm-none-eabi/11.3.1/thumb/v7-m/nofp\libgcc.a

.comment        0x0000000000000000       0x43
 .comment       0x0000000000000000       0x43 C:/ST/STM32CubeIDE_1.13.0/STM32CubeIDE/plugins/com.st.stm32cube.ide.mcu.externaltools.gnu-tools-for-stm32.11.3.rel1.win32_1.1.0.202305231506/tools/bin/../lib/gcc/arm-none-eabi/11.3.1/thumb/v7-m/nofp/crtbegin.o
                                         0x44 (size before relaxing)
 .comment       0x0000000000000043       0x44 ./Drivers/EXTI.o
 .comment       0x0000000000000043       0x44 ./Drivers/GPIO.o
 .comment       0x0000000000000043       0x44 ./Drivers/RCC_program.o
 .comment       0x0000000000000043       0x44 ./Drivers/SPI.o
 .comment       0x0000000000000043       0x44 ./Drivers/STK_program.o
 .comment       0x0000000000000043       0x44 ./Drivers/Ticker.o
 .comment       0x0000000000000043       0x44 ./Drivers/USART.o
 .comment       0x0000000000000043       0x44 ./FreeRTOS/event_groups.o
 .comment       0x0000000000000043       0x44 ./FreeRTOS/list.o
 .comment       0x0000000000000043       0x44 ./FreeRTOS/tasks.o
 .comment       0x0000000000000043       0x44 ./FreeRTOS/portable/GCC/ARM_CM3/port.o
 .comment       0x0000000000000043       0x44 ./FreeRTOS/portable/MemMang/heap_4.o
 .comment       0x0000000000000043       0x44 ./HAL/GFX_FUNCTIONS.o
 .comment       0x0000000000000043       0x44 ./HAL/MP3.o
 .comment       0x0000000000000043       0x44 ./HAL/fonts.o
 .comment       0x0000000000000043       0x44 ./HAL/st7735.o
 .comment       0x0000000000000043       0x44 ./Src/main.o
 .comment       0x0000000000000043       0x44 ./Src/sysmem.o

.debug_info     0x0000000000000000     0x6c67
 .debug_info    0x0000000000000000      0x56b ./Drivers/EXTI.o
 .debug_info    0x000000000000056b      0x429 ./Drivers/GPIO.o
 .debug_info    0x0000000000000994      0x24c ./Drivers/RCC_program.o
 .debug_info    0x0000000000000be0      0x639 ./Drivers/SPI.o
 .debug_info    0x0000000000001219      0x2aa ./Drivers/STK_program.o
 .debug_info    0x00000000000014c3      0x245 ./Drivers/Ticker.o
 .debug_info    0x0000000000001708      0x52c ./Drivers/USART.o
 .debug_info    0x0000000000001c34      0x76f ./FreeRTOS/event_groups.o
 .debug_info    0x00000000000023a3      0x2af ./FreeRTOS/list.o
 .debug_info    0x0000000000002652     0x18d6 ./FreeRTOS/tasks.o
 .debug_info    0x0000000000003f28      0x2e7 ./FreeRTOS/portable/GCC/ARM_CM3/port.o
 .debug_info    0x000000000000420f      0x433 ./FreeRTOS/portable/MemMang/heap_4.o
 .debug_info    0x0000000000004642      0xe2b ./HAL/GFX_FUNCTIONS.o
 .debug_info    0x000000000000546d      0x273 ./HAL/MP3.o
 .debug_info    0x00000000000056e0      0x19a ./HAL/fonts.o
 .debug_info    0x000000000000587a      0x81d ./HAL/st7735.o
 .debug_info    0x0000000000006097      0xa45 ./Src/main.o
 .debug_info    0x0000000000006adc      0x168 ./Src/sysmem.o
 .debug_info    0x0000000000006c44       0x23 ./Startup/startup_stm32f103c8tx.o

.debug_abbrev   0x0000000000000000     0x1e33
 .debug_abbrev  0x0000000000000000      0x1d9 ./Drivers/EXTI.o
 .debug_abbrev  0x00000000000001d9      0x172 ./Drivers/GPIO.o
 .debug_abbrev  0x000000000000034b      0x113 ./Drivers/RCC_program.o
 .debug_abbrev  0x000000000000045e      0x215 ./Drivers/SPI.o
 .debug_abbrev  0x0000000000000673      0x14c ./Drivers/STK_program.o
 .debug_abbrev  0x00000000000007bf      0x118 ./Drivers/Ticker.o
 .debug_abbrev  0x00000000000008d7      0x1c8 ./Drivers/USART.o
 .debug_abbrev  0x0000000000000a9f      0x262 ./FreeRTOS/event_groups.o
 .debug_abbrev  0x0000000000000d01       0xf5 ./FreeRTOS/list.o
 .debug_abbrev  0x0000000000000df6      0x348 ./FreeRTOS/tasks.o
 .debug_abbrev  0x000000000000113e      0x20c ./FreeRTOS/portable/GCC/ARM_CM3/port.o
 .debug_abbrev  0x000000000000134a      0x1b9 ./FreeRTOS/portable/MemMang/heap_4.o
 .debug_abbrev  0x0000000000001503      0x19b ./HAL/GFX_FUNCTIONS.o
 .debug_abbrev  0x000000000000169e      0x137 ./HAL/MP3.o
 .debug_abbrev  0x00000000000017d5       0xb3 ./HAL/fonts.o
 .debug_abbrev  0x0000000000001888      0x22e ./HAL/st7735.o
 .debug_abbrev  0x0000000000001ab6      0x2af ./Src/main.o
 .debug_abbrev  0x0000000000001d65       0xbc ./Src/sysmem.o
 .debug_abbrev  0x0000000000001e21       0x12 ./Startup/startup_stm32f103c8tx.o

.debug_aranges  0x0000000000000000      0x840
 .debug_aranges
                0x0000000000000000       0x78 ./Drivers/EXTI.o
 .debug_aranges
                0x0000000000000078       0x60 ./Drivers/GPIO.o
 .debug_aranges
                0x00000000000000d8       0x58 ./Drivers/RCC_program.o
 .debug_aranges
                0x0000000000000130       0x80 ./Drivers/SPI.o
 .debug_aranges
                0x00000000000001b0       0x68 ./Drivers/STK_program.o
 .debug_aranges
                0x0000000000000218       0x30 ./Drivers/Ticker.o
 .debug_aranges
                0x0000000000000248       0x68 ./Drivers/USART.o
 .debug_aranges
                0x00000000000002b0       0x68 ./FreeRTOS/event_groups.o
 .debug_aranges
                0x0000000000000318       0x40 ./FreeRTOS/list.o
 .debug_aranges
                0x0000000000000358      0x188 ./FreeRTOS/tasks.o
 .debug_aranges
                0x00000000000004e0       0x70 ./FreeRTOS/portable/GCC/ARM_CM3/port.o
 .debug_aranges
                0x0000000000000550       0x58 ./FreeRTOS/portable/MemMang/heap_4.o
 .debug_aranges
                0x00000000000005a8      0x100 ./HAL/GFX_FUNCTIONS.o
 .debug_aranges
                0x00000000000006a8       0x50 ./HAL/MP3.o
 .debug_aranges
                0x00000000000006f8       0x18 ./HAL/fonts.o
 .debug_aranges
                0x0000000000000710       0xa8 ./HAL/st7735.o
 .debug_aranges
                0x00000000000007b8       0x40 ./Src/main.o
 .debug_aranges
                0x00000000000007f8       0x20 ./Src/sysmem.o
 .debug_aranges
                0x0000000000000818       0x28 ./Startup/startup_stm32f103c8tx.o

.debug_rnglists
                0x0000000000000000      0x610
 .debug_rnglists
                0x0000000000000000       0x5b ./Drivers/EXTI.o
 .debug_rnglists
                0x000000000000005b       0x46 ./Drivers/GPIO.o
 .debug_rnglists
                0x00000000000000a1       0x40 ./Drivers/RCC_program.o
 .debug_rnglists
                0x00000000000000e1       0x5d ./Drivers/SPI.o
 .debug_rnglists
                0x000000000000013e       0x4c ./Drivers/STK_program.o
 .debug_rnglists
                0x000000000000018a       0x1f ./Drivers/Ticker.o
 .debug_rnglists
                0x00000000000001a9       0x4d ./Drivers/USART.o
 .debug_rnglists
                0x00000000000001f6       0x4c ./FreeRTOS/event_groups.o
 .debug_rnglists
                0x0000000000000242       0x2b ./FreeRTOS/list.o
 .debug_rnglists
                0x000000000000026d      0x137 ./FreeRTOS/tasks.o
 .debug_rnglists
                0x00000000000003a4       0x4f ./FreeRTOS/portable/GCC/ARM_CM3/port.o
 .debug_rnglists
                0x00000000000003f3       0x42 ./FreeRTOS/portable/MemMang/heap_4.o
 .debug_rnglists
                0x0000000000000435       0xca ./HAL/GFX_FUNCTIONS.o
 .debug_rnglists
                0x00000000000004ff       0x37 ./HAL/MP3.o
 .debug_rnglists
                0x0000000000000536       0x7f ./HAL/st7735.o
 .debug_rnglists
                0x00000000000005b5       0x2f ./Src/main.o
 .debug_rnglists
                0x00000000000005e4       0x13 ./Src/sysmem.o
 .debug_rnglists
                0x00000000000005f7       0x19 ./Startup/startup_stm32f103c8tx.o

.debug_macro    0x0000000000000000     0x4cc4
 .debug_macro   0x0000000000000000      0x164 ./Drivers/EXTI.o
 .debug_macro   0x0000000000000164      0xaa2 ./Drivers/EXTI.o
 .debug_macro   0x0000000000000c06       0x24 ./Drivers/EXTI.o
 .debug_macro   0x0000000000000c2a       0x22 ./Drivers/EXTI.o
 .debug_macro   0x0000000000000c4c       0x5b ./Drivers/EXTI.o
 .debug_macro   0x0000000000000ca7       0x94 ./Drivers/EXTI.o
 .debug_macro   0x0000000000000d3b       0x43 ./Drivers/EXTI.o
 .debug_macro   0x0000000000000d7e       0x34 ./Drivers/EXTI.o
 .debug_macro   0x0000000000000db2       0x16 ./Drivers/EXTI.o
 .debug_macro   0x0000000000000dc8      0x10e ./Drivers/EXTI.o
 .debug_macro   0x0000000000000ed6       0x8d ./Drivers/EXTI.o
 .debug_macro   0x0000000000000f63       0x16 ./Drivers/EXTI.o
 .debug_macro   0x0000000000000f79       0x43 ./Drivers/EXTI.o
 .debug_macro   0x0000000000000fbc       0x57 ./Drivers/EXTI.o
 .debug_macro   0x0000000000001013       0x34 ./Drivers/EXTI.o
 .debug_macro   0x0000000000001047       0x10 ./Drivers/EXTI.o
 .debug_macro   0x0000000000001057       0x58 ./Drivers/EXTI.o
 .debug_macro   0x00000000000010af       0x8e ./Drivers/EXTI.o
 .debug_macro   0x000000000000113d       0x1c ./Drivers/EXTI.o
 .debug_macro   0x0000000000001159      0x177 ./Drivers/EXTI.o
 .debug_macro   0x00000000000012d0      0x369 ./Drivers/EXTI.o
 .debug_macro   0x0000000000001639       0x16 ./Drivers/EXTI.o
 .debug_macro   0x000000000000164f       0x29 ./Drivers/EXTI.o
 .debug_macro   0x0000000000001678      0x103 ./Drivers/EXTI.o
 .debug_macro   0x000000000000177b       0x6a ./Drivers/EXTI.o
 .debug_macro   0x00000000000017e5      0x1df ./Drivers/EXTI.o
 .debug_macro   0x00000000000019c4       0x2e ./Drivers/EXTI.o
 .debug_macro   0x00000000000019f2      0x271 ./Drivers/EXTI.o
 .debug_macro   0x0000000000001c63       0xd6 ./Drivers/EXTI.o
 .debug_macro   0x0000000000001d39      0x244 ./Drivers/EXTI.o
 .debug_macro   0x0000000000001f7d      0x155 ./Drivers/GPIO.o
 .debug_macro   0x00000000000020d2       0xd0 ./Drivers/GPIO.o
 .debug_macro   0x00000000000021a2       0x90 ./Drivers/RCC_program.o
 .debug_macro   0x0000000000002232       0x8e ./Drivers/RCC_program.o
 .debug_macro   0x00000000000022c0       0x51 ./Drivers/RCC_program.o
 .debug_macro   0x0000000000002311      0x154 ./Drivers/RCC_program.o
 .debug_macro   0x0000000000002465      0x188 ./Drivers/RCC_program.o
 .debug_macro   0x00000000000025ed       0x40 ./Drivers/RCC_program.o
 .debug_macro   0x000000000000262d      0x16e ./Drivers/SPI.o
 .debug_macro   0x000000000000279b       0xac ./Drivers/SPI.o
 .debug_macro   0x0000000000002847       0x9a ./Drivers/STK_program.o
 .debug_macro   0x00000000000028e1       0x58 ./Drivers/STK_program.o
 .debug_macro   0x0000000000002939       0x16 ./Drivers/STK_program.o
 .debug_macro   0x000000000000294f      0x171 ./Drivers/Ticker.o
 .debug_macro   0x0000000000002ac0      0x17a ./Drivers/Ticker.o
 .debug_macro   0x0000000000002c3a       0x61 ./Drivers/Ticker.o
 .debug_macro   0x0000000000002c9b      0x17d ./Drivers/USART.o
 .debug_macro   0x0000000000002e18       0xfa ./Drivers/USART.o
 .debug_macro   0x0000000000002f12      0x1e5 ./FreeRTOS/event_groups.o
 .debug_macro   0x00000000000030f7       0x91 ./FreeRTOS/event_groups.o
 .debug_macro   0x0000000000003188       0x19 ./FreeRTOS/event_groups.o
 .debug_macro   0x00000000000031a1      0x198 ./FreeRTOS/list.o
 .debug_macro   0x0000000000003339      0x27e ./FreeRTOS/tasks.o
 .debug_macro   0x00000000000035b7       0x10 ./FreeRTOS/tasks.o
 .debug_macro   0x00000000000035c7      0x177 ./FreeRTOS/portable/GCC/ARM_CM3/port.o
 .debug_macro   0x000000000000373e      0x1b3 ./FreeRTOS/portable/MemMang/heap_4.o
 .debug_macro   0x00000000000038f1      0x16c ./HAL/GFX_FUNCTIONS.o
 .debug_macro   0x0000000000003a5d       0x22 ./HAL/GFX_FUNCTIONS.o
 .debug_macro   0x0000000000003a7f      0x196 ./HAL/GFX_FUNCTIONS.o
 .debug_macro   0x0000000000003c15      0x1cc ./HAL/MP3.o
 .debug_macro   0x0000000000003de1       0x16 ./HAL/MP3.o
 .debug_macro   0x0000000000003df7       0x97 ./HAL/MP3.o
 .debug_macro   0x0000000000003e8e       0xfd ./HAL/MP3.o
 .debug_macro   0x0000000000003f8b       0x10 ./HAL/MP3.o
 .debug_macro   0x0000000000003f9b       0x16 ./HAL/MP3.o
 .debug_macro   0x0000000000003fb1       0x16 ./HAL/MP3.o
 .debug_macro   0x0000000000003fc7      0x147 ./HAL/MP3.o
 .debug_macro   0x000000000000410e       0x6d ./HAL/fonts.o
 .debug_macro   0x000000000000417b      0x1f8 ./HAL/st7735.o
 .debug_macro   0x0000000000004373       0x10 ./HAL/st7735.o
 .debug_macro   0x0000000000004383       0x3c ./HAL/st7735.o
 .debug_macro   0x00000000000043bf      0x317 ./Src/main.o
 .debug_macro   0x00000000000046d6       0x69 ./Src/main.o
 .debug_macro   0x000000000000473f      0x24a ./Src/main.o
 .debug_macro   0x0000000000004989       0xff ./Src/sysmem.o
 .debug_macro   0x0000000000004a88      0x23c ./Src/sysmem.o

.debug_line     0x0000000000000000     0xa88b
 .debug_line    0x0000000000000000      0xa2a ./Drivers/EXTI.o
 .debug_line    0x0000000000000a2a      0x819 ./Drivers/GPIO.o
 .debug_line    0x0000000000001243      0x65f ./Drivers/RCC_program.o
 .debug_line    0x00000000000018a2      0x903 ./Drivers/SPI.o
 .debug_line    0x00000000000021a5      0x76d ./Drivers/STK_program.o
 .debug_line    0x0000000000002912      0x665 ./Drivers/Ticker.o
 .debug_line    0x0000000000002f77      0x949 ./Drivers/USART.o
 .debug_line    0x00000000000038c0      0x981 ./FreeRTOS/event_groups.o
 .debug_line    0x0000000000004241      0x796 ./FreeRTOS/list.o
 .debug_line    0x00000000000049d7     0x1540 ./FreeRTOS/tasks.o
 .debug_line    0x0000000000005f17      0x70a ./FreeRTOS/portable/GCC/ARM_CM3/port.o
 .debug_line    0x0000000000006621      0x96b ./FreeRTOS/portable/MemMang/heap_4.o
 .debug_line    0x0000000000006f8c     0x122a ./HAL/GFX_FUNCTIONS.o
 .debug_line    0x00000000000081b6      0x6c3 ./HAL/MP3.o
 .debug_line    0x0000000000008879      0x43c ./HAL/fonts.o
 .debug_line    0x0000000000008cb5      0xae9 ./HAL/st7735.o
 .debug_line    0x000000000000979e      0xafe ./Src/main.o
 .debug_line    0x000000000000a29c      0x574 ./Src/sysmem.o
 .debug_line    0x000000000000a810       0x7b ./Startup/startup_stm32f103c8tx.o

.debug_str      0x0000000000000000    0x157db
 .debug_str     0x0000000000000000     0x96d0 ./Drivers/EXTI.o
                                       0x98dd (size before relaxing)
 .debug_str     0x00000000000096d0      0x142 ./Drivers/GPIO.o
                                       0x8483 (size before relaxing)
 .debug_str     0x0000000000009812      0xcef ./Drivers/RCC_program.o
                                       0x4abe (size before relaxing)
 .debug_str     0x000000000000a501      0x526 ./Drivers/SPI.o
                                       0x8868 (size before relaxing)
 .debug_str     0x000000000000aa27      0x34d ./Drivers/STK_program.o
                                       0x46b2 (size before relaxing)
 .debug_str     0x000000000000ad74      0x5d8 ./Drivers/Ticker.o
                                       0x8a65 (size before relaxing)
 .debug_str     0x000000000000b34c      0x7ad ./Drivers/USART.o
                                       0x95fc (size before relaxing)
 .debug_str     0x000000000000baf9     0x5c5a ./FreeRTOS/event_groups.o
                                       0xce6e (size before relaxing)
 .debug_str     0x0000000000011753       0x90 ./FreeRTOS/list.o
                                       0xaeb9 (size before relaxing)
 .debug_str     0x00000000000117e3     0x1193 ./FreeRTOS/tasks.o
                                       0xdbe8 (size before relaxing)
 .debug_str     0x0000000000012976      0x59b ./FreeRTOS/portable/GCC/ARM_CM3/port.o
                                       0x9490 (size before relaxing)
 .debug_str     0x0000000000012f11      0x30e ./FreeRTOS/portable/MemMang/heap_4.o
                                       0xc363 (size before relaxing)
 .debug_str     0x000000000001321f      0x8a1 ./HAL/GFX_FUNCTIONS.o
                                       0x7a5b (size before relaxing)
 .debug_str     0x0000000000013ac0      0x758 ./HAL/MP3.o
                                       0x8d6b (size before relaxing)
 .debug_str     0x0000000000014218       0x61 ./HAL/fonts.o
                                       0x3d24 (size before relaxing)
 .debug_str     0x0000000000014279      0x275 ./HAL/st7735.o
                                       0x90c4 (size before relaxing)
 .debug_str     0x00000000000144ee      0xf67 ./Src/main.o
                                      0x11c75 (size before relaxing)
 .debug_str     0x0000000000015455      0x357 ./Src/sysmem.o
                                       0x6009 (size before relaxing)
 .debug_str     0x00000000000157ac       0x2f ./Startup/startup_stm32f103c8tx.o
                                         0x70 (size before relaxing)

.debug_frame    0x0000000000000000     0x252c
 .debug_frame   0x0000000000000000      0x18c ./Drivers/EXTI.o
 .debug_frame   0x000000000000018c      0x174 ./Drivers/GPIO.o
 .debug_frame   0x0000000000000300      0x118 ./Drivers/RCC_program.o
 .debug_frame   0x0000000000000418      0x1fc ./Drivers/SPI.o
 .debug_frame   0x0000000000000614      0x170 ./Drivers/STK_program.o
 .debug_frame   0x0000000000000784       0x6c ./Drivers/Ticker.o
 .debug_frame   0x00000000000007f0      0x168 ./Drivers/USART.o
 .debug_frame   0x0000000000000958      0x180 ./FreeRTOS/event_groups.o
 .debug_frame   0x0000000000000ad8       0xd8 ./FreeRTOS/list.o
 .debug_frame   0x0000000000000bb0      0x6a4 ./FreeRTOS/tasks.o
 .debug_frame   0x0000000000001254      0x160 ./FreeRTOS/portable/GCC/ARM_CM3/port.o
 .debug_frame   0x00000000000013b4      0x12c ./FreeRTOS/portable/MemMang/heap_4.o
 .debug_frame   0x00000000000014e0      0x478 ./HAL/GFX_FUNCTIONS.o
 .debug_frame   0x0000000000001958       0xec ./HAL/MP3.o
 .debug_frame   0x0000000000001a44      0x2a4 ./HAL/st7735.o
 .debug_frame   0x0000000000001ce8       0xb8 ./Src/main.o
 .debug_frame   0x0000000000001da0       0x34 ./Src/sysmem.o
 .debug_frame   0x0000000000001dd4       0x50 C:/ST/STM32CubeIDE_1.13.0/STM32CubeIDE/plugins/com.st.stm32cube.ide.mcu.externaltools.gnu-tools-for-stm32.11.3.rel1.win32_1.1.0.202305231506/tools/bin/../lib/gcc/arm-none-eabi/11.3.1/../../../../arm-none-eabi/lib/thumb/v7-m/nofp\libc_nano.a(libc_a-mallocr.o)
 .debug_frame   0x0000000000001e24       0x30 C:/ST/STM32CubeIDE_1.13.0/STM32CubeIDE/plugins/com.st.stm32cube.ide.mcu.externaltools.gnu-tools-for-stm32.11.3.rel1.win32_1.1.0.202305231506/tools/bin/../lib/gcc/arm-none-eabi/11.3.1/../../../../arm-none-eabi/lib/thumb/v7-m/nofp\libc_nano.a(libc_a-mlock.o)
 .debug_frame   0x0000000000001e54      0x13c C:/ST/STM32CubeIDE_1.13.0/STM32CubeIDE/plugins/com.st.stm32cube.ide.mcu.externaltools.gnu-tools-for-stm32.11.3.rel1.win32_1.1.0.202305231506/tools/bin/../lib/gcc/arm-none-eabi/11.3.1/../../../../arm-none-eabi/lib/thumb/v7-m/nofp\libc_nano.a(libc_a-findfp.o)
 .debug_frame   0x0000000000001f90       0x7c C:/ST/STM32CubeIDE_1.13.0/STM32CubeIDE/plugins/com.st.stm32cube.ide.mcu.externaltools.gnu-tools-for-stm32.11.3.rel1.win32_1.1.0.202305231506/tools/bin/../lib/gcc/arm-none-eabi/11.3.1/../../../../arm-none-eabi/lib/thumb/v7-m/nofp\libc_nano.a(libc_a-snprintf.o)
 .debug_frame   0x000000000000200c       0x20 C:/ST/STM32CubeIDE_1.13.0/STM32CubeIDE/plugins/com.st.stm32cube.ide.mcu.externaltools.gnu-tools-for-stm32.11.3.rel1.win32_1.1.0.202305231506/tools/bin/../lib/gcc/arm-none-eabi/11.3.1/../../../../arm-none-eabi/lib/thumb/v7-m/nofp\libc_nano.a(libc_a-memset.o)
 .debug_frame   0x000000000000202c       0x38 C:/ST/STM32CubeIDE_1.13.0/STM32CubeIDE/plugins/com.st.stm32cube.ide.mcu.externaltools.gnu-tools-for-stm32.11.3.rel1.win32_1.1.0.202305231506/tools/bin/../lib/gcc/arm-none-eabi/11.3.1/../../../../arm-none-eabi/lib/thumb/v7-m/nofp\libc_nano.a(libc_a-reent.o)
 .debug_frame   0x0000000000002064       0x2c C:/ST/STM32CubeIDE_1.13.0/STM32CubeIDE/plugins/com.st.stm32cube.ide.mcu.externaltools.gnu-tools-for-stm32.11.3.rel1.win32_1.1.0.202305231506/tools/bin/../lib/gcc/arm-none-eabi/11.3.1/../../../../arm-none-eabi/lib/thumb/v7-m/nofp\libc_nano.a(libc_a-sbrkr.o)
 .debug_frame   0x0000000000002090       0x20 C:/ST/STM32CubeIDE_1.13.0/STM32CubeIDE/plugins/com.st.stm32cube.ide.mcu.externaltools.gnu-tools-for-stm32.11.3.rel1.win32_1.1.0.202305231506/tools/bin/../lib/gcc/arm-none-eabi/11.3.1/../../../../arm-none-eabi/lib/thumb/v7-m/nofp\libc_nano.a(libc_a-errno.o)
 .debug_frame   0x00000000000020b0       0x2c C:/ST/STM32CubeIDE_1.13.0/STM32CubeIDE/plugins/com.st.stm32cube.ide.mcu.externaltools.gnu-tools-for-stm32.11.3.rel1.win32_1.1.0.202305231506/tools/bin/../lib/gcc/arm-none-eabi/11.3.1/../../../../arm-none-eabi/lib/thumb/v7-m/nofp\libc_nano.a(libc_a-init.o)
 .debug_frame   0x00000000000020dc       0xb0 C:/ST/STM32CubeIDE_1.13.0/STM32CubeIDE/plugins/com.st.stm32cube.ide.mcu.externaltools.gnu-tools-for-stm32.11.3.rel1.win32_1.1.0.202305231506/tools/bin/../lib/gcc/arm-none-eabi/11.3.1/../../../../arm-none-eabi/lib/thumb/v7-m/nofp\libc_nano.a(libc_a-lock.o)
 .debug_frame   0x000000000000218c       0x28 C:/ST/STM32CubeIDE_1.13.0/STM32CubeIDE/plugins/com.st.stm32cube.ide.mcu.externaltools.gnu-tools-for-stm32.11.3.rel1.win32_1.1.0.202305231506/tools/bin/../lib/gcc/arm-none-eabi/11.3.1/../../../../arm-none-eabi/lib/thumb/v7-m/nofp\libc_nano.a(libc_a-memcpy-stub.o)
 .debug_frame   0x00000000000021b4       0x38 C:/ST/STM32CubeIDE_1.13.0/STM32CubeIDE/plugins/com.st.stm32cube.ide.mcu.externaltools.gnu-tools-for-stm32.11.3.rel1.win32_1.1.0.202305231506/tools/bin/../lib/gcc/arm-none-eabi/11.3.1/../../../../arm-none-eabi/lib/thumb/v7-m/nofp\libc_nano.a(libc_a-freer.o)
 .debug_frame   0x00000000000021ec       0x90 C:/ST/STM32CubeIDE_1.13.0/STM32CubeIDE/plugins/com.st.stm32cube.ide.mcu.externaltools.gnu-tools-for-stm32.11.3.rel1.win32_1.1.0.202305231506/tools/bin/../lib/gcc/arm-none-eabi/11.3.1/../../../../arm-none-eabi/lib/thumb/v7-m/nofp\libc_nano.a(libc_a-nano-svfprintf.o)
 .debug_frame   0x000000000000227c       0x60 C:/ST/STM32CubeIDE_1.13.0/STM32CubeIDE/plugins/com.st.stm32cube.ide.mcu.externaltools.gnu-tools-for-stm32.11.3.rel1.win32_1.1.0.202305231506/tools/bin/../lib/gcc/arm-none-eabi/11.3.1/../../../../arm-none-eabi/lib/thumb/v7-m/nofp\libc_nano.a(libc_a-nano-vfprintf_i.o)
 .debug_frame   0x00000000000022dc       0x28 C:/ST/STM32CubeIDE_1.13.0/STM32CubeIDE/plugins/com.st.stm32cube.ide.mcu.externaltools.gnu-tools-for-stm32.11.3.rel1.win32_1.1.0.202305231506/tools/bin/../lib/gcc/arm-none-eabi/11.3.1/../../../../arm-none-eabi/lib/thumb/v7-m/nofp\libc_nano.a(libc_a-memmove.o)
 .debug_frame   0x0000000000002304       0x28 C:/ST/STM32CubeIDE_1.13.0/STM32CubeIDE/plugins/com.st.stm32cube.ide.mcu.externaltools.gnu-tools-for-stm32.11.3.rel1.win32_1.1.0.202305231506/tools/bin/../lib/gcc/arm-none-eabi/11.3.1/../../../../arm-none-eabi/lib/thumb/v7-m/nofp\libc_nano.a(libc_a-memchr-stub.o)
 .debug_frame   0x000000000000232c       0x3c C:/ST/STM32CubeIDE_1.13.0/STM32CubeIDE/plugins/com.st.stm32cube.ide.mcu.externaltools.gnu-tools-for-stm32.11.3.rel1.win32_1.1.0.202305231506/tools/bin/../lib/gcc/arm-none-eabi/11.3.1/../../../../arm-none-eabi/lib/thumb/v7-m/nofp\libc_nano.a(libc_a-reallocr.o)
 .debug_frame   0x0000000000002368       0x20 C:/ST/STM32CubeIDE_1.13.0/STM32CubeIDE/plugins/com.st.stm32cube.ide.mcu.externaltools.gnu-tools-for-stm32.11.3.rel1.win32_1.1.0.202305231506/tools/bin/../lib/gcc/arm-none-eabi/11.3.1/../../../../arm-none-eabi/lib/thumb/v7-m/nofp\libc_nano.a(libc_a-msizer.o)
 .debug_frame   0x0000000000002388       0xac C:/ST/STM32CubeIDE_1.13.0/STM32CubeIDE/plugins/com.st.stm32cube.ide.mcu.externaltools.gnu-tools-for-stm32.11.3.rel1.win32_1.1.0.202305231506/tools/bin/../lib/gcc/arm-none-eabi/11.3.1/thumb/v7-m/nofp\libgcc.a(_arm_addsubdf3.o)
 .debug_frame   0x0000000000002434       0x50 C:/ST/STM32CubeIDE_1.13.0/STM32CubeIDE/plugins/com.st.stm32cube.ide.mcu.externaltools.gnu-tools-for-stm32.11.3.rel1.win32_1.1.0.202305231506/tools/bin/../lib/gcc/arm-none-eabi/11.3.1/thumb/v7-m/nofp\libgcc.a(_arm_muldivdf3.o)
 .debug_frame   0x0000000000002484       0x24 C:/ST/STM32CubeIDE_1.13.0/STM32CubeIDE/plugins/com.st.stm32cube.ide.mcu.externaltools.gnu-tools-for-stm32.11.3.rel1.win32_1.1.0.202305231506/tools/bin/../lib/gcc/arm-none-eabi/11.3.1/thumb/v7-m/nofp\libgcc.a(_arm_fixunsdfsi.o)
 .debug_frame   0x00000000000024a8       0x4c C:/ST/STM32CubeIDE_1.13.0/STM32CubeIDE/plugins/com.st.stm32cube.ide.mcu.externaltools.gnu-tools-for-stm32.11.3.rel1.win32_1.1.0.202305231506/tools/bin/../lib/gcc/arm-none-eabi/11.3.1/thumb/v7-m/nofp\libgcc.a(_arm_addsubsf3.o)
 .debug_frame   0x00000000000024f4       0x38 C:/ST/STM32CubeIDE_1.13.0/STM32CubeIDE/plugins/com.st.stm32cube.ide.mcu.externaltools.gnu-tools-for-stm32.11.3.rel1.win32_1.1.0.202305231506/tools/bin/../lib/gcc/arm-none-eabi/11.3.1/thumb/v7-m/nofp\libgcc.a(_arm_muldivsf3.o)

.debug_line_str
                0x0000000000000000       0x64
 .debug_line_str
                0x0000000000000000       0x64 ./Startup/startup_stm32f103c8tx.o
                                         0x7c (size before relaxing)
