Archive member included to satisfy reference by file (symbol)

C:/ST/STM32CubeIDE_1.13.0/STM32CubeIDE/plugins/com.st.stm32cube.ide.mcu.externaltools.gnu-tools-for-stm32.11.3.rel1.win32_1.1.0.202305231506/tools/bin/../lib/gcc/arm-none-eabi/11.3.1/../../../../arm-none-eabi/lib/thumb/v7-m/nofp\libc_nano.a(libc_a-exit.o)
                              C:/ST/STM32CubeIDE_1.13.0/STM32CubeIDE/plugins/com.st.stm32cube.ide.mcu.externaltools.gnu-tools-for-stm32.11.3.rel1.win32_1.1.0.202305231506/tools/bin/../lib/gcc/arm-none-eabi/11.3.1/../../../../arm-none-eabi/lib/thumb/v7-m/nofp/crt0.o (exit)
C:/ST/STM32CubeIDE_1.13.0/STM32CubeIDE/plugins/com.st.stm32cube.ide.mcu.externaltools.gnu-tools-for-stm32.11.3.rel1.win32_1.1.0.202305231506/tools/bin/../lib/gcc/arm-none-eabi/11.3.1/../../../../arm-none-eabi/lib/thumb/v7-m/nofp\libc_nano.a(libc_a-malloc.o)
                              ./HAL/st7735.o (malloc)
C:/ST/STM32CubeIDE_1.13.0/STM32CubeIDE/plugins/com.st.stm32cube.ide.mcu.externaltools.gnu-tools-for-stm32.11.3.rel1.win32_1.1.0.202305231506/tools/bin/../lib/gcc/arm-none-eabi/11.3.1/../../../../arm-none-eabi/lib/thumb/v7-m/nofp\libc_nano.a(libc_a-mallocr.o)
                              C:/ST/STM32CubeIDE_1.13.0/STM32CubeIDE/plugins/com.st.stm32cube.ide.mcu.externaltools.gnu-tools-for-stm32.11.3.rel1.win32_1.1.0.202305231506/tools/bin/../lib/gcc/arm-none-eabi/11.3.1/../../../../arm-none-eabi/lib/thumb/v7-m/nofp\libc_nano.a(libc_a-malloc.o) (_malloc_r)
C:/ST/STM32CubeIDE_1.13.0/STM32CubeIDE/plugins/com.st.stm32cube.ide.mcu.externaltools.gnu-tools-for-stm32.11.3.rel1.win32_1.1.0.202305231506/tools/bin/../lib/gcc/arm-none-eabi/11.3.1/../../../../arm-none-eabi/lib/thumb/v7-m/nofp\libc_nano.a(libc_a-mlock.o)
                              C:/ST/STM32CubeIDE_1.13.0/STM32CubeIDE/plugins/com.st.stm32cube.ide.mcu.externaltools.gnu-tools-for-stm32.11.3.rel1.win32_1.1.0.202305231506/tools/bin/../lib/gcc/arm-none-eabi/11.3.1/../../../../arm-none-eabi/lib/thumb/v7-m/nofp\libc_nano.a(libc_a-mallocr.o) (__malloc_lock)
C:/ST/STM32CubeIDE_1.13.0/STM32CubeIDE/plugins/com.st.stm32cube.ide.mcu.externaltools.gnu-tools-for-stm32.11.3.rel1.win32_1.1.0.202305231506/tools/bin/../lib/gcc/arm-none-eabi/11.3.1/../../../../arm-none-eabi/lib/thumb/v7-m/nofp\libc_nano.a(libc_a-nano-vfprintf_float.o)
                              (_printf_float)
C:/ST/STM32CubeIDE_1.13.0/STM32CubeIDE/plugins/com.st.stm32cube.ide.mcu.externaltools.gnu-tools-for-stm32.11.3.rel1.win32_1.1.0.202305231506/tools/bin/../lib/gcc/arm-none-eabi/11.3.1/../../../../arm-none-eabi/lib/thumb/v7-m/nofp\libc_nano.a(libc_a-nano-vfprintf_i.o)
                              C:/ST/STM32CubeIDE_1.13.0/STM32CubeIDE/plugins/com.st.stm32cube.ide.mcu.externaltools.gnu-tools-for-stm32.11.3.rel1.win32_1.1.0.202305231506/tools/bin/../lib/gcc/arm-none-eabi/11.3.1/../../../../arm-none-eabi/lib/thumb/v7-m/nofp\libc_nano.a(libc_a-nano-vfprintf_float.o) (_printf_common)
C:/ST/STM32CubeIDE_1.13.0/STM32CubeIDE/plugins/com.st.stm32cube.ide.mcu.externaltools.gnu-tools-for-stm32.11.3.rel1.win32_1.1.0.202305231506/tools/bin/../lib/gcc/arm-none-eabi/11.3.1/../../../../arm-none-eabi/lib/thumb/v7-m/nofp\libc_nano.a(libc_a-findfp.o)
                              C:/ST/STM32CubeIDE_1.13.0/STM32CubeIDE/plugins/com.st.stm32cube.ide.mcu.externaltools.gnu-tools-for-stm32.11.3.rel1.win32_1.1.0.202305231506/tools/bin/../lib/gcc/arm-none-eabi/11.3.1/../../../../arm-none-eabi/lib/thumb/v7-m/nofp\libc_nano.a(libc_a-exit.o) (__stdio_exit_handler)
C:/ST/STM32CubeIDE_1.13.0/STM32CubeIDE/plugins/com.st.stm32cube.ide.mcu.externaltools.gnu-tools-for-stm32.11.3.rel1.win32_1.1.0.202305231506/tools/bin/../lib/gcc/arm-none-eabi/11.3.1/../../../../arm-none-eabi/lib/thumb/v7-m/nofp\libc_nano.a(libc_a-fwalk.o)
                              C:/ST/STM32CubeIDE_1.13.0/STM32CubeIDE/plugins/com.st.stm32cube.ide.mcu.externaltools.gnu-tools-for-stm32.11.3.rel1.win32_1.1.0.202305231506/tools/bin/../lib/gcc/arm-none-eabi/11.3.1/../../../../arm-none-eabi/lib/thumb/v7-m/nofp\libc_nano.a(libc_a-findfp.o) (_fwalk_sglue)
C:/ST/STM32CubeIDE_1.13.0/STM32CubeIDE/plugins/com.st.stm32cube.ide.mcu.externaltools.gnu-tools-for-stm32.11.3.rel1.win32_1.1.0.202305231506/tools/bin/../lib/gcc/arm-none-eabi/11.3.1/../../../../arm-none-eabi/lib/thumb/v7-m/nofp\libc_nano.a(libc_a-snprintf.o)
                              ./Src/main.o (snprintf)
C:/ST/STM32CubeIDE_1.13.0/STM32CubeIDE/plugins/com.st.stm32cube.ide.mcu.externaltools.gnu-tools-for-stm32.11.3.rel1.win32_1.1.0.202305231506/tools/bin/../lib/gcc/arm-none-eabi/11.3.1/../../../../arm-none-eabi/lib/thumb/v7-m/nofp\libc_nano.a(libc_a-stdio.o)
                              C:/ST/STM32CubeIDE_1.13.0/STM32CubeIDE/plugins/com.st.stm32cube.ide.mcu.externaltools.gnu-tools-for-stm32.11.3.rel1.win32_1.1.0.202305231506/tools/bin/../lib/gcc/arm-none-eabi/11.3.1/../../../../arm-none-eabi/lib/thumb/v7-m/nofp\libc_nano.a(libc_a-findfp.o) (__sread)
[...]
Memory Configuration

Name             Origin             Length             Attributes
RAM              0x0000000020000000 0x0000000000005000 xrw
FLASH            0x0000000008000000 0x0000000000020000 xr
*default*        0x0000000000000000 0xffffffffffffffff

Linker script and memory map

LOAD C:/ST/STM32CubeIDE_1.13.0/STM32CubeIDE/plugins/com.st.stm32cube.ide.mcu.externaltools.gnu-tools-for-stm32.11.3.rel1.win32_1.1.0.202305231506/tools/bin/../lib/gcc/arm-none-eabi/11.3.1/thumb/v7-m/nofp/crti.o
LOAD C:/ST/STM32CubeIDE_1.13.0/STM32CubeIDE/plugins/com.st.stm32cube.ide.mcu.externaltools.gnu-tools-for-stm32.11.3.rel1.win32_1.1.0.202305231506/tools/bin/../lib/gcc/arm-none-eabi/11.3.1/thumb/v7-m/nofp/crtbegin.o
LOAD C:/ST/STM32CubeIDE_1.13.0/STM32CubeIDE/plugins/com.st.stm32cube.ide.mcu.externaltools.gnu-tools-for-stm32.11.3.rel1.win32_1.1.0.202305231506/tools/bin/../lib/gcc/arm-none-eabi/11.3.1/../../../../arm-none-eabi/lib/thumb/v7-m/nofp/crt0.o
LOAD ./Drivers/ADC.o
LOAD ./Drivers/EXTI.o
LOAD ./Drivers/GPIO.o
LOAD ./Drivers/NVIC_Program.o
LOAD ./Drivers/RCC_program.o
LOAD ./Drivers/SPI.o
LOAD ./Drivers/STK_program.o
LOAD ./Drivers/Ticker.o
LOAD ./Drivers/USART.o
LOAD ./FreeRTOS/croutine.o
LOAD ./FreeRTOS/event_groups.o
LOAD ./FreeRTOS/list.o
LOAD ./FreeRTOS/queue.o
LOAD ./FreeRTOS/stream_buffer.o
LOAD ./FreeRTOS/tasks.o
LOAD ./FreeRTOS/timers.o
LOAD ./FreeRTOS/portable/GCC/ARM_CM3/port.o
LOAD ./FreeRTOS/portable/MemMang/heap_4.o
LOAD ./HAL/GFX_FUNCTIONS.o
LOAD ./HAL/LED.o
LOAD ./HAL/MP3.o
LOAD ./HAL/PushButton.o
LOAD ./HAL/Seg-5161BS.o
LOAD ./HAL/Tracks.o
LOAD ./HAL/fonts.o
LOAD ./HAL/keypad.o
LOAD ./HAL/lcd.o
LOAD ./HAL/st7735.o
LOAD ./Src/main.o
LOAD ./Src/syscalls.o
LOAD ./Src/sysmem.o
LOAD ./Startup/startup_stm32f103c8tx.o
START GROUP
LOAD C:/ST/STM32CubeIDE_1.13.0/STM32CubeIDE/plugins/com.st.stm32cube.ide.mcu.externaltools.gnu-tools-for-stm32.11.3.rel1.win32_1.1.0.202305231506/tools/bin/../lib/gcc/arm-none-eabi/11.3.1/../../../../arm-none-eabi/lib/thumb/v7-m/nofp\libc_nano.a
LOAD C:/ST/STM32CubeIDE_1.13.0/STM32CubeIDE/plugins/com.st.stm32cube.ide.mcu.externaltools.gnu-tools-for-stm32.11.3.rel1.win32_1.1.0.202305231506/tools/bin/../lib/gcc/arm-none-eabi/11.3.1/../../../../arm-none-eabi/lib/thumb/v7-m/nofp\libm.a
END GROUP
START GROUP
LOAD C:/ST/STM32CubeIDE_1.13.0/STM32CubeIDE/plugins/com.st.stm32cube.ide.mcu.externaltools.gnu-tools-for-stm32.11.3.rel1.win32_1.1.0.202305231506/tools/bin/../lib/gcc/arm-none-eabi/11.3.1/thumb/v7-m/nofp\libgcc.a
LOAD C:/ST/STM32CubeIDE_1.13.0/STM32CubeIDE/plugins/com.st.stm32cube.ide.mcu.externaltools.gnu-tools-for-stm32.11.3.rel1.win32_1.1.0.202305231506/tools/bin/../lib/gcc/arm-none-eabi/11.3.1/../../../../arm-none-eabi/lib/thumb/v7-m/nofp\libc_nano.a
END GROUP
START GROUP
LOAD C:/ST/STM32CubeIDE_1.13.0/STM32CubeIDE/plugins/com.st.stm32cube.ide.mcu.externaltools.gnu-tools-for-stm32.11.3.rel1.win32_1.1.0.202305231506/tools/bin/../lib/gcc/arm-none-eabi/11.3.1/thumb/v7-m/nofp\libgcc.a
LOAD C:/ST/STM32CubeIDE_1.13.0/STM32CubeIDE/plugins/com.st.stm32cube.ide.mcu.externaltools.gnu-tools-for-stm32.11.3.rel1.win32_1.1.0.202305231506/tools/bin/../lib/gcc/arm-none-eabi/11.3.1/../../../../arm-none-eabi/lib/thumb/v7-m/nofp\libc_nano.a
LOAD C:/ST/STM32CubeIDE_1.13.0/STM32CubeIDE/plugins/com.st.stm32cube.ide.mcu.externaltools.gnu-tools-for-stm32.11.3.rel1.win32_1.1.0.202305231506/tools/bin/../lib/gcc/arm-none-eabi/11.3.1/../../../../arm-none-eabi/lib/thumb/v7-m/nofp\libnosys.a
END GROUP
START GROUP
LOAD C:/ST/STM32CubeIDE_1.13.0/STM32CubeIDE/plugins/com.st.stm32cube.ide.mcu.externaltools.gnu-tools-for-stm32.11.3.rel1.win32_1.1.0.202305231506/tools/bin/../lib/gcc/arm-none-eabi/11.3.1/thumb/v7-m/nofp\libgcc.a
LOAD C:/ST/STM32CubeIDE_1.13.0/STM32CubeIDE/plugins/com.st.stm32cube.ide.mcu.externaltools.gnu-tools-for-stm32.11.3.rel1.win32_1.1.0.202305231506/tools/bin/../lib/gcc/arm-none-eabi/11.3.1/../../../../arm-none-eabi/lib/thumb/v7-m/nofp\libc_nano.a
LOAD C:/ST/STM32CubeIDE_1.13.0/STM32CubeIDE/plugins/com.st.stm32cube.ide.mcu.externaltools.gnu-tools-for-stm32.11.3.rel1.win32_1.1.0.202305231506/tools/bin/../lib/gcc/arm-none-eabi/11.3.1/../../../../arm-none-eabi/lib/thumb/v7-m/nofp\libnosys.a
END GROUP
LOAD C:/ST/STM32CubeIDE_1.13.0/STM32CubeIDE/plugins/com.st.stm32cube.ide.mcu.externaltools.gnu-tools-for-stm32.11.3.rel1.win32_1.1.0.202305231506/tools/bin/../lib/gcc/arm-none-eabi/11.3.1/thumb/v7-m/nofp/crtend.o
LOAD C:/ST/STM32CubeIDE_1.13.0/STM32CubeIDE/plugins/com.st.stm32cube.ide.mcu.externaltools.gnu-tools-for-stm32.11.3.rel1.win32_1.1.0.202305231506/tools/bin/../lib/gcc/arm-none-eabi/11.3.1/thumb/v7-m/nofp/crtn.o
                0x0000000020005000                _estack = (ORIGIN (RAM) + LENGTH (RAM))
                0x0000000000000200                _Min_Heap_Size = 0x200
                0x0000000000000400                _Min_Stack_Size = 0x400

.isr_vector     0x0000000008000000      0x130
                0x0000000008000000                . = ALIGN (0x4)
 *(.isr_vector)
 .isr_vector    0x0000000008000000      0x130 ./Startup/startup_stm32f103c8tx.o
                0x0000000008000000                g_pfnVectors
                0x0000000008000130                . = ALIGN (0x4)

.text           0x0000000008000130     0x8f58
                0x0000000008000130                . = ALIGN (0x4)
 *(.text)
 .text          0x0000000008000130       0x40 C:/ST/STM32CubeIDE_1.13.0/STM32CubeIDE/plugins/com.st.stm32cube.ide.mcu.externaltools.gnu-tools-for-stm32.11.3.rel1.win32_1.1.0.202305231506/tools/bin/../lib/gcc/arm-none-eabi/11.3.1/thumb/v7-m/nofp/crtbegin.o
 .text          0x0000000008000170       0x10 C:/ST/STM32CubeIDE_1.13.0/STM32CubeIDE/plugins/com.st.stm32cube.ide.mcu.externaltools.gnu-tools-for-stm32.11.3.rel1.win32_1.1.0.202305231506/tools/bin/../lib/gcc/arm-none-eabi/11.3.1/../../../../arm-none-eabi/lib/thumb/v7-m/nofp\libc_nano.a(libc_a-strlen.o)
                0x0000000008000170                strlen
 .text          0x0000000008000180      0x378 C:/ST/STM32CubeIDE_1.13.0/STM32CubeIDE/plugins/com.st.stm32cube.ide.mcu.externaltools.gnu-tools-for-stm32.11.3.rel1.win32_1.1.0.202305231506/tools/bin/../lib/gcc/arm-none-eabi/11.3.1/thumb/v7-m/nofp\libgcc.a(_arm_addsubdf3.o)
                0x0000000008000180                __aeabi_drsub
                0x0000000008000188                __aeabi_dsub
                0x0000000008000188                __subdf3
                0x000000000800018c                __aeabi_dadd
                0x000000000800018c                __adddf3
                0x0000000008000404                __floatunsidf
                0x0000000008000404                __aeabi_ui2d
                0x0000000008000424                __floatsidf
                0x0000000008000424                __aeabi_i2d
                0x0000000008000448                __aeabi_f2d
                0x0000000008000448                __extendsfdf2
                0x000000000800048c                __floatundidf
                0x000000000800048c                __aeabi_ul2d
                0x000000000800049c                __floatdidf
                0x000000000800049c                __aeabi_l2d
 .text          0x00000000080004f8      0x424 C:/ST/STM32CubeIDE_1.13.0/STM32CubeIDE/plugins/com.st.stm32cube.ide.mcu.externaltools.gnu-tools-for-stm32.11.3.rel1.win32_1.1.0.202305231506/tools/bin/../lib/gcc/arm-none-eabi/11.3.1/thumb/v7-m/nofp\libgcc.a(_arm_muldivdf3.o)
                0x00000000080004f8                __aeabi_dmul
                0x00000000080004f8                __muldf3
                0x000000000800074c                __divdf3
                0x000000000800074c                __aeabi_ddiv
 .text          0x000000000800091c      0x110 C:/ST/STM32CubeIDE_1.13.0/STM32CubeIDE/plugins/com.st.stm32cube.ide.mcu.externaltools.gnu-tools-for-stm32.11.3.rel1.win32_1.1.0.202305231506/tools/bin/../lib/gcc/arm-none-eabi/11.3.1/thumb/v7-m/nofp\libgcc.a(_arm_cmpdf2.o)
                0x000000000800091c                __gtdf2
                0x000000000800091c                __gedf2
                0x0000000008000924                __ltdf2
                0x0000000008000924                __ledf2
                0x000000000800092c                __nedf2
                0x000000000800092c                __eqdf2
                0x000000000800092c                __cmpdf2
                0x00000000080009a8                __aeabi_cdrcmple
                0x00000000080009b8                __aeabi_cdcmpeq
                0x00000000080009b8                __aeabi_cdcmple
                0x00000000080009c8                __aeabi_dcmpeq
                0x00000000080009dc                __aeabi_dcmplt
                0x00000000080009f0                __aeabi_dcmple
                0x0000000008000a04                __aeabi_dcmpge
                0x0000000008000a18                __aeabi_dcmpgt
 .text          0x0000000008000a2c       0x2c C:/ST/STM32CubeIDE_1.13.0/STM32CubeIDE/plugins/com.st.stm32cube.ide.mcu.externaltools.gnu-tools-for-stm32.11.3.rel1.win32_1.1.0.202305231506/tools/bin/../lib/gcc/arm-none-eabi/11.3.1/thumb/v7-m/nofp\libgcc.a(_arm_unorddf2.o)
                0x0000000008000a2c                __unorddf2
                0x0000000008000a2c                __aeabi_dcmpun
 .text          0x0000000008000a58       0x50 C:/ST/STM32CubeIDE_1.13.0/STM32CubeIDE/plugins/com.st.stm32cube.ide.mcu.externaltools.gnu-tools-for-stm32.11.3.rel1.win32_1.1.0.202305231506/tools/bin/../lib/gcc/arm-none-eabi/11.3.1/thumb/v7-m/nofp\libgcc.a(_arm_fixdfsi.o)
                0x0000000008000a58                __aeabi_d2iz
                0x0000000008000a58                __fixdfsi
 .text          0x0000000008000aa8       0x40 C:/ST/STM32CubeIDE_1.13.0/STM32CubeIDE/plugins/com.st.stm32cube.ide.mcu.externaltools.gnu-tools-for-stm32.11.3.rel1.win32_1.1.0.202305231506/tools/bin/../lib/gcc/arm-none-eabi/11.3.1/thumb/v7-m/nofp\libgcc.a(_arm_fixunsdfsi.o)
                0x0000000008000aa8                __aeabi_d2uiz
                0x0000000008000aa8                __fixunsdfsi
 .text          0x0000000008000ae8      0x21c C:/ST/STM32CubeIDE_1.13.0/STM32CubeIDE/plugins/com.st.stm32cube.ide.mcu.externaltools.gnu-tools-for-stm32.11.3.rel1.win32_1.1.0.202305231506/tools/bin/../lib/gcc/arm-none-eabi/11.3.1/thumb/v7-m/nofp\libgcc.a(_arm_addsubsf3.o)
                0x0000000008000ae8                __aeabi_frsub
                0x0000000008000af0                __subsf3
                0x0000000008000af0                __aeabi_fsub
                0x0000000008000af4                __aeabi_fadd
                0x0000000008000af4                __addsf3
                0x0000000008000c54                __aeabi_ui2f
                0x0000000008000c54                __floatunsisf
                0x0000000008000c5c                __aeabi_i2f
                0x0000000008000c5c                __floatsisf
                0x0000000008000c78                __aeabi_ul2f
                0x0000000008000c78                __floatundisf
                0x0000000008000c88                __aeabi_l2f
                0x0000000008000c88                __floatdisf
 .text          0x0000000008000d04      0x2a0 C:/ST/STM32CubeIDE_1.13.0/STM32CubeIDE/plugins/com.st.stm32cube.ide.mcu.externaltools.gnu-tools-for-stm32.11.3.rel1.win32_1.1.0.202305231506/tools/bin/../lib/gcc/arm-none-eabi/11.3.1/thumb/v7-m/nofp\libgcc.a(_arm_muldivsf3.o)
                0x0000000008000d04                __mulsf3
                0x0000000008000d04                __aeabi_fmul
                0x0000000008000e6c                __aeabi_fdiv
                0x0000000008000e6c                __divsf3
 .text          0x0000000008000fa4       0xec C:/ST/STM32CubeIDE_1.13.0/STM32CubeIDE/plugins/com.st.stm32cube.ide.mcu.externaltools.gnu-tools-for-stm32.11.3.rel1.win32_1.1.0.202305231506/tools/bin/../lib/gcc/arm-none-eabi/11.3.1/thumb/v7-m/nofp\libgcc.a(_arm_cmpsf2.o)
                0x0000000008000fa4                __gesf2
                0x0000000008000fa4                __gtsf2
                0x0000000008000fac                __lesf2
                0x0000000008000fac                __ltsf2
                0x0000000008000fb4                __nesf2
                0x0000000008000fb4                __eqsf2
                0x0000000008000fb4                __cmpsf2
                0x0000000008001014                __aeabi_cfrcmple
                0x000000000800101c                __aeabi_cfcmpeq
                0x000000000800101c                __aeabi_cfcmple
                0x000000000800102c                __aeabi_fcmpeq
                0x0000000008001040                __aeabi_fcmplt
                0x0000000008001054                __aeabi_fcmple
                0x0000000008001068                __aeabi_fcmpge
                0x000000000800107c                __aeabi_fcmpgt
 .text          0x0000000008001090       0x40 C:/ST/STM32CubeIDE_1.13.0/STM32CubeIDE/plugins/com.st.stm32cube.ide.mcu.externaltools.gnu-tools-for-stm32.11.3.rel1.win32_1.1.0.202305231506/tools/bin/../lib/gcc/arm-none-eabi/11.3.1/thumb/v7-m/nofp\libgcc.a(_arm_fixunssfsi.o)
                0x0000000008001090                __fixunssfsi
                0x0000000008001090                __aeabi_f2uiz
 *(.text*)
 .text.Pin_Position
                0x00000000080010d0      0x170 ./Drivers/ADC.o
 .text.delay    0x0000000008001240       0x46 ./Drivers/ADC.o
 *fill*         0x0000000008001286        0x2 
 .text.MCAL_ADC_Init
                0x0000000008001288       0xcc ./Drivers/ADC.o
                0x0000000008001288                MCAL_ADC_Init
 .text.EXTI0_IRQHandler
                0x0000000008001354       0x1c ./Drivers/EXTI.o
                0x0000000008001354                EXTI0_IRQHandler
 .text.EXTI1_IRQHandler
                0x0000000008001370       0x1c ./Drivers/EXTI.o
                0x0000000008001370                EXTI1_IRQHandler
 .text.EXTI2_IRQHandler
                0x000000000800138c       0x1c ./Drivers/EXTI.o
                0x000000000800138c                EXTI2_IRQHandler
 .text.EXTI3_IRQHandler
                0x00000000080013a8       0x1c ./Drivers/EXTI.o
                0x00000000080013a8                EXTI3_IRQHandler
 .text.EXTI4_IRQHandler
                0x00000000080013c4       0x1c ./Drivers/EXTI.o
                0x00000000080013c4                EXTI4_IRQHandler
 .text.EXTI9_5_IRQHandler
                0x00000000080013e0       0x8c ./Drivers/EXTI.o
                0x00000000080013e0                EXTI9_5_IRQHandler
 .text.EXTI15_10_IRQHandler
                0x000000000800146c       0xc4 ./Drivers/EXTI.o
                0x000000000800146c                EXTI15_10_IRQHandler
 .text.GET_CRLH_Position
                0x0000000008001530      0x170 ./Drivers/GPIO.o
                0x0000000008001530                GET_CRLH_Position
 .text.MCAL_GPIO_Init
                0x00000000080016a0      0x102 ./Drivers/GPIO.o
                0x00000000080016a0                MCAL_GPIO_Init
 .text.MCAL_GPIO_ReadPin
                0x00000000080017a2       0x2e ./Drivers/GPIO.o
                0x00000000080017a2                MCAL_GPIO_ReadPin
 .text.MCAL_GPIO_WritePin
                0x00000000080017d0       0x2e ./Drivers/GPIO.o
                0x00000000080017d0                MCAL_GPIO_WritePin
 *fill*         0x00000000080017fe        0x2 
 .text.MCAL_NVIC_EnableIRQ
                0x0000000008001800       0x70 ./Drivers/NVIC_Program.o
                0x0000000008001800                MCAL_NVIC_EnableIRQ
 .text.PLL_MUL_Calculator
                0x0000000008001870       0x60 ./Drivers/RCC_program.o
                0x0000000008001870                PLL_MUL_Calculator
 .text.MCAL_RCC_InitSysClock
                0x00000000080018d0       0xf0 ./Drivers/RCC_program.o
                0x00000000080018d0                MCAL_RCC_InitSysClock
 .text.MCAL_RCC_EnablePeripheral
                0x00000000080019c0       0x94 ./Drivers/RCC_program.o
                0x00000000080019c0                MCAL_RCC_EnablePeripheral
 .text.MCAL_RCC_GetSYSCLK
                0x0000000008001a54       0x18 ./Drivers/RCC_program.o
                0x0000000008001a54                MCAL_RCC_GetSYSCLK
 .text.MCAL_RCC_GetHCLK
                0x0000000008001a6c       0x12 ./Drivers/RCC_program.o
                0x0000000008001a6c                MCAL_RCC_GetHCLK
 .text.MCAL_RCC_GetPCLK1
                0x0000000008001a7e       0x12 ./Drivers/RCC_program.o
                0x0000000008001a7e                MCAL_RCC_GetPCLK1
 .text.MCAL_RCC_GetPCLK2
                0x0000000008001a90       0x12 ./Drivers/RCC_program.o
                0x0000000008001a90                MCAL_RCC_GetPCLK2
 .text.CheckFlag_TXE
                0x0000000008001aa2       0x20 ./Drivers/SPI.o
 .text.CheckFlag_RXNE
                0x0000000008001ac2       0x1e ./Drivers/SPI.o
 .text.CheckFlag_ERR
                0x0000000008001ae0       0x20 ./Drivers/SPI.o
 .text.MCAL_SPI_Init
                0x0000000008001b00       0xb4 ./Drivers/SPI.o
                0x0000000008001b00                MCAL_SPI_Init
 .text.MCAL_SPI_GPIO_PINS
                0x0000000008001bb4      0x188 ./Drivers/SPI.o
                0x0000000008001bb4                MCAL_SPI_GPIO_PINS
 .text.MCAL_SPI_TX
                0x0000000008001d3c       0x70 ./Drivers/SPI.o
                0x0000000008001d3c                MCAL_SPI_TX
 .text.SPI1_IRQHandler
                0x0000000008001dac       0x64 ./Drivers/SPI.o
                0x0000000008001dac                SPI1_IRQHandler
 .text.SPI2_IRQHandler
                0x0000000008001e10       0x64 ./Drivers/SPI.o
                0x0000000008001e10                SPI2_IRQHandler
 .text.STK_SetDelay_ms
                0x0000000008001e74       0xa4 ./Drivers/STK_program.o
                0x0000000008001e74                STK_SetDelay_ms
 .text.TIM2_IRQHandler
                0x0000000008001f18       0x2c ./Drivers/Ticker.o
                0x0000000008001f18                TIM2_IRQHandler
 .text.Ticker_Init
                0x0000000008001f44       0x3a ./Drivers/Ticker.o
                0x0000000008001f44                Ticker_Init
 .text.Ticker_Start
                0x0000000008001f7e       0x1c ./Drivers/Ticker.o
                0x0000000008001f7e                Ticker_Start
 .text.Ticker_Stop
                0x0000000008001f9a       0x1c ./Drivers/Ticker.o
                0x0000000008001f9a                Ticker_Stop
 *fill*         0x0000000008001fb6        0x2 
 .text.Ticker_Reset_Count
                0x0000000008001fb8       0x20 ./Drivers/Ticker.o
                0x0000000008001fb8                Ticker_Reset_Count
 .text.Get_ms   0x0000000008001fd8       0x1c ./Drivers/Ticker.o
                0x0000000008001fd8                Get_ms
 .text.Ticker_ms
                0x0000000008001ff4       0x32 ./Drivers/Ticker.o
                0x0000000008001ff4                Ticker_ms
 *fill*         0x0000000008002026        0x2 
 .text.GetIndex
                0x0000000008002028       0x34 ./Drivers/USART.o
 .text.MCAL_USART_Init
                0x000000000800205c      0x100 ./Drivers/USART.o
                0x000000000800205c                MCAL_USART_Init
 .text.MCAL_USART_Send_Data
                0x000000000800215c       0x90 ./Drivers/USART.o
                0x000000000800215c                MCAL_USART_Send_Data
 .text.MCAL_USART_GPIO_SetPins
                0x00000000080021ec      0x1f0 ./Drivers/USART.o
                0x00000000080021ec                MCAL_USART_GPIO_SetPins
 .text.USART1_IRQHandler
                0x00000000080023dc       0x14 ./Drivers/USART.o
                0x00000000080023dc                USART1_IRQHandler
 .text.USART2_IRQHandler
                0x00000000080023f0       0x14 ./Drivers/USART.o
                0x00000000080023f0                USART2_IRQHandler
 .text.USART3_IRQHandler
                0x0000000008002404       0x14 ./Drivers/USART.o
                0x0000000008002404                USART3_IRQHandler
 .text.xEventGroupCreate
                0x0000000008002418       0x2e ./FreeRTOS/event_groups.o
                0x0000000008002418                xEventGroupCreate
 *fill*         0x0000000008002446        0x2 
 .text.xEventGroupWaitBits
                0x0000000008002448      0x114 ./FreeRTOS/event_groups.o
                0x0000000008002448                xEventGroupWaitBits
 .text.xEventGroupClearBits
                0x000000000800255c       0x34 ./FreeRTOS/event_groups.o
                0x000000000800255c                xEventGroupClearBits
 .text.xEventGroupSetBits
                0x0000000008002590       0xda ./FreeRTOS/event_groups.o
                0x0000000008002590                xEventGroupSetBits
 .text.prvTestWaitCondition
                0x000000000800266a       0x42 ./FreeRTOS/event_groups.o
 .text.vListInitialise
                0x00000000080026ac       0x3e ./FreeRTOS/list.o
                0x00000000080026ac                vListInitialise
 .text.vListInitialiseItem
                0x00000000080026ea       0x18 ./FreeRTOS/list.o
                0x00000000080026ea                vListInitialiseItem
 .text.vListInsertEnd
                0x0000000008002702       0x46 ./FreeRTOS/list.o
                0x0000000008002702                vListInsertEnd
 .text.vListInsert
                0x0000000008002748       0x70 ./FreeRTOS/list.o
                0x0000000008002748                vListInsert
 .text.uxListRemove
                0x00000000080027b8       0x52 ./FreeRTOS/list.o
                0x00000000080027b8                uxListRemove
 *fill*         0x000000000800280a        0x2 
 .text.xQueueGenericReset
                0x000000000800280c       0xe8 ./FreeRTOS/queue.o
                0x000000000800280c                xQueueGenericReset
 .text.xQueueGenericCreate
                0x00000000080028f4       0x7e ./FreeRTOS/queue.o
                0x00000000080028f4                xQueueGenericCreate
 .text.prvInitialiseNewQueue
                0x0000000008002972       0x3e ./FreeRTOS/queue.o
 .text.xQueueGenericSend
                0x00000000080029b0      0x154 ./FreeRTOS/queue.o
                0x00000000080029b0                xQueueGenericSend
 .text.xQueueReceive
                0x0000000008002b04      0x144 ./FreeRTOS/queue.o
                0x0000000008002b04                xQueueReceive
 .text.prvCopyDataToQueue
                0x0000000008002c48       0xb8 ./FreeRTOS/queue.o
 .text.prvCopyDataFromQueue
                0x0000000008002d00       0x4c ./FreeRTOS/queue.o
 .text.prvUnlockQueue
                0x0000000008002d4c       0xa4 ./FreeRTOS/queue.o
 .text.prvIsQueueEmpty
                0x0000000008002df0       0x2c ./FreeRTOS/queue.o
 .text.prvIsQueueFull
                0x0000000008002e1c       0x30 ./FreeRTOS/queue.o
 .text.xTaskCreate
                0x0000000008002e4c       0x82 ./FreeRTOS/tasks.o
                0x0000000008002e4c                xTaskCreate
 .text.prvInitialiseNewTask
                0x0000000008002ece       0xf0 ./FreeRTOS/tasks.o
 *fill*         0x0000000008002fbe        0x2 
 .text.prvAddNewTaskToReadyList
                0x0000000008002fc0      0x124 ./FreeRTOS/tasks.o
 .text.vTaskDelay
                0x00000000080030e4       0x48 ./FreeRTOS/tasks.o
                0x00000000080030e4                vTaskDelay
 .text.vTaskSuspend
                0x000000000800312c      0x11c ./FreeRTOS/tasks.o
                0x000000000800312c                vTaskSuspend
 .text.prvTaskIsTaskSuspended
                0x0000000008003248       0x44 ./FreeRTOS/tasks.o
 .text.vTaskResume
                0x000000000800328c       0xf0 ./FreeRTOS/tasks.o
                0x000000000800328c                vTaskResume
 .text.vTaskStartScheduler
                0x000000000800337c       0x78 ./FreeRTOS/tasks.o
                0x000000000800337c                vTaskStartScheduler
 .text.vTaskSuspendAll
                0x00000000080033f4       0x1c ./FreeRTOS/tasks.o
                0x00000000080033f4                vTaskSuspendAll
 .text.xTaskResumeAll
                0x0000000008003410      0x1d8 ./FreeRTOS/tasks.o
                0x0000000008003410                xTaskResumeAll
 .text.xTaskIncrementTick
                0x00000000080035e8      0x20c ./FreeRTOS/tasks.o
                0x00000000080035e8                xTaskIncrementTick
 .text.vTaskSwitchContext
                0x00000000080037f4       0x8c ./FreeRTOS/tasks.o
                0x00000000080037f4                vTaskSwitchContext
 .text.vTaskPlaceOnEventList
                0x0000000008003880       0x2c ./FreeRTOS/tasks.o
                0x0000000008003880                vTaskPlaceOnEventList
 .text.vTaskPlaceOnUnorderedEventList
                0x00000000080038ac       0x70 ./FreeRTOS/tasks.o
                0x00000000080038ac                vTaskPlaceOnUnorderedEventList
 .text.xTaskRemoveFromEventList
                0x000000000800391c      0x190 ./FreeRTOS/tasks.o
                0x000000000800391c                xTaskRemoveFromEventList
 .text.vTaskRemoveFromUnorderedEventList
                0x0000000008003aac      0x140 ./FreeRTOS/tasks.o
                0x0000000008003aac                vTaskRemoveFromUnorderedEventList
 .text.vTaskInternalSetTimeOutState
                0x0000000008003bec       0x2c ./FreeRTOS/tasks.o
                0x0000000008003bec                vTaskInternalSetTimeOutState
 .text.xTaskCheckForTimeOut
                0x0000000008003c18       0x94 ./FreeRTOS/tasks.o
                0x0000000008003c18                xTaskCheckForTimeOut
 .text.vTaskMissedYield
                0x0000000008003cac       0x18 ./FreeRTOS/tasks.o
                0x0000000008003cac                vTaskMissedYield
 .text.prvIdleTask
                0x0000000008003cc4       0x30 ./FreeRTOS/tasks.o
 .text.prvInitialiseTaskLists
                0x0000000008003cf4       0x80 ./FreeRTOS/tasks.o
 .text.prvCheckTasksWaitingTermination
                0x0000000008003d74       0x5c ./FreeRTOS/tasks.o
 .text.prvDeleteTCB
                0x0000000008003dd0       0x20 ./FreeRTOS/tasks.o
 .text.prvResetNextTaskUnblockTime
                0x0000000008003df0       0x34 ./FreeRTOS/tasks.o
 .text.uxTaskResetEventItemValue
                0x0000000008003e24       0x30 ./FreeRTOS/tasks.o
                0x0000000008003e24                uxTaskResetEventItemValue
 .text.prvAddCurrentTaskToDelayedList
                0x0000000008003e54      0x100 ./FreeRTOS/tasks.o
 .text.pxPortInitialiseStack
                0x0000000008003f54       0x58 ./FreeRTOS/portable/GCC/ARM_CM3/port.o
                0x0000000008003f54                pxPortInitialiseStack
 .text.prvTaskExitError
                0x0000000008003fac       0x32 ./FreeRTOS/portable/GCC/ARM_CM3/port.o
 *fill*         0x0000000008003fde        0x2 
 .text.SVC_Handler
                0x0000000008003fe0       0x28 ./FreeRTOS/portable/GCC/ARM_CM3/port.o
                0x0000000008003fe0                SVC_Handler
 .text.prvPortStartFirstTask
                0x0000000008004008       0x24 ./FreeRTOS/portable/GCC/ARM_CM3/port.o
 .text.xPortStartScheduler
                0x000000000800402c       0x40 ./FreeRTOS/portable/GCC/ARM_CM3/port.o
                0x000000000800402c                xPortStartScheduler
 .text.vPortEnterCritical
                0x000000000800406c       0x34 ./FreeRTOS/portable/GCC/ARM_CM3/port.o
                0x000000000800406c                vPortEnterCritical
 .text.vPortExitCritical
                0x00000000080040a0       0x34 ./FreeRTOS/portable/GCC/ARM_CM3/port.o
                0x00000000080040a0                vPortExitCritical
 *fill*         0x00000000080040d4        0xc 
 .text.PendSV_Handler
                0x00000000080040e0       0x48 ./FreeRTOS/portable/GCC/ARM_CM3/port.o
                0x00000000080040e0                PendSV_Handler
 .text.SysTick_Handler
                0x0000000008004128       0x44 ./FreeRTOS/portable/GCC/ARM_CM3/port.o
                0x0000000008004128                SysTick_Handler
 .text.vPortSetupTimerInterrupt
                0x000000000800416c       0x34 ./FreeRTOS/portable/GCC/ARM_CM3/port.o
                0x000000000800416c                vPortSetupTimerInterrupt
 .text.pvPortMalloc
                0x00000000080041a0      0x15c ./FreeRTOS/portable/MemMang/heap_4.o
                0x00000000080041a0                pvPortMalloc
 .text.vPortFree
                0x00000000080042fc       0x80 ./FreeRTOS/portable/MemMang/heap_4.o
                0x00000000080042fc                vPortFree
 .text.prvHeapInit
                0x000000000800437c       0xc4 ./FreeRTOS/portable/MemMang/heap_4.o
 .text.prvInsertBlockIntoFreeList
                0x0000000008004440       0xb0 ./FreeRTOS/portable/MemMang/heap_4.o
 .text.drawPixel
                0x00000000080044f0       0x26 ./HAL/GFX_FUNCTIONS.o
                0x00000000080044f0                drawPixel
 .text.fillRect
                0x0000000008004516       0x38 ./HAL/GFX_FUNCTIONS.o
                0x0000000008004516                fillRect
 .text.writePixel
                0x000000000800454e       0x2a ./HAL/GFX_FUNCTIONS.o
                0x000000000800454e                writePixel
 .text.writeLine
                0x0000000008004578      0x144 ./HAL/GFX_FUNCTIONS.o
                0x0000000008004578                writeLine
 .text.drawFastVLine
                0x00000000080046bc       0x4a ./HAL/GFX_FUNCTIONS.o
                0x00000000080046bc                drawFastVLine
 .text.drawFastHLine
                0x0000000008004706       0x4a ./HAL/GFX_FUNCTIONS.o
                0x0000000008004706                drawFastHLine
 .text.drawRect
                0x0000000008004750       0x82 ./HAL/GFX_FUNCTIONS.o
                0x0000000008004750                drawRect
 .text.fillTriangle
                0x00000000080047d2      0x2be ./HAL/GFX_FUNCTIONS.o
                0x00000000080047d2                fillTriangle
 .text.Send_cmd
                0x0000000008004a90       0x78 ./HAL/MP3.o
                0x0000000008004a90                Send_cmd
 .text.HAL_DF_Init
                0x0000000008004b08       0x2a ./HAL/MP3.o
                0x0000000008004b08                HAL_DF_Init
 .text.HAL_DF_Next
                0x0000000008004b32       0x12 ./HAL/MP3.o
                0x0000000008004b32                HAL_DF_Next
 .text.HAL_DF_Pause
                0x0000000008004b44       0x12 ./HAL/MP3.o
                0x0000000008004b44                HAL_DF_Pause
 .text.HAL_DF_Previous
                0x0000000008004b56       0x12 ./HAL/MP3.o
                0x0000000008004b56                HAL_DF_Previous
 .text.HAL_DF_Playback
                0x0000000008004b68       0x12 ./HAL/MP3.o
                0x0000000008004b68                HAL_DF_Playback
 .text.HAL_DF_SpecifyVolume
                0x0000000008004b7a       0x20 ./HAL/MP3.o
                0x0000000008004b7a                HAL_DF_SpecifyVolume
 .text.HAL_DF_SpecifyTrack
                0x0000000008004b9a       0x26 ./HAL/MP3.o
                0x0000000008004b9a                HAL_DF_SpecifyTrack
 .text.getTrackName
                0x0000000008004bc0       0x20 ./HAL/Tracks.o
                0x0000000008004bc0                getTrackName
 .text.ST7735_Select
                0x0000000008004be0       0x18 ./HAL/st7735.o
 .text.ST7735_Unselect
                0x0000000008004bf8       0x18 ./HAL/st7735.o
                0x0000000008004bf8                ST7735_Unselect
 .text.ST7735_Reset
                0x0000000008004c10       0x2c ./HAL/st7735.o
 .text.ST7735_WriteCommand
                0x0000000008004c3c       0x30 ./HAL/st7735.o
 .text.ST7735_WriteData
                0x0000000008004c6c       0x34 ./HAL/st7735.o
 .text.ST7735_ExecuteCommandList
                0x0000000008004ca0       0x9a ./HAL/st7735.o
 .text.ST7735_SetAddressWindow
                0x0000000008004d3a       0x68 ./HAL/st7735.o
 *fill*         0x0000000008004da2        0x2 
 .text.ST7735_Init
                0x0000000008004da4       0x34 ./HAL/st7735.o
                0x0000000008004da4                ST7735_Init
 .text.ST7735_DrawPixel
                0x0000000008004dd8       0x68 ./HAL/st7735.o
                0x0000000008004dd8                ST7735_DrawPixel
 .text.ST7735_WriteChar
                0x0000000008004e40       0xee ./HAL/st7735.o
 .text.ST7735_WriteString
                0x0000000008004f2e       0x94 ./HAL/st7735.o
                0x0000000008004f2e                ST7735_WriteString
 *fill*         0x0000000008004fc2        0x2 
 .text.ST7735_FillRectangle
                0x0000000008004fc4       0xe4 ./HAL/st7735.o
                0x0000000008004fc4                ST7735_FillRectangle
 .text.ST7735_FillScreen
                0x00000000080050a8       0x22 ./HAL/st7735.o
                0x00000000080050a8                ST7735_FillScreen
 .text.ST7735_DrawImage
                0x00000000080050ca       0x98 ./HAL/st7735.o
                0x00000000080050ca                ST7735_DrawImage
 *fill*         0x0000000008005162        0x2 
 .text.main     0x0000000008005164      0x2ec ./Src/main.o
                0x0000000008005164                main
 .text.vUpdate_Screen_Handler
                0x0000000008005450      0x474 ./Src/main.o
                0x0000000008005450                vUpdate_Screen_Handler
 .text.vMP3_Player_Handler
                0x00000000080058c4      0x1d0 ./Src/main.o
                0x00000000080058c4                vMP3_Player_Handler
 .text.vButton_Handler
                0x0000000008005a94      0x24c ./Src/main.o
                0x0000000008005a94                vButton_Handler
 .text.vTicker_Handler
                0x0000000008005ce0      0x170 ./Src/main.o
                0x0000000008005ce0                vTicker_Handler
 .text.vMenu_Handler
                0x0000000008005e50      0x1a8 ./Src/main.o
                0x0000000008005e50                vMenu_Handler
 .text.Start_Screen
                0x0000000008005ff8      0x1c4 ./Src/main.o
                0x0000000008005ff8                Start_Screen
 .text._getpid  0x00000000080061bc        0xe ./Src/syscalls.o
                0x00000000080061bc                _getpid
 .text._kill    0x00000000080061ca       0x20 ./Src/syscalls.o
                0x00000000080061ca                _kill
 .text._exit    0x00000000080061ea       0x14 ./Src/syscalls.o
                0x00000000080061ea                _exit
 .text._read    0x00000000080061fe       0x3a ./Src/syscalls.o
                0x00000000080061fe                _read
 .text._write   0x0000000008006238       0x38 ./Src/syscalls.o
                0x0000000008006238                _write
 .text._close   0x0000000008006270       0x16 ./Src/syscalls.o
                0x0000000008006270                _close
 .text._fstat   0x0000000008006286       0x1e ./Src/syscalls.o
                0x0000000008006286                _fstat
 .text._isatty  0x00000000080062a4       0x14 ./Src/syscalls.o
                0x00000000080062a4                _isatty
 .text._lseek   0x00000000080062b8       0x18 ./Src/syscalls.o
                0x00000000080062b8                _lseek
 .text._sbrk    0x00000000080062d0       0x6c ./Src/sysmem.o
                0x00000000080062d0                _sbrk
 .text.Reset_Handler
                0x000000000800633c       0x50 ./Startup/startup_stm32f103c8tx.o
                0x000000000800633c                Reset_Handler
 .text.Default_Handler
                0x000000000800638c        0x2 ./Startup/startup_stm32f103c8tx.o
                0x000000000800638c                TIM8_TRG_COM_IRQHandler
                0x000000000800638c                TIM8_CC_IRQHandler
                0x000000000800638c                DebugMon_Handler
                0x000000000800638c                TIM1_CC_IRQHandler
                0x000000000800638c                HardFault_Handler
                0x000000000800638c                TIM6_IRQHandler
                0x000000000800638c                PVD_IRQHandler
                0x000000000800638c                SDIO_IRQHandler
                0x000000000800638c                NMI_Handler
                0x000000000800638c                USB_HP_CAN_TX_IRQHandler
                0x000000000800638c                I2C2_EV_IRQHandler
                0x000000000800638c                UsageFault_Handler
                0x000000000800638c                ADC1_2_IRQHandler
                0x000000000800638c                CAN_SCE_IRQHandler
                0x000000000800638c                TAMPER_IRQHandler
                0x000000000800638c                TIM8_UP_IRQHandler
                0x000000000800638c                DMA2_Channel2_IRQHandler
                0x000000000800638c                DMA1_Channel4_IRQHandler
                0x000000000800638c                RTC_IRQHandler
                0x000000000800638c                DMA1_Channel7_IRQHandler
                0x000000000800638c                UART5_IRQHandler
                0x000000000800638c                ADC3_IRQHandler
                0x000000000800638c                TIM4_IRQHandler
                0x000000000800638c                CAN_RX1_IRQHandler
                0x000000000800638c                DMA2_Channel1_IRQHandler
                0x000000000800638c                I2C1_EV_IRQHandler
                0x000000000800638c                DMA1_Channel6_IRQHandler
                0x000000000800638c                UART4_IRQHandler
                0x000000000800638c                TIM3_IRQHandler
                0x000000000800638c                RCC_IRQHandler
                0x000000000800638c                TIM1_TRG_COM_IRQHandler
                0x000000000800638c                DMA1_Channel1_IRQHandler
                0x000000000800638c                Default_Handler
                0x000000000800638c                TIM7_IRQHandler
                0x000000000800638c                TIM5_IRQHandler
                0x000000000800638c                USB_LP_CAN_RX0_IRQHandler
                0x000000000800638c                MemManage_Handler
                0x000000000800638c                DMA1_Channel5_IRQHandler
                0x000000000800638c                DMA1_Channel3_IRQHandler
                0x000000000800638c                FSMC_IRQHandler
                0x000000000800638c                TIM1_UP_IRQHandler
                0x000000000800638c                WWDG_IRQHandler
                0x000000000800638c                TIM1_BRK_IRQHandler
                0x000000000800638c                RTCAlarm_IRQHandler
                0x000000000800638c                DMA2_Channel4_5_IRQHandler
                0x000000000800638c                I2C2_ER_IRQHandler
                0x000000000800638c                DMA1_Channel2_IRQHandler
                0x000000000800638c                TIM8_BRK_IRQHandler
                0x000000000800638c                FLASH_IRQHandler
                0x000000000800638c                BusFault_Handler
                0x000000000800638c                SPI3_IRQHandler
                0x000000000800638c                I2C1_ER_IRQHandler
                0x000000000800638c                DMA2_Channel3_IRQHandler
 *fill*         0x000000000800638e        0x2 
 .text.malloc   0x0000000008006390       0x10 C:/ST/STM32CubeIDE_1.13.0/STM32CubeIDE/plugins/com.st.stm32cube.ide.mcu.externaltools.gnu-tools-for-stm32.11.3.rel1.win32_1.1.0.202305231506/tools/bin/../lib/gcc/arm-none-eabi/11.3.1/../../../../arm-none-eabi/lib/thumb/v7-m/nofp\libc_nano.a(libc_a-malloc.o)
                0x0000000008006390                malloc
 .text.sbrk_aligned
                0x00000000080063a0       0x40 C:/ST/STM32CubeIDE_1.13.0/STM32CubeIDE/plugins/com.st.stm32cube.ide.mcu.externaltools.gnu-tools-for-stm32.11.3.rel1.win32_1.1.0.202305231506/tools/bin/../lib/gcc/arm-none-eabi/11.3.1/../../../../arm-none-eabi/lib/thumb/v7-m/nofp\libc_nano.a(libc_a-mallocr.o)
 .text._malloc_r
                0x00000000080063e0      0x100 C:/ST/STM32CubeIDE_1.13.0/STM32CubeIDE/plugins/com.st.stm32cube.ide.mcu.externaltools.gnu-tools-for-stm32.11.3.rel1.win32_1.1.0.202305231506/tools/bin/../lib/gcc/arm-none-eabi/11.3.1/../../../../arm-none-eabi/lib/thumb/v7-m/nofp\libc_nano.a(libc_a-mallocr.o)
                0x00000000080063e0                _malloc_r
 .text.__malloc_lock
                0x00000000080064e0        0xc C:/ST/STM32CubeIDE_1.13.0/STM32CubeIDE/plugins/com.st.stm32cube.ide.mcu.externaltools.gnu-tools-for-stm32.11.3.rel1.win32_1.1.0.202305231506/tools/bin/../lib/gcc/arm-none-eabi/11.3.1/../../../../arm-none-eabi/lib/thumb/v7-m/nofp\libc_nano.a(libc_a-mlock.o)
                0x00000000080064e0                __malloc_lock
 .text.__malloc_unlock
                0x00000000080064ec        0xc C:/ST/STM32CubeIDE_1.13.0/STM32CubeIDE/plugins/com.st.stm32cube.ide.mcu.externaltools.gnu-tools-for-stm32.11.3.rel1.win32_1.1.0.202305231506/tools/bin/../lib/gcc/arm-none-eabi/11.3.1/../../../../arm-none-eabi/lib/thumb/v7-m/nofp\libc_nano.a(libc_a-mlock.o)
                0x00000000080064ec                __malloc_unlock
 .text.__cvt    0x00000000080064f8       0xbe C:/ST/STM32CubeIDE_1.13.0/STM32CubeIDE/plugins/com.st.stm32cube.ide.mcu.externaltools.gnu-tools-for-stm32.11.3.rel1.win32_1.1.0.202305231506/tools/bin/../lib/gcc/arm-none-eabi/11.3.1/../../../../arm-none-eabi/lib/thumb/v7-m/nofp\libc_nano.a(libc_a-nano-vfprintf_float.o)
                0x00000000080064f8                __cvt
 .text.__exponent
                0x00000000080065b6       0x7a C:/ST/STM32CubeIDE_1.13.0/STM32CubeIDE/plugins/com.st.stm32cube.ide.mcu.externaltools.gnu-tools-for-stm32.11.3.rel1.win32_1.1.0.202305231506/tools/bin/../lib/gcc/arm-none-eabi/11.3.1/../../../../arm-none-eabi/lib/thumb/v7-m/nofp\libc_nano.a(libc_a-nano-vfprintf_float.o)
                0x00000000080065b6                __exponent
 .text._printf_float
                0x0000000008006630      0x45c C:/ST/STM32CubeIDE_1.13.0/STM32CubeIDE/plugins/com.st.stm32cube.ide.mcu.externaltools.gnu-tools-for-stm32.11.3.rel1.win32_1.1.0.202305231506/tools/bin/../lib/gcc/arm-none-eabi/11.3.1/../../../../arm-none-eabi/lib/thumb/v7-m/nofp\libc_nano.a(libc_a-nano-vfprintf_float.o)
                0x0000000008006630                _printf_float
 .text._printf_common
                0x0000000008006a8c       0xe4 C:/ST/STM32CubeIDE_1.13.0/STM32CubeIDE/plugins/com.st.stm32cube.ide.mcu.externaltools.gnu-tools-for-stm32.11.3.rel1.win32_1.1.0.202305231506/tools/bin/../lib/gcc/arm-none-eabi/11.3.1/../../../../arm-none-eabi/lib/thumb/v7-m/nofp\libc_nano.a(libc_a-nano-vfprintf_i.o)
                0x0000000008006a8c                _printf_common
 .text._printf_i
                0x0000000008006b70      0x244 C:/ST/STM32CubeIDE_1.13.0/STM32CubeIDE/plugins/com.st.stm32cube.ide.mcu.externaltools.gnu-tools-for-stm32.11.3.rel1.win32_1.1.0.202305231506/tools/bin/../lib/gcc/arm-none-eabi/11.3.1/../../../../arm-none-eabi/lib/thumb/v7-m/nofp\libc_nano.a(libc_a-nano-vfprintf_i.o)
                0x0000000008006b70                _printf_i
 .text.std      0x0000000008006db4       0x48 C:/ST/STM32CubeIDE_1.13.0/STM32CubeIDE/plugins/com.st.stm32cube.ide.mcu.externaltools.gnu-tools-for-stm32.11.3.rel1.win32_1.1.0.202305231506/tools/bin/../lib/gcc/arm-none-eabi/11.3.1/../../../../arm-none-eabi/lib/thumb/v7-m/nofp\libc_nano.a(libc_a-findfp.o)
 .text.stdio_exit_handler
                0x0000000008006dfc       0x18 C:/ST/STM32CubeIDE_1.13.0/STM32CubeIDE/plugins/com.st.stm32cube.ide.mcu.externaltools.gnu-tools-for-stm32.11.3.rel1.win32_1.1.0.202305231506/tools/bin/../lib/gcc/arm-none-eabi/11.3.1/../../../../arm-none-eabi/lib/thumb/v7-m/nofp\libc_nano.a(libc_a-findfp.o)
 .text.cleanup_stdio
                0x0000000008006e14       0x40 C:/ST/STM32CubeIDE_1.13.0/STM32CubeIDE/plugins/com.st.stm32cube.ide.mcu.externaltools.gnu-tools-for-stm32.11.3.rel1.win32_1.1.0.202305231506/tools/bin/../lib/gcc/arm-none-eabi/11.3.1/../../../../arm-none-eabi/lib/thumb/v7-m/nofp\libc_nano.a(libc_a-findfp.o)
 .text.global_stdio_init.part.0
                0x0000000008006e54       0x3c C:/ST/STM32CubeIDE_1.13.0/STM32CubeIDE/plugins/com.st.stm32cube.ide.mcu.externaltools.gnu-tools-for-stm32.11.3.rel1.win32_1.1.0.202305231506/tools/bin/../lib/gcc/arm-none-eabi/11.3.1/../../../../arm-none-eabi/lib/thumb/v7-m/nofp\libc_nano.a(libc_a-findfp.o)
 .text.__sfp_lock_acquire
                0x0000000008006e90        0xc C:/ST/STM32CubeIDE_1.13.0/STM32CubeIDE/plugins/com.st.stm32cube.ide.mcu.externaltools.gnu-tools-for-stm32.11.3.rel1.win32_1.1.0.202305231506/tools/bin/../lib/gcc/arm-none-eabi/11.3.1/../../../../arm-none-eabi/lib/thumb/v7-m/nofp\libc_nano.a(libc_a-findfp.o)
                0x0000000008006e90                __sfp_lock_acquire
 .text.__sfp_lock_release
                0x0000000008006e9c        0xc C:/ST/STM32CubeIDE_1.13.0/STM32CubeIDE/plugins/com.st.stm32cube.ide.mcu.externaltools.gnu-tools-for-stm32.11.3.rel1.win32_1.1.0.202305231506/tools/bin/../lib/gcc/arm-none-eabi/11.3.1/../../../../arm-none-eabi/lib/thumb/v7-m/nofp\libc_nano.a(libc_a-findfp.o)
                0x0000000008006e9c                __sfp_lock_release
 .text.__sinit  0x0000000008006ea8       0x30 C:/ST/STM32CubeIDE_1.13.0/STM32CubeIDE/plugins/com.st.stm32cube.ide.mcu.externaltools.gnu-tools-for-stm32.11.3.rel1.win32_1.1.0.202305231506/tools/bin/../lib/gcc/arm-none-eabi/11.3.1/../../../../arm-none-eabi/lib/thumb/v7-m/nofp\libc_nano.a(libc_a-findfp.o)
                0x0000000008006ea8                __sinit
 .text._fwalk_sglue
                0x0000000008006ed8       0x3c C:/ST/STM32CubeIDE_1.13.0/STM32CubeIDE/plugins/com.st.stm32cube.ide.mcu.externaltools.gnu-tools-for-stm32.11.3.rel1.win32_1.1.0.202305231506/tools/bin/../lib/gcc/arm-none-eabi/11.3.1/../../../../arm-none-eabi/lib/thumb/v7-m/nofp\libc_nano.a(libc_a-fwalk.o)
                0x0000000008006ed8                _fwalk_sglue
 .text.snprintf
                0x0000000008006f14       0x68 C:/ST/STM32CubeIDE_1.13.0/STM32CubeIDE/plugins/com.st.stm32cube.ide.mcu.externaltools.gnu-tools-for-stm32.11.3.rel1.win32_1.1.0.202305231506/tools/bin/../lib/gcc/arm-none-eabi/11.3.1/../../../../arm-none-eabi/lib/thumb/v7-m/nofp\libc_nano.a(libc_a-snprintf.o)
                0x0000000008006f14                sniprintf
                0x0000000008006f14                snprintf
 .text.__sread  0x0000000008006f7c       0x22 C:/ST/STM32CubeIDE_1.13.0/STM32CubeIDE/plugins/com.st.stm32cube.ide.mcu.externaltools.gnu-tools-for-stm32.11.3.rel1.win32_1.1.0.202305231506/tools/bin/../lib/gcc/arm-none-eabi/11.3.1/../../../../arm-none-eabi/lib/thumb/v7-m/nofp\libc_nano.a(libc_a-stdio.o)
                0x0000000008006f7c                __sread
 .text.__swrite
                0x0000000008006f9e       0x38 C:/ST/STM32CubeIDE_1.13.0/STM32CubeIDE/plugins/com.st.stm32cube.ide.mcu.externaltools.gnu-tools-for-stm32.11.3.rel1.win32_1.1.0.202305231506/tools/bin/../lib/gcc/arm-none-eabi/11.3.1/../../../../arm-none-eabi/lib/thumb/v7-m/nofp\libc_nano.a(libc_a-stdio.o)
                0x0000000008006f9e                __swrite
 .text.__sseek  0x0000000008006fd6       0x24 C:/ST/STM32CubeIDE_1.13.0/STM32CubeIDE/plugins/com.st.stm32cube.ide.mcu.externaltools.gnu-tools-for-stm32.11.3.rel1.win32_1.1.0.202305231506/tools/bin/../lib/gcc/arm-none-eabi/11.3.1/../../../../arm-none-eabi/lib/thumb/v7-m/nofp\libc_nano.a(libc_a-stdio.o)
                0x0000000008006fd6                __sseek
 .text.__sclose
                0x0000000008006ffa        0x8 C:/ST/STM32CubeIDE_1.13.0/STM32CubeIDE/plugins/com.st.stm32cube.ide.mcu.externaltools.gnu-tools-for-stm32.11.3.rel1.win32_1.1.0.202305231506/tools/bin/../lib/gcc/arm-none-eabi/11.3.1/../../../../arm-none-eabi/lib/thumb/v7-m/nofp\libc_nano.a(libc_a-stdio.o)
                0x0000000008006ffa                __sclose
 .text.memset   0x0000000008007002       0x10 C:/ST/STM32CubeIDE_1.13.0/STM32CubeIDE/plugins/com.st.stm32cube.ide.mcu.externaltools.gnu-tools-for-stm32.11.3.rel1.win32_1.1.0.202305231506/tools/bin/../lib/gcc/arm-none-eabi/11.3.1/../../../../arm-none-eabi/lib/thumb/v7-m/nofp\libc_nano.a(libc_a-memset.o)
                0x0000000008007002                memset
 *fill*         0x0000000008007012        0x2 
 .text._localeconv_r
                0x0000000008007014        0x8 C:/ST/STM32CubeIDE_1.13.0/STM32CubeIDE/plugins/com.st.stm32cube.ide.mcu.externaltools.gnu-tools-for-stm32.11.3.rel1.win32_1.1.0.202305231506/tools/bin/../lib/gcc/arm-none-eabi/11.3.1/../../../../arm-none-eabi/lib/thumb/v7-m/nofp\libc_nano.a(libc_a-localeconv.o)
                0x0000000008007014                _localeconv_r
 .text._close_r
                0x000000000800701c       0x20 C:/ST/STM32CubeIDE_1.13.0/STM32CubeIDE/plugins/com.st.stm32cube.ide.mcu.externaltools.gnu-tools-for-stm32.11.3.rel1.win32_1.1.0.202305231506/tools/bin/../lib/gcc/arm-none-eabi/11.3.1/../../../../arm-none-eabi/lib/thumb/v7-m/nofp\libc_nano.a(libc_a-closer.o)
                0x000000000800701c                _close_r
 .text._lseek_r
                0x000000000800703c       0x24 C:/ST/STM32CubeIDE_1.13.0/STM32CubeIDE/plugins/com.st.stm32cube.ide.mcu.externaltools.gnu-tools-for-stm32.11.3.rel1.win32_1.1.0.202305231506/tools/bin/../lib/gcc/arm-none-eabi/11.3.1/../../../../arm-none-eabi/lib/thumb/v7-m/nofp\libc_nano.a(libc_a-lseekr.o)
                0x000000000800703c                _lseek_r
 .text._read_r  0x0000000008007060       0x24 C:/ST/STM32CubeIDE_1.13.0/STM32CubeIDE/plugins/com.st.stm32cube.ide.mcu.externaltools.gnu-tools-for-stm32.11.3.rel1.win32_1.1.0.202305231506/tools/bin/../lib/gcc/arm-none-eabi/11.3.1/../../../../arm-none-eabi/lib/thumb/v7-m/nofp\libc_nano.a(libc_a-readr.o)
                0x0000000008007060                _read_r
 .text._sbrk_r  0x0000000008007084       0x20 C:/ST/STM32CubeIDE_1.13.0/STM32CubeIDE/plugins/com.st.stm32cube.ide.mcu.externaltools.gnu-tools-for-stm32.11.3.rel1.win32_1.1.0.202305231506/tools/bin/../lib/gcc/arm-none-eabi/11.3.1/../../../../arm-none-eabi/lib/thumb/v7-m/nofp\libc_nano.a(libc_a-sbrkr.o)
                0x0000000008007084                _sbrk_r
 .text._write_r
                0x00000000080070a4       0x24 C:/ST/STM32CubeIDE_1.13.0/STM32CubeIDE/plugins/com.st.stm32cube.ide.mcu.externaltools.gnu-tools-for-stm32.11.3.rel1.win32_1.1.0.202305231506/tools/bin/../lib/gcc/arm-none-eabi/11.3.1/../../../../arm-none-eabi/lib/thumb/v7-m/nofp\libc_nano.a(libc_a-writer.o)
                0x00000000080070a4                _write_r
 .text.__errno  0x00000000080070c8        0xc C:/ST/STM32CubeIDE_1.13.0/STM32CubeIDE/plugins/com.st.stm32cube.ide.mcu.externaltools.gnu-tools-for-stm32.11.3.rel1.win32_1.1.0.202305231506/tools/bin/../lib/gcc/arm-none-eabi/11.3.1/../../../../arm-none-eabi/lib/thumb/v7-m/nofp\libc_nano.a(libc_a-errno.o)
                0x00000000080070c8                __errno
 .text.__libc_init_array
                0x00000000080070d4       0x48 C:/ST/STM32CubeIDE_1.13.0/STM32CubeIDE/plugins/com.st.stm32cube.ide.mcu.externaltools.gnu-tools-for-stm32.11.3.rel1.win32_1.1.0.202305231506/tools/bin/../lib/gcc/arm-none-eabi/11.3.1/../../../../arm-none-eabi/lib/thumb/v7-m/nofp\libc_nano.a(libc_a-init.o)
                0x00000000080070d4                __libc_init_array
 .text.__retarget_lock_acquire_recursive
                0x000000000800711c        0x2 C:/ST/STM32CubeIDE_1.13.0/STM32CubeIDE/plugins/com.st.stm32cube.ide.mcu.externaltools.gnu-tools-for-stm32.11.3.rel1.win32_1.1.0.202305231506/tools/bin/../lib/gcc/arm-none-eabi/11.3.1/../../../../arm-none-eabi/lib/thumb/v7-m/nofp\libc_nano.a(libc_a-lock.o)
                0x000000000800711c                __retarget_lock_acquire_recursive
 .text.__retarget_lock_release_recursive
                0x000000000800711e        0x2 C:/ST/STM32CubeIDE_1.13.0/STM32CubeIDE/plugins/com.st.stm32cube.ide.mcu.externaltools.gnu-tools-for-stm32.11.3.rel1.win32_1.1.0.202305231506/tools/bin/../lib/gcc/arm-none-eabi/11.3.1/../../../../arm-none-eabi/lib/thumb/v7-m/nofp\libc_nano.a(libc_a-lock.o)
                0x000000000800711e                __retarget_lock_release_recursive
 .text.memchr   0x0000000008007120       0x1c C:/ST/STM32CubeIDE_1.13.0/STM32CubeIDE/plugins/com.st.stm32cube.ide.mcu.externaltools.gnu-tools-for-stm32.11.3.rel1.win32_1.1.0.202305231506/tools/bin/../lib/gcc/arm-none-eabi/11.3.1/../../../../arm-none-eabi/lib/thumb/v7-m/nofp\libc_nano.a(libc_a-memchr-stub.o)
                0x0000000008007120                memchr
 .text.memcpy   0x000000000800713c       0x1c C:/ST/STM32CubeIDE_1.13.0/STM32CubeIDE/plugins/com.st.stm32cube.ide.mcu.externaltools.gnu-tools-for-stm32.11.3.rel1.win32_1.1.0.202305231506/tools/bin/../lib/gcc/arm-none-eabi/11.3.1/../../../../arm-none-eabi/lib/thumb/v7-m/nofp\libc_nano.a(libc_a-memcpy-stub.o)
                0x000000000800713c                memcpy
 .text.quorem   0x0000000008007158      0x112 C:/ST/STM32CubeIDE_1.13.0/STM32CubeIDE/plugins/com.st.stm32cube.ide.mcu.externaltools.gnu-tools-for-stm32.11.3.rel1.win32_1.1.0.202305231506/tools/bin/../lib/gcc/arm-none-eabi/11.3.1/../../../../arm-none-eabi/lib/thumb/v7-m/nofp\libc_nano.a(libc_a-dtoa.o)
 *fill*         0x000000000800726a        0x6 
 .text._dtoa_r  0x0000000008007270      0xbc8 C:/ST/STM32CubeIDE_1.13.0/STM32CubeIDE/plugins/com.st.stm32cube.ide.mcu.externaltools.gnu-tools-for-stm32.11.3.rel1.win32_1.1.0.202305231506/tools/bin/../lib/gcc/arm-none-eabi/11.3.1/../../../../arm-none-eabi/lib/thumb/v7-m/nofp\libc_nano.a(libc_a-dtoa.o)
                0x0000000008007270                _dtoa_r
 .text._free_r  0x0000000008007e38       0x90 C:/ST/STM32CubeIDE_1.13.0/STM32CubeIDE/plugins/com.st.stm32cube.ide.mcu.externaltools.gnu-tools-for-stm32.11.3.rel1.win32_1.1.0.202305231506/tools/bin/../lib/gcc/arm-none-eabi/11.3.1/../../../../arm-none-eabi/lib/thumb/v7-m/nofp\libc_nano.a(libc_a-freer.o)
                0x0000000008007e38                _free_r
 .text._Balloc  0x0000000008007ec8       0x80 C:/ST/STM32CubeIDE_1.13.0/STM32CubeIDE/plugins/com.st.stm32cube.ide.mcu.externaltools.gnu-tools-for-stm32.11.3.rel1.win32_1.1.0.202305231506/tools/bin/../lib/gcc/arm-none-eabi/11.3.1/../../../../arm-none-eabi/lib/thumb/v7-m/nofp\libc_nano.a(libc_a-mprec.o)
                0x0000000008007ec8                _Balloc
 .text._Bfree   0x0000000008007f48       0x44 C:/ST/STM32CubeIDE_1.13.0/STM32CubeIDE/plugins/com.st.stm32cube.ide.mcu.externaltools.gnu-tools-for-stm32.11.3.rel1.win32_1.1.0.202305231506/tools/bin/../lib/gcc/arm-none-eabi/11.3.1/../../../../arm-none-eabi/lib/thumb/v7-m/nofp\libc_nano.a(libc_a-mprec.o)
                0x0000000008007f48                _Bfree
 .text.__multadd
                0x0000000008007f8c       0x8c C:/ST/STM32CubeIDE_1.13.0/STM32CubeIDE/plugins/com.st.stm32cube.ide.mcu.externaltools.gnu-tools-for-stm32.11.3.rel1.win32_1.1.0.202305231506/tools/bin/../lib/gcc/arm-none-eabi/11.3.1/../../../../arm-none-eabi/lib/thumb/v7-m/nofp\libc_nano.a(libc_a-mprec.o)
                0x0000000008007f8c                __multadd
 .text.__hi0bits
                0x0000000008008018       0x40 C:/ST/STM32CubeIDE_1.13.0/STM32CubeIDE/plugins/com.st.stm32cube.ide.mcu.externaltools.gnu-tools-for-stm32.11.3.rel1.win32_1.1.0.202305231506/tools/bin/../lib/gcc/arm-none-eabi/11.3.1/../../../../arm-none-eabi/lib/thumb/v7-m/nofp\libc_nano.a(libc_a-mprec.o)
                0x0000000008008018                __hi0bits
 .text.__lo0bits
                0x0000000008008058       0x5a C:/ST/STM32CubeIDE_1.13.0/STM32CubeIDE/plugins/com.st.stm32cube.ide.mcu.externaltools.gnu-tools-for-stm32.11.3.rel1.win32_1.1.0.202305231506/tools/bin/../lib/gcc/arm-none-eabi/11.3.1/../../../../arm-none-eabi/lib/thumb/v7-m/nofp\libc_nano.a(libc_a-mprec.o)
                0x0000000008008058                __lo0bits
 *fill*         0x00000000080080b2        0x2 
 .text.__i2b    0x00000000080080b4       0x2c C:/ST/STM32CubeIDE_1.13.0/STM32CubeIDE/plugins/com.st.stm32cube.ide.mcu.externaltools.gnu-tools-for-stm32.11.3.rel1.win32_1.1.0.202305231506/tools/bin/../lib/gcc/arm-none-eabi/11.3.1/../../../../arm-none-eabi/lib/thumb/v7-m/nofp\libc_nano.a(libc_a-mprec.o)
                0x00000000080080b4                __i2b
 .text.__multiply
                0x00000000080080e0      0x150 C:/ST/STM32CubeIDE_1.13.0/STM32CubeIDE/plugins/com.st.stm32cube.ide.mcu.externaltools.gnu-tools-for-stm32.11.3.rel1.win32_1.1.0.202305231506/tools/bin/../lib/gcc/arm-none-eabi/11.3.1/../../../../arm-none-eabi/lib/thumb/v7-m/nofp\libc_nano.a(libc_a-mprec.o)
                0x00000000080080e0                __multiply
 .text.__pow5mult
                0x0000000008008230       0xb4 C:/ST/STM32CubeIDE_1.13.0/STM32CubeIDE/plugins/com.st.stm32cube.ide.mcu.externaltools.gnu-tools-for-stm32.11.3.rel1.win32_1.1.0.202305231506/tools/bin/../lib/gcc/arm-none-eabi/11.3.1/../../../../arm-none-eabi/lib/thumb/v7-m/nofp\libc_nano.a(libc_a-mprec.o)
                0x0000000008008230                __pow5mult
 .text.__lshift
                0x00000000080082e4       0xd8 C:/ST/STM32CubeIDE_1.13.0/STM32CubeIDE/plugins/com.st.stm32cube.ide.mcu.externaltools.gnu-tools-for-stm32.11.3.rel1.win32_1.1.0.202305231506/tools/bin/../lib/gcc/arm-none-eabi/11.3.1/../../../../arm-none-eabi/lib/thumb/v7-m/nofp\libc_nano.a(libc_a-mprec.o)
                0x00000000080082e4                __lshift
 .text.__mcmp   0x00000000080083bc       0x36 C:/ST/STM32CubeIDE_1.13.0/STM32CubeIDE/plugins/com.st.stm32cube.ide.mcu.externaltools.gnu-tools-for-stm32.11.3.rel1.win32_1.1.0.202305231506/tools/bin/../lib/gcc/arm-none-eabi/11.3.1/../../../../arm-none-eabi/lib/thumb/v7-m/nofp\libc_nano.a(libc_a-mprec.o)
                0x00000000080083bc                __mcmp
 *fill*         0x00000000080083f2        0x2 
 .text.__mdiff  0x00000000080083f4      0x118 C:/ST/STM32CubeIDE_1.13.0/STM32CubeIDE/plugins/com.st.stm32cube.ide.mcu.externaltools.gnu-tools-for-stm32.11.3.rel1.win32_1.1.0.202305231506/tools/bin/../lib/gcc/arm-none-eabi/11.3.1/../../../../arm-none-eabi/lib/thumb/v7-m/nofp\libc_nano.a(libc_a-mprec.o)
                0x00000000080083f4                __mdiff
 .text.__d2b    0x000000000800850c       0xac C:/ST/STM32CubeIDE_1.13.0/STM32CubeIDE/plugins/com.st.stm32cube.ide.mcu.externaltools.gnu-tools-for-stm32.11.3.rel1.win32_1.1.0.202305231506/tools/bin/../lib/gcc/arm-none-eabi/11.3.1/../../../../arm-none-eabi/lib/thumb/v7-m/nofp\libc_nano.a(libc_a-mprec.o)
                0x000000000800850c                __d2b
 .text.__ssputs_r
                0x00000000080085b8       0xb4 C:/ST/STM32CubeIDE_1.13.0/STM32CubeIDE/plugins/com.st.stm32cube.ide.mcu.externaltools.gnu-tools-for-stm32.11.3.rel1.win32_1.1.0.202305231506/tools/bin/../lib/gcc/arm-none-eabi/11.3.1/../../../../arm-none-eabi/lib/thumb/v7-m/nofp\libc_nano.a(libc_a-nano-svfprintf.o)
                0x00000000080085b8                __ssputs_r
 .text._svfprintf_r
                0x000000000800866c      0x1fc C:/ST/STM32CubeIDE_1.13.0/STM32CubeIDE/plugins/com.st.stm32cube.ide.mcu.externaltools.gnu-tools-for-stm32.11.3.rel1.win32_1.1.0.202305231506/tools/bin/../lib/gcc/arm-none-eabi/11.3.1/../../../../arm-none-eabi/lib/thumb/v7-m/nofp\libc_nano.a(libc_a-nano-svfprintf.o)
                0x000000000800866c                _svfiprintf_r
                0x000000000800866c                _svfprintf_r
 .text.__sflush_r
                0x0000000008008868      0x104 C:/ST/STM32CubeIDE_1.13.0/STM32CubeIDE/plugins/com.st.stm32cube.ide.mcu.externaltools.gnu-tools-for-stm32.11.3.rel1.win32_1.1.0.202305231506/tools/bin/../lib/gcc/arm-none-eabi/11.3.1/../../../../arm-none-eabi/lib/thumb/v7-m/nofp\libc_nano.a(libc_a-fflush.o)
                0x0000000008008868                __sflush_r
 .text._fflush_r
                0x000000000800896c       0x50 C:/ST/STM32CubeIDE_1.13.0/STM32CubeIDE/plugins/com.st.stm32cube.ide.mcu.externaltools.gnu-tools-for-stm32.11.3.rel1.win32_1.1.0.202305231506/tools/bin/../lib/gcc/arm-none-eabi/11.3.1/../../../../arm-none-eabi/lib/thumb/v7-m/nofp\libc_nano.a(libc_a-fflush.o)
                0x000000000800896c                _fflush_r
 .text.memmove  0x00000000080089bc       0x34 C:/ST/STM32CubeIDE_1.13.0/STM32CubeIDE/plugins/com.st.stm32cube.ide.mcu.externaltools.gnu-tools-for-stm32.11.3.rel1.win32_1.1.0.202305231506/tools/bin/../lib/gcc/arm-none-eabi/11.3.1/../../../../arm-none-eabi/lib/thumb/v7-m/nofp\libc_nano.a(libc_a-memmove.o)
                0x00000000080089bc                memmove
 .text.__assert_func
                0x00000000080089f0       0x3c C:/ST/STM32CubeIDE_1.13.0/STM32CubeIDE/plugins/com.st.stm32cube.ide.mcu.externaltools.gnu-tools-for-stm32.11.3.rel1.win32_1.1.0.202305231506/tools/bin/../lib/gcc/arm-none-eabi/11.3.1/../../../../arm-none-eabi/lib/thumb/v7-m/nofp\libc_nano.a(libc_a-assert.o)
                0x00000000080089f0                __assert_func
 .text._calloc_r
                0x0000000008008a2c       0x28 C:/ST/STM32CubeIDE_1.13.0/STM32CubeIDE/plugins/com.st.stm32cube.ide.mcu.externaltools.gnu-tools-for-stm32.11.3.rel1.win32_1.1.0.202305231506/tools/bin/../lib/gcc/arm-none-eabi/11.3.1/../../../../arm-none-eabi/lib/thumb/v7-m/nofp\libc_nano.a(libc_a-callocr.o)
                0x0000000008008a2c                _calloc_r
 .text.__ascii_mbtowc
                0x0000000008008a54       0x24 C:/ST/STM32CubeIDE_1.13.0/STM32CubeIDE/plugins/com.st.stm32cube.ide.mcu.externaltools.gnu-tools-for-stm32.11.3.rel1.win32_1.1.0.202305231506/tools/bin/../lib/gcc/arm-none-eabi/11.3.1/../../../../arm-none-eabi/lib/thumb/v7-m/nofp\libc_nano.a(libc_a-mbtowc_r.o)
                0x0000000008008a54                __ascii_mbtowc
 .text._realloc_r
                0x0000000008008a78       0x5e C:/ST/STM32CubeIDE_1.13.0/STM32CubeIDE/plugins/com.st.stm32cube.ide.mcu.externaltools.gnu-tools-for-stm32.11.3.rel1.win32_1.1.0.202305231506/tools/bin/../lib/gcc/arm-none-eabi/11.3.1/../../../../arm-none-eabi/lib/thumb/v7-m/nofp\libc_nano.a(libc_a-reallocr.o)
                0x0000000008008a78                _realloc_r
 .text.__ascii_wctomb
                0x0000000008008ad6       0x1a C:/ST/STM32CubeIDE_1.13.0/STM32CubeIDE/plugins/com.st.stm32cube.ide.mcu.externaltools.gnu-tools-for-stm32.11.3.rel1.win32_1.1.0.202305231506/tools/bin/../lib/gcc/arm-none-eabi/11.3.1/../../../../arm-none-eabi/lib/thumb/v7-m/nofp\libc_nano.a(libc_a-wctomb_r.o)
                0x0000000008008ad6                __ascii_wctomb
 .text.fprintf  0x0000000008008af0       0x24 C:/ST/STM32CubeIDE_1.13.0/STM32CubeIDE/plugins/com.st.stm32cube.ide.mcu.externaltools.gnu-tools-for-stm32.11.3.rel1.win32_1.1.0.202305231506/tools/bin/../lib/gcc/arm-none-eabi/11.3.1/../../../../arm-none-eabi/lib/thumb/v7-m/nofp\libc_nano.a(libc_a-fprintf.o)
                0x0000000008008af0                fiprintf
                0x0000000008008af0                fprintf
 .text.abort    0x0000000008008b14        0xe C:/ST/STM32CubeIDE_1.13.0/STM32CubeIDE/plugins/com.st.stm32cube.ide.mcu.externaltools.gnu-tools-for-stm32.11.3.rel1.win32_1.1.0.202305231506/tools/bin/../lib/gcc/arm-none-eabi/11.3.1/../../../../arm-none-eabi/lib/thumb/v7-m/nofp\libc_nano.a(libc_a-abort.o)
                0x0000000008008b14                abort
 .text._malloc_usable_size_r
                0x0000000008008b22       0x10 C:/ST/STM32CubeIDE_1.13.0/STM32CubeIDE/plugins/com.st.stm32cube.ide.mcu.externaltools.gnu-tools-for-stm32.11.3.rel1.win32_1.1.0.202305231506/tools/bin/../lib/gcc/arm-none-eabi/11.3.1/../../../../arm-none-eabi/lib/thumb/v7-m/nofp\libc_nano.a(libc_a-msizer.o)
                0x0000000008008b22                _malloc_usable_size_r
 .text.__sfputc_r
                0x0000000008008b32       0x2a C:/ST/STM32CubeIDE_1.13.0/STM32CubeIDE/plugins/com.st.stm32cube.ide.mcu.externaltools.gnu-tools-for-stm32.11.3.rel1.win32_1.1.0.202305231506/tools/bin/../lib/gcc/arm-none-eabi/11.3.1/../../../../arm-none-eabi/lib/thumb/v7-m/nofp\libc_nano.a(libc_a-nano-vfprintf.o)
 .text.__sfputs_r
                0x0000000008008b5c       0x24 C:/ST/STM32CubeIDE_1.13.0/STM32CubeIDE/plugins/com.st.stm32cube.ide.mcu.externaltools.gnu-tools-for-stm32.11.3.rel1.win32_1.1.0.202305231506/tools/bin/../lib/gcc/arm-none-eabi/11.3.1/../../../../arm-none-eabi/lib/thumb/v7-m/nofp\libc_nano.a(libc_a-nano-vfprintf.o)
                0x0000000008008b5c                __sfputs_r
 .text._vfprintf_r
                0x0000000008008b80      0x234 C:/ST/STM32CubeIDE_1.13.0/STM32CubeIDE/plugins/com.st.stm32cube.ide.mcu.externaltools.gnu-tools-for-stm32.11.3.rel1.win32_1.1.0.202305231506/tools/bin/../lib/gcc/arm-none-eabi/11.3.1/../../../../arm-none-eabi/lib/thumb/v7-m/nofp\libc_nano.a(libc_a-nano-vfprintf.o)
                0x0000000008008b80                _vfprintf_r
                0x0000000008008b80                _vfiprintf_r
 .text.__swbuf_r
                0x0000000008008db4       0x7a C:/ST/STM32CubeIDE_1.13.0/STM32CubeIDE/plugins/com.st.stm32cube.ide.mcu.externaltools.gnu-tools-for-stm32.11.3.rel1.win32_1.1.0.202305231506/tools/bin/../lib/gcc/arm-none-eabi/11.3.1/../../../../arm-none-eabi/lib/thumb/v7-m/nofp\libc_nano.a(libc_a-wbuf.o)
                0x0000000008008db4                __swbuf_r
 *fill*         0x0000000008008e2e        0x2 
 .text.__swsetup_r
                0x0000000008008e30       0xb0 C:/ST/STM32CubeIDE_1.13.0/STM32CubeIDE/plugins/com.st.stm32cube.ide.mcu.externaltools.gnu-tools-for-stm32.11.3.rel1.win32_1.1.0.202305231506/tools/bin/../lib/gcc/arm-none-eabi/11.3.1/../../../../arm-none-eabi/lib/thumb/v7-m/nofp\libc_nano.a(libc_a-wsetup.o)
                0x0000000008008e30                __swsetup_r
 .text._raise_r
                0x0000000008008ee0       0x50 C:/ST/STM32CubeIDE_1.13.0/STM32CubeIDE/plugins/com.st.stm32cube.ide.mcu.externaltools.gnu-tools-for-stm32.11.3.rel1.win32_1.1.0.202305231506/tools/bin/../lib/gcc/arm-none-eabi/11.3.1/../../../../arm-none-eabi/lib/thumb/v7-m/nofp\libc_nano.a(libc_a-signal.o)
                0x0000000008008ee0                _raise_r
 .text.raise    0x0000000008008f30       0x10 C:/ST/STM32CubeIDE_1.13.0/STM32CubeIDE/plugins/com.st.stm32cube.ide.mcu.externaltools.gnu-tools-for-stm32.11.3.rel1.win32_1.1.0.202305231506/tools/bin/../lib/gcc/arm-none-eabi/11.3.1/../../../../arm-none-eabi/lib/thumb/v7-m/nofp\libc_nano.a(libc_a-signal.o)
                0x0000000008008f30                raise
 .text._kill_r  0x0000000008008f40       0x24 C:/ST/STM32CubeIDE_1.13.0/STM32CubeIDE/plugins/com.st.stm32cube.ide.mcu.externaltools.gnu-tools-for-stm32.11.3.rel1.win32_1.1.0.202305231506/tools/bin/../lib/gcc/arm-none-eabi/11.3.1/../../../../arm-none-eabi/lib/thumb/v7-m/nofp\libc_nano.a(libc_a-signalr.o)
                0x0000000008008f40                _kill_r
 .text._getpid_r
                0x0000000008008f64        0x4 C:/ST/STM32CubeIDE_1.13.0/STM32CubeIDE/plugins/com.st.stm32cube.ide.mcu.externaltools.gnu-tools-for-stm32.11.3.rel1.win32_1.1.0.202305231506/tools/bin/../lib/gcc/arm-none-eabi/11.3.1/../../../../arm-none-eabi/lib/thumb/v7-m/nofp\libc_nano.a(libc_a-signalr.o)
                0x0000000008008f64                _getpid_r
 .text.__swhatbuf_r
                0x0000000008008f68       0x4a C:/ST/STM32CubeIDE_1.13.0/STM32CubeIDE/plugins/com.st.stm32cube.ide.mcu.externaltools.gnu-tools-for-stm32.11.3.rel1.win32_1.1.0.202305231506/tools/bin/../lib/gcc/arm-none-eabi/11.3.1/../../../../arm-none-eabi/lib/thumb/v7-m/nofp\libc_nano.a(libc_a-makebuf.o)
                0x0000000008008f68                __swhatbuf_r
 .text.__smakebuf_r
                0x0000000008008fb2       0x78 C:/ST/STM32CubeIDE_1.13.0/STM32CubeIDE/plugins/com.st.stm32cube.ide.mcu.externaltools.gnu-tools-for-stm32.11.3.rel1.win32_1.1.0.202305231506/tools/bin/../lib/gcc/arm-none-eabi/11.3.1/../../../../arm-none-eabi/lib/thumb/v7-m/nofp\libc_nano.a(libc_a-makebuf.o)
                0x0000000008008fb2                __smakebuf_r
 *fill*         0x000000000800902a        0x2 
 .text._fstat_r
                0x000000000800902c       0x24 C:/ST/STM32CubeIDE_1.13.0/STM32CubeIDE/plugins/com.st.stm32cube.ide.mcu.externaltools.gnu-tools-for-stm32.11.3.rel1.win32_1.1.0.202305231506/tools/bin/../lib/gcc/arm-none-eabi/11.3.1/../../../../arm-none-eabi/lib/thumb/v7-m/nofp\libc_nano.a(libc_a-fstatr.o)
                0x000000000800902c                _fstat_r
 .text._isatty_r
                0x0000000008009050       0x20 C:/ST/STM32CubeIDE_1.13.0/STM32CubeIDE/plugins/com.st.stm32cube.ide.mcu.externaltools.gnu-tools-for-stm32.11.3.rel1.win32_1.1.0.202305231506/tools/bin/../lib/gcc/arm-none-eabi/11.3.1/../../../../arm-none-eabi/lib/thumb/v7-m/nofp\libc_nano.a(libc_a-isattyr.o)
                0x0000000008009050                _isatty_r
 *(.glue_7)
 .glue_7        0x0000000008009070        0x0 linker stubs
 *(.glue_7t)
 .glue_7t       0x0000000008009070        0x0 linker stubs
 *(.eh_frame)
 .eh_frame      0x0000000008009070        0x0 C:/ST/STM32CubeIDE_1.13.0/STM32CubeIDE/plugins/com.st.stm32cube.ide.mcu.externaltools.gnu-tools-for-stm32.11.3.rel1.win32_1.1.0.202305231506/tools/bin/../lib/gcc/arm-none-eabi/11.3.1/thumb/v7-m/nofp/crtbegin.o
 *(.init)
 .init          0x0000000008009070        0x4 C:/ST/STM32CubeIDE_1.13.0/STM32CubeIDE/plugins/com.st.stm32cube.ide.mcu.externaltools.gnu-tools-for-stm32.11.3.rel1.win32_1.1.0.202305231506/tools/bin/../lib/gcc/arm-none-eabi/11.3.1/thumb/v7-m/nofp/crti.o
                0x0000000008009070                _init
 .init          0x0000000008009074        0x8 C:/ST/STM32CubeIDE_1.13.0/STM32CubeIDE/plugins/com.st.stm32cube.ide.mcu.externaltools.gnu-tools-for-stm32.11.3.rel1.win32_1.1.0.202305231506/tools/bin/../lib/gcc/arm-none-eabi/11.3.1/thumb/v7-m/nofp/crtn.o
 *(.fini)
 .fini          0x000000000800907c        0x4 C:/ST/STM32CubeIDE_1.13.0/STM32CubeIDE/plugins/com.st.stm32cube.ide.mcu.externaltools.gnu-tools-for-stm32.11.3.rel1.win32_1.1.0.202305231506/tools/bin/../lib/gcc/arm-none-eabi/11.3.1/thumb/v7-m/nofp/crti.o
                0x000000000800907c                _fini
 .fini          0x0000000008009080        0x8 C:/ST/STM32CubeIDE_1.13.0/STM32CubeIDE/plugins/com.st.stm32cube.ide.mcu.externaltools.gnu-tools-for-stm32.11.3.rel1.win32_1.1.0.202305231506/tools/bin/../lib/gcc/arm-none-eabi/11.3.1/thumb/v7-m/nofp/crtn.o
                0x0000000008009088                . = ALIGN (0x4)
                0x0000000008009088                _etext = .

.vfp11_veneer   0x0000000008009088        0x0
 .vfp11_veneer  0x0000000008009088        0x0 linker stubs

.v4_bx          0x0000000008009088        0x0
 .v4_bx         0x0000000008009088        0x0 linker stubs

.iplt           0x0000000008009088        0x0
 .iplt          0x0000000008009088        0x0 C:/ST/STM32CubeIDE_1.13.0/STM32CubeIDE/plugins/com.st.stm32cube.ide.mcu.externaltools.gnu-tools-for-stm32.11.3.rel1.win32_1.1.0.202305231506/tools/bin/../lib/gcc/arm-none-eabi/11.3.1/thumb/v7-m/nofp/crtbegin.o

.rodata         0x0000000008009088     0xcc9c
                0x0000000008009088                . = ALIGN (0x4)
 *(.rodata)
 .rodata        0x0000000008009088        0x5 ./FreeRTOS/tasks.o
 *fill*         0x000000000800908d        0x3 
 .rodata        0x0000000008009090       0x32 ./HAL/Tracks.o
 *fill*         0x00000000080090c2        0x2 
 .rodata        0x00000000080090c4       0x54 ./Src/main.o
 *(.rodata*)
 .rodata.duration
                0x0000000008009118       0x10 ./HAL/Tracks.o
                0x0000000008009118                duration
 .rodata.Font7x10
                0x0000000008009128      0x76c ./HAL/fonts.o
 .rodata.Font11x18
                0x0000000008009894      0xd5c ./HAL/fonts.o
 .rodata.Font16x26
                0x000000000800a5f0     0x134c ./HAL/fonts.o
 .rodata.init_cmds1
                0x000000000800b93c       0x3b ./HAL/st7735.o
 *fill*         0x000000000800b977        0x1 
 .rodata.init_cmds2
                0x000000000800b978        0xd ./HAL/st7735.o
 *fill*         0x000000000800b985        0x3 
 .rodata.init_cmds3
                0x000000000800b988       0x2b ./HAL/st7735.o
 *fill*         0x000000000800b9b3        0x1 
 .rodata.img    0x000000000800b9b4     0xa000 ./Src/main.o
                0x000000000800b9b4                img
 .rodata._printf_float.str1.1
                0x00000000080159b4       0x12 C:/ST/STM32CubeIDE_1.13.0/STM32CubeIDE/plugins/com.st.stm32cube.ide.mcu.externaltools.gnu-tools-for-stm32.11.3.rel1.win32_1.1.0.202305231506/tools/bin/../lib/gcc/arm-none-eabi/11.3.1/../../../../arm-none-eabi/lib/thumb/v7-m/nofp\libc_nano.a(libc_a-nano-vfprintf_float.o)
 .rodata._printf_i.str1.1
                0x00000000080159c6       0x22 C:/ST/STM32CubeIDE_1.13.0/STM32CubeIDE/plugins/com.st.stm32cube.ide.mcu.externaltools.gnu-tools-for-stm32.11.3.rel1.win32_1.1.0.202305231506/tools/bin/../lib/gcc/arm-none-eabi/11.3.1/../../../../arm-none-eabi/lib/thumb/v7-m/nofp\libc_nano.a(libc_a-nano-vfprintf_i.o)
 .rodata._dtoa_r.str1.1
                0x00000000080159e8       0x8d C:/ST/STM32CubeIDE_1.13.0/STM32CubeIDE/plugins/com.st.stm32cube.ide.mcu.externaltools.gnu-tools-for-stm32.11.3.rel1.win32_1.1.0.202305231506/tools/bin/../lib/gcc/arm-none-eabi/11.3.1/../../../../arm-none-eabi/lib/thumb/v7-m/nofp\libc_nano.a(libc_a-dtoa.o)
                                         0x8f (size before relaxing)
 .rodata._Balloc.str1.1
                0x0000000008015a75       0x59 C:/ST/STM32CubeIDE_1.13.0/STM32CubeIDE/plugins/com.st.stm32cube.ide.mcu.externaltools.gnu-tools-for-stm32.11.3.rel1.win32_1.1.0.202305231506/tools/bin/../lib/gcc/arm-none-eabi/11.3.1/../../../../arm-none-eabi/lib/thumb/v7-m/nofp\libc_nano.a(libc_a-mprec.o)
                                         0x70 (size before relaxing)
 .rodata.__multadd.str1.1
                0x0000000008015ace       0x11 C:/ST/STM32CubeIDE_1.13.0/STM32CubeIDE/plugins/com.st.stm32cube.ide.mcu.externaltools.gnu-tools-for-stm32.11.3.rel1.win32_1.1.0.202305231506/tools/bin/../lib/gcc/arm-none-eabi/11.3.1/../../../../arm-none-eabi/lib/thumb/v7-m/nofp\libc_nano.a(libc_a-mprec.o)
 *fill*         0x0000000008015ace        0x2 
 .rodata.__mprec_bigtens
                0x0000000008015ad0       0x28 C:/ST/STM32CubeIDE_1.13.0/STM32CubeIDE/plugins/com.st.stm32cube.ide.mcu.externaltools.gnu-tools-for-stm32.11.3.rel1.win32_1.1.0.202305231506/tools/bin/../lib/gcc/arm-none-eabi/11.3.1/../../../../arm-none-eabi/lib/thumb/v7-m/nofp\libc_nano.a(libc_a-mprec.o)
                0x0000000008015ad0                __mprec_bigtens
 .rodata.__mprec_tens
                0x0000000008015af8       0xc8 C:/ST/STM32CubeIDE_1.13.0/STM32CubeIDE/plugins/com.st.stm32cube.ide.mcu.externaltools.gnu-tools-for-stm32.11.3.rel1.win32_1.1.0.202305231506/tools/bin/../lib/gcc/arm-none-eabi/11.3.1/../../../../arm-none-eabi/lib/thumb/v7-m/nofp\libc_nano.a(libc_a-mprec.o)
                0x0000000008015af8                __mprec_tens
 .rodata.p05.0  0x0000000008015bc0        0xc C:/ST/STM32CubeIDE_1.13.0/STM32CubeIDE/plugins/com.st.stm32cube.ide.mcu.externaltools.gnu-tools-for-stm32.11.3.rel1.win32_1.1.0.202305231506/tools/bin/../lib/gcc/arm-none-eabi/11.3.1/../../../../arm-none-eabi/lib/thumb/v7-m/nofp\libc_nano.a(libc_a-mprec.o)
 .rodata._svfprintf_r.str1.1
                0x0000000008015bcc       0x11 C:/ST/STM32CubeIDE_1.13.0/STM32CubeIDE/plugins/com.st.stm32cube.ide.mcu.externaltools.gnu-tools-for-stm32.11.3.rel1.win32_1.1.0.202305231506/tools/bin/../lib/gcc/arm-none-eabi/11.3.1/../../../../arm-none-eabi/lib/thumb/v7-m/nofp\libc_nano.a(libc_a-nano-svfprintf.o)
 .rodata._setlocale_r.str1.1
                0x0000000008015bdd        0x8 C:/ST/STM32CubeIDE_1.13.0/STM32CubeIDE/plugins/com.st.stm32cube.ide.mcu.externaltools.gnu-tools-for-stm32.11.3.rel1.win32_1.1.0.202305231506/tools/bin/../lib/gcc/arm-none-eabi/11.3.1/../../../../arm-none-eabi/lib/thumb/v7-m/nofp\libc_nano.a(libc_a-locale.o)
                                          0x9 (size before relaxing)
 .rodata.str1.1
                0x0000000008015be5        0x2 C:/ST/STM32CubeIDE_1.13.0/STM32CubeIDE/plugins/com.st.stm32cube.ide.mcu.externaltools.gnu-tools-for-stm32.11.3.rel1.win32_1.1.0.202305231506/tools/bin/../lib/gcc/arm-none-eabi/11.3.1/../../../../arm-none-eabi/lib/thumb/v7-m/nofp\libc_nano.a(libc_a-locale.o)
 .rodata.__assert_func.str1.1
                0x0000000008015be7       0x3c C:/ST/STM32CubeIDE_1.13.0/STM32CubeIDE/plugins/com.st.stm32cube.ide.mcu.externaltools.gnu-tools-for-stm32.11.3.rel1.win32_1.1.0.202305231506/tools/bin/../lib/gcc/arm-none-eabi/11.3.1/../../../../arm-none-eabi/lib/thumb/v7-m/nofp\libc_nano.a(libc_a-assert.o)
                                         0x3d (size before relaxing)
 .rodata._ctype_
                0x0000000008015c23      0x101 C:/ST/STM32CubeIDE_1.13.0/STM32CubeIDE/plugins/com.st.stm32cube.ide.mcu.externaltools.gnu-tools-for-stm32.11.3.rel1.win32_1.1.0.202305231506/tools/bin/../lib/gcc/arm-none-eabi/11.3.1/../../../../arm-none-eabi/lib/thumb/v7-m/nofp\libc_nano.a(libc_a-ctype_.o)
                0x0000000008015c23                _ctype_
 .rodata._vfprintf_r.str1.1
                0x0000000008015d24       0x11 C:/ST/STM32CubeIDE_1.13.0/STM32CubeIDE/plugins/com.st.stm32cube.ide.mcu.externaltools.gnu-tools-for-stm32.11.3.rel1.win32_1.1.0.202305231506/tools/bin/../lib/gcc/arm-none-eabi/11.3.1/../../../../arm-none-eabi/lib/thumb/v7-m/nofp\libc_nano.a(libc_a-nano-vfprintf.o)
                0x0000000008015d38                . = ALIGN (0x4)

.rel.dyn        0x0000000008015d24        0x0
 .rel.iplt      0x0000000008015d24        0x0 C:/ST/STM32CubeIDE_1.13.0/STM32CubeIDE/plugins/com.st.stm32cube.ide.mcu.externaltools.gnu-tools-for-stm32.11.3.rel1.win32_1.1.0.202305231506/tools/bin/../lib/gcc/arm-none-eabi/11.3.1/thumb/v7-m/nofp/crtbegin.o

.ARM.extab      0x0000000008015d24        0x0
                0x0000000008015d24                . = ALIGN (0x4)
 *(.ARM.extab* .gnu.linkonce.armextab.*)
                0x0000000008015d24                . = ALIGN (0x4)

.ARM            0x0000000008015d24        0x0
                0x0000000008015d24                . = ALIGN (0x4)
                0x0000000008015d24                __exidx_start = .
 *(.ARM.exidx*)
                0x0000000008015d24                __exidx_end = .
                0x0000000008015d24                . = ALIGN (0x4)

.preinit_array  0x0000000008015d24        0x0
                0x0000000008015d24                . = ALIGN (0x4)
                0x0000000008015d24                PROVIDE (__preinit_array_start = .)
 *(.preinit_array*)
                0x0000000008015d24                PROVIDE (__preinit_array_end = .)
                0x0000000008015d24                . = ALIGN (0x4)

.init_array     0x0000000008015d24        0x4
                0x0000000008015d24                . = ALIGN (0x4)
                0x0000000008015d24                PROVIDE (__init_array_start = .)
 *(SORT_BY_NAME(.init_array.*))
 *(.init_array*)
 .init_array    0x0000000008015d24        0x4 C:/ST/STM32CubeIDE_1.13.0/STM32CubeIDE/plugins/com.st.stm32cube.ide.mcu.externaltools.gnu-tools-for-stm32.11.3.rel1.win32_1.1.0.202305231506/tools/bin/../lib/gcc/arm-none-eabi/11.3.1/thumb/v7-m/nofp/crtbegin.o
                0x0000000008015d28                PROVIDE (__init_array_end = .)
                0x0000000008015d28                . = ALIGN (0x4)

.fini_array     0x0000000008015d28        0x4
                0x0000000008015d28                . = ALIGN (0x4)
                [!provide]                        PROVIDE (__fini_array_start = .)
 *(SORT_BY_NAME(.fini_array.*))
 *(.fini_array*)
 .fini_array    0x0000000008015d28        0x4 C:/ST/STM32CubeIDE_1.13.0/STM32CubeIDE/plugins/com.st.stm32cube.ide.mcu.externaltools.gnu-tools-for-stm32.11.3.rel1.win32_1.1.0.202305231506/tools/bin/../lib/gcc/arm-none-eabi/11.3.1/thumb/v7-m/nofp/crtbegin.o
                [!provide]                        PROVIDE (__fini_array_end = .)
                0x0000000008015d2c                . = ALIGN (0x4)
                0x0000000008015d2c                _sidata = LOADADDR (.data)

.data           0x0000000020000000      0x1fc load address 0x0000000008015d2c
                0x0000000020000000                . = ALIGN (0x4)
                0x0000000020000000                _sdata = .
 *(.data)
 *(.data*)
 .data.uxTopUsedPriority
                0x0000000020000000        0x4 ./FreeRTOS/tasks.o
                0x0000000020000000                uxTopUsedPriority
 .data.uxCriticalNesting
                0x0000000020000004        0x4 ./FreeRTOS/portable/GCC/ARM_CM3/port.o
 .data.trackNames
                0x0000000020000008       0x10 ./HAL/Tracks.o
                0x0000000020000008                trackNames
 .data.Font_7x10
                0x0000000020000018        0x8 ./HAL/fonts.o
                0x0000000020000018                Font_7x10
 .data.Font_11x18
                0x0000000020000020        0x8 ./HAL/fonts.o
                0x0000000020000020                Font_11x18
 .data.Font_16x26
                0x0000000020000028        0x8 ./HAL/fonts.o
                0x0000000020000028                Font_16x26
 .data.Vol_Counter
                0x0000000020000030        0x1 ./Src/main.o
                0x0000000020000030                Vol_Counter
 *fill*         0x0000000020000031        0x3 
 .data.__sglue  0x0000000020000034        0xc C:/ST/STM32CubeIDE_1.13.0/STM32CubeIDE/plugins/com.st.stm32cube.ide.mcu.externaltools.gnu-tools-for-stm32.11.3.rel1.win32_1.1.0.202305231506/tools/bin/../lib/gcc/arm-none-eabi/11.3.1/../../../../arm-none-eabi/lib/thumb/v7-m/nofp\libc_nano.a(libc_a-findfp.o)
                0x0000000020000034                __sglue
 .data._impure_data
                0x0000000020000040       0x4c C:/ST/STM32CubeIDE_1.13.0/STM32CubeIDE/plugins/com.st.stm32cube.ide.mcu.externaltools.gnu-tools-for-stm32.11.3.rel1.win32_1.1.0.202305231506/tools/bin/../lib/gcc/arm-none-eabi/11.3.1/../../../../arm-none-eabi/lib/thumb/v7-m/nofp\libc_nano.a(libc_a-impure.o)
                0x0000000020000040                _impure_data
 .data._impure_ptr
                0x000000002000008c        0x4 C:/ST/STM32CubeIDE_1.13.0/STM32CubeIDE/plugins/com.st.stm32cube.ide.mcu.externaltools.gnu-tools-for-stm32.11.3.rel1.win32_1.1.0.202305231506/tools/bin/../lib/gcc/arm-none-eabi/11.3.1/../../../../arm-none-eabi/lib/thumb/v7-m/nofp\libc_nano.a(libc_a-impure.o)
                0x000000002000008c                _impure_ptr
 .data.__global_locale
                0x0000000020000090      0x16c C:/ST/STM32CubeIDE_1.13.0/STM32CubeIDE/plugins/com.st.stm32cube.ide.mcu.externaltools.gnu-tools-for-stm32.11.3.rel1.win32_1.1.0.202305231506/tools/bin/../lib/gcc/arm-none-eabi/11.3.1/../../../../arm-none-eabi/lib/thumb/v7-m/nofp\libc_nano.a(libc_a-locale.o)
                0x0000000020000090                __global_locale
 *(.RamFunc)
 *(.RamFunc*)
                0x00000000200001fc                . = ALIGN (0x4)
                0x00000000200001fc                _edata = .

.igot.plt       0x00000000200001fc        0x0 load address 0x0000000008015f28
 .igot.plt      0x00000000200001fc        0x0 C:/ST/STM32CubeIDE_1.13.0/STM32CubeIDE/plugins/com.st.stm32cube.ide.mcu.externaltools.gnu-tools-for-stm32.11.3.rel1.win32_1.1.0.202305231506/tools/bin/../lib/gcc/arm-none-eabi/11.3.1/thumb/v7-m/nofp/crtbegin.o
                0x00000000200001fc                . = ALIGN (0x4)

.bss            0x00000000200001fc     0x4714 load address 0x0000000008015f28
                0x00000000200001fc                _sbss = .
                0x00000000200001fc                __bss_start__ = _sbss
 *(.bss)
 .bss           0x00000000200001fc       0x1c C:/ST/STM32CubeIDE_1.13.0/STM32CubeIDE/plugins/com.st.stm32cube.ide.mcu.externaltools.gnu-tools-for-stm32.11.3.rel1.win32_1.1.0.202305231506/tools/bin/../lib/gcc/arm-none-eabi/11.3.1/thumb/v7-m/nofp/crtbegin.o
 *(.bss*)
 .bss.GP_IRQ_Callback
                0x0000000020000218       0x3c ./Drivers/EXTI.o
                0x0000000020000218                GP_IRQ_Callback
 .bss.Global_SPI_CFG
                0x0000000020000254        0x8 ./Drivers/SPI.o
                0x0000000020000254                Global_SPI_CFG
 .bss.elapsed_ms
                0x000000002000025c        0x4 ./Drivers/Ticker.o
 .bss.Global_USART_Config
                0x0000000020000260        0xc ./Drivers/USART.o
                0x0000000020000260                Global_USART_Config
 .bss.pxCurrentTCB
                0x000000002000026c        0x4 ./FreeRTOS/tasks.o
                0x000000002000026c                pxCurrentTCB
 .bss.pxReadyTasksLists
                0x0000000020000270       0x64 ./FreeRTOS/tasks.o
 .bss.xDelayedTaskList1
                0x00000000200002d4       0x14 ./FreeRTOS/tasks.o
 .bss.xDelayedTaskList2
                0x00000000200002e8       0x14 ./FreeRTOS/tasks.o
 .bss.pxDelayedTaskList
                0x00000000200002fc        0x4 ./FreeRTOS/tasks.o
 .bss.pxOverflowDelayedTaskList
                0x0000000020000300        0x4 ./FreeRTOS/tasks.o
 .bss.xPendingReadyList
                0x0000000020000304       0x14 ./FreeRTOS/tasks.o
 .bss.xTasksWaitingTermination
                0x0000000020000318       0x14 ./FreeRTOS/tasks.o
 .bss.uxDeletedTasksWaitingCleanUp
                0x000000002000032c        0x4 ./FreeRTOS/tasks.o
 .bss.xSuspendedTaskList
                0x0000000020000330       0x14 ./FreeRTOS/tasks.o
 .bss.uxCurrentNumberOfTasks
                0x0000000020000344        0x4 ./FreeRTOS/tasks.o
 .bss.xTickCount
                0x0000000020000348        0x4 ./FreeRTOS/tasks.o
 .bss.uxTopReadyPriority
                0x000000002000034c        0x4 ./FreeRTOS/tasks.o
 .bss.xSchedulerRunning
                0x0000000020000350        0x4 ./FreeRTOS/tasks.o
 .bss.xPendedTicks
                0x0000000020000354        0x4 ./FreeRTOS/tasks.o
 .bss.xYieldPending
                0x0000000020000358        0x4 ./FreeRTOS/tasks.o
 .bss.xNumOfOverflows
                0x000000002000035c        0x4 ./FreeRTOS/tasks.o
 .bss.uxTaskNumber
                0x0000000020000360        0x4 ./FreeRTOS/tasks.o
 .bss.xNextTaskUnblockTime
                0x0000000020000364        0x4 ./FreeRTOS/tasks.o
 .bss.xIdleTaskHandle
                0x0000000020000368        0x4 ./FreeRTOS/tasks.o
 .bss.uxSchedulerSuspended
                0x000000002000036c        0x4 ./FreeRTOS/tasks.o
 .bss.ucHeap    0x0000000020000370     0x4400 ./FreeRTOS/portable/MemMang/heap_4.o
 .bss.xStart    0x0000000020004770        0x8 ./FreeRTOS/portable/MemMang/heap_4.o
 .bss.pxEnd     0x0000000020004778        0x4 ./FreeRTOS/portable/MemMang/heap_4.o
 .bss.xFreeBytesRemaining
                0x000000002000477c        0x4 ./FreeRTOS/portable/MemMang/heap_4.o
 .bss.xMinimumEverFreeBytesRemaining
                0x0000000020004780        0x4 ./FreeRTOS/portable/MemMang/heap_4.o
 .bss.xNumberOfSuccessfulAllocations
                0x0000000020004784        0x4 ./FreeRTOS/portable/MemMang/heap_4.o
 .bss.xNumberOfSuccessfulFrees
                0x0000000020004788        0x4 ./FreeRTOS/portable/MemMang/heap_4.o
 .bss.xBlockAllocatedBit
                0x000000002000478c        0x4 ./FreeRTOS/portable/MemMang/heap_4.o
 .bss.Menu_Counter
                0x0000000020004790        0x1 ./Src/main.o
                0x0000000020004790                Menu_Counter
 .bss.Track_Counter
                0x0000000020004791        0x1 ./Src/main.o
                0x0000000020004791                Track_Counter
 .bss.Slide_Counter
                0x0000000020004792        0x1 ./Src/main.o
                0x0000000020004792                Slide_Counter
 .bss.BSY       0x0000000020004793        0x1 ./Src/main.o
                0x0000000020004793                BSY
 .bss.bruh      0x0000000020004794        0x1 ./Src/main.o
                0x0000000020004794                bruh
 *fill*         0x0000000020004795        0x3 
 .bss.xUpdate_Screen_Handle
                0x0000000020004798        0x4 ./Src/main.o
                0x0000000020004798                xUpdate_Screen_Handle
 .bss.xMP3_Player_Handle
                0x000000002000479c        0x4 ./Src/main.o
                0x000000002000479c                xMP3_Player_Handle
 .bss.xButton_Handle
                0x00000000200047a0        0x4 ./Src/main.o
                0x00000000200047a0                xButton_Handle
 .bss.xTicker_Handle
                0x00000000200047a4        0x4 ./Src/main.o
                0x00000000200047a4                xTicker_Handle
 .bss.xMenu_Handle
                0x00000000200047a8        0x4 ./Src/main.o
                0x00000000200047a8                xMenu_Handle
 .bss.buttonEventGroup
                0x00000000200047ac        0x4 ./Src/main.o
                0x00000000200047ac                buttonEventGroup
 .bss.buttonEventGroup_M
                0x00000000200047b0        0x4 ./Src/main.o
                0x00000000200047b0                buttonEventGroup_M
 .bss.MenuEventGroup
                0x00000000200047b4        0x4 ./Src/main.o
                0x00000000200047b4                MenuEventGroup
 .bss.xBatteryQueue
                0x00000000200047b8        0x4 ./Src/main.o
                0x00000000200047b8                xBatteryQueue
 .bss.xProgressQueue
                0x00000000200047bc        0x4 ./Src/main.o
                0x00000000200047bc                xProgressQueue
 .bss.__sbrk_heap_end
                0x00000000200047c0        0x4 ./Src/sysmem.o
 .bss.__malloc_free_list
                0x00000000200047c4        0x4 C:/ST/STM32CubeIDE_1.13.0/STM32CubeIDE/plugins/com.st.stm32cube.ide.mcu.externaltools.gnu-tools-for-stm32.11.3.rel1.win32_1.1.0.202305231506/tools/bin/../lib/gcc/arm-none-eabi/11.3.1/../../../../arm-none-eabi/lib/thumb/v7-m/nofp\libc_nano.a(libc_a-mallocr.o)
                0x00000000200047c4                __malloc_free_list
 .bss.__malloc_sbrk_start
                0x00000000200047c8        0x4 C:/ST/STM32CubeIDE_1.13.0/STM32CubeIDE/plugins/com.st.stm32cube.ide.mcu.externaltools.gnu-tools-for-stm32.11.3.rel1.win32_1.1.0.202305231506/tools/bin/../lib/gcc/arm-none-eabi/11.3.1/../../../../arm-none-eabi/lib/thumb/v7-m/nofp\libc_nano.a(libc_a-mallocr.o)
                0x00000000200047c8                __malloc_sbrk_start
 .bss.__sf      0x00000000200047cc      0x138 C:/ST/STM32CubeIDE_1.13.0/STM32CubeIDE/plugins/com.st.stm32cube.ide.mcu.externaltools.gnu-tools-for-stm32.11.3.rel1.win32_1.1.0.202305231506/tools/bin/../lib/gcc/arm-none-eabi/11.3.1/../../../../arm-none-eabi/lib/thumb/v7-m/nofp\libc_nano.a(libc_a-findfp.o)
                0x00000000200047cc                __sf
 .bss.__stdio_exit_handler
                0x0000000020004904        0x4 C:/ST/STM32CubeIDE_1.13.0/STM32CubeIDE/plugins/com.st.stm32cube.ide.mcu.externaltools.gnu-tools-for-stm32.11.3.rel1.win32_1.1.0.202305231506/tools/bin/../lib/gcc/arm-none-eabi/11.3.1/../../../../arm-none-eabi/lib/thumb/v7-m/nofp\libc_nano.a(libc_a-findfp.o)
                0x0000000020004904                __stdio_exit_handler
 .bss.errno     0x0000000020004908        0x4 C:/ST/STM32CubeIDE_1.13.0/STM32CubeIDE/plugins/com.st.stm32cube.ide.mcu.externaltools.gnu-tools-for-stm32.11.3.rel1.win32_1.1.0.202305231506/tools/bin/../lib/gcc/arm-none-eabi/11.3.1/../../../../arm-none-eabi/lib/thumb/v7-m/nofp\libc_nano.a(libc_a-reent.o)
                0x0000000020004908                errno
 .bss.__lock___malloc_recursive_mutex
                0x000000002000490c        0x1 C:/ST/STM32CubeIDE_1.13.0/STM32CubeIDE/plugins/com.st.stm32cube.ide.mcu.externaltools.gnu-tools-for-stm32.11.3.rel1.win32_1.1.0.202305231506/tools/bin/../lib/gcc/arm-none-eabi/11.3.1/../../../../arm-none-eabi/lib/thumb/v7-m/nofp\libc_nano.a(libc_a-lock.o)
                0x000000002000490c                __lock___malloc_recursive_mutex
 .bss.__lock___sfp_recursive_mutex
                0x000000002000490d        0x1 C:/ST/STM32CubeIDE_1.13.0/STM32CubeIDE/plugins/com.st.stm32cube.ide.mcu.externaltools.gnu-tools-for-stm32.11.3.rel1.win32_1.1.0.202305231506/tools/bin/../lib/gcc/arm-none-eabi/11.3.1/../../../../arm-none-eabi/lib/thumb/v7-m/nofp\libc_nano.a(libc_a-lock.o)
                0x000000002000490d                __lock___sfp_recursive_mutex
 *(COMMON)
                0x0000000020004910                . = ALIGN (0x4)
 *fill*         0x000000002000490e        0x2 
                0x0000000020004910                _ebss = .
                0x0000000020004910                __bss_end__ = _ebss

._user_heap_stack
                0x0000000020004910      0x600 load address 0x0000000008015f28
                0x0000000020004910                . = ALIGN (0x8)
                [!provide]                        PROVIDE (end = .)
                0x0000000020004910                PROVIDE (_end = .)
                0x0000000020004b10                . = (. + _Min_Heap_Size)
 *fill*         0x0000000020004910      0x200 
                0x0000000020004f10                . = (. + _Min_Stack_Size)
 *fill*         0x0000000020004b10      0x400 
                0x0000000020004f10                . = ALIGN (0x8)

/DISCARD/
 libc.a(*)
 libm.a(*)
 libgcc.a(*)

.ARM.attributes
                0x0000000000000000       0x29
 *(.ARM.attributes)
 .ARM.attributes
                0x0000000000000000       0x1d C:/ST/STM32CubeIDE_1.13.0/STM32CubeIDE/plugins/com.st.stm32cube.ide.mcu.externaltools.gnu-tools-for-stm32.11.3.rel1.win32_1.1.0.202305231506/tools/bin/../lib/gcc/arm-none-eabi/11.3.1/thumb/v7-m/nofp/crti.o
 .ARM.attributes
                0x000000000000001d       0x2d C:/ST/STM32CubeIDE_1.13.0/STM32CubeIDE/plugins/com.st.stm32cube.ide.mcu.externaltools.gnu-tools-for-stm32.11.3.rel1.win32_1.1.0.202305231506/tools/bin/../lib/gcc/arm-none-eabi/11.3.1/thumb/v7-m/nofp/crtbegin.o
 .ARM.attributes
                0x000000000000004a       0x2d ./Drivers/ADC.o
 .ARM.attributes
                0x0000000000000077       0x2d ./Drivers/EXTI.o
 .ARM.attributes
                0x00000000000000a4       0x2d ./Drivers/GPIO.o
 .ARM.attributes
                0x00000000000000d1       0x2d ./Drivers/NVIC_Program.o
 .ARM.attributes
                0x00000000000000fe       0x2d ./Drivers/RCC_program.o
 .ARM.attributes
                0x000000000000012b       0x2d ./Drivers/SPI.o
 .ARM.attributes
                0x0000000000000158       0x2d ./Drivers/STK_program.o
 .ARM.attributes
                0x0000000000000185       0x2d ./Drivers/Ticker.o
 .ARM.attributes
                0x00000000000001b2       0x2d ./Drivers/USART.o
 .ARM.attributes
                0x00000000000001df       0x2d ./FreeRTOS/event_groups.o
 .ARM.attributes
                0x000000000000020c       0x2d ./FreeRTOS/list.o
 .ARM.attributes
                0x0000000000000239       0x2d ./FreeRTOS/queue.o
 .ARM.attributes
                0x0000000000000266       0x2d ./FreeRTOS/tasks.o
 .ARM.attributes
                0x0000000000000293       0x2d ./FreeRTOS/portable/GCC/ARM_CM3/port.o
 .ARM.attributes
                0x00000000000002c0       0x2d ./FreeRTOS/portable/MemMang/heap_4.o
 .ARM.attributes
                0x00000000000002ed       0x2d ./HAL/GFX_FUNCTIONS.o
 .ARM.attributes
                0x000000000000031a       0x2d ./HAL/MP3.o
 .ARM.attributes