Archive member included to satisfy reference by file (symbol)

C:/ST/STM32CubeIDE_1.13.0/STM32CubeIDE/plugins/com.st.stm32cube.ide.mcu.externaltools.gnu-tools-for-stm32.11.3.rel1.win32_1.1.0.202305231506/tools/bin/../lib/gcc/arm-none-eabi/11.3.1/../../../../arm-none-eabi/lib/thumb/v7-m/nofp\libc_nano.a(libc_a-exit.o)
                              C:/ST/STM32CubeIDE_1.13.0/STM32CubeIDE/plugins/com.st.stm32cube.ide.mcu.externaltools.gnu-tools-for-stm32.11.3.rel1.win32_1.1.0.202305231506/tools/bin/../lib/gcc/arm-none-eabi/11.3.1/../../../../arm-none-eabi/lib/thumb/v7-m/nofp/crt0.o (exit)
C:/ST/STM32CubeIDE_1.13.0/STM32CubeIDE/plugins/com.st.stm32cube.ide.mcu.externaltools.gnu-tools-for-stm32.11.3.rel1.win32_1.1.0.202305231506/tools/bin/../lib/gcc/arm-none-eabi/11.3.1/../../../../arm-none-eabi/lib/thumb/v7-m/nofp\libc_nano.a(libc_a-malloc.o)
                              ./HAL/st7735.o (malloc)
C:/ST/STM32CubeIDE_1.13.0/STM32CubeIDE/plugins/com.st.stm32cube.ide.mcu.externaltools.gnu-tools-for-stm32.11.3.rel1.win32_1.1.0.202305231506/tools/bin/../lib/gcc/arm-none-eabi/11.3.1/../../../../arm-none-eabi/lib/thumb/v7-m/nofp\libc_nano.a(libc_a-mallocr.o)
                              C:/ST/STM32CubeIDE_1.13.0/STM32CubeIDE/plugins/com.st.stm32cube.ide.mcu.externaltools.gnu-tools-for-stm32.11.3.rel1.win32_1.1.0.202305231506/tools/bin/../lib/gcc/arm-none-eabi/11.3.1/../../../../arm-none-eabi/lib/thumb/v7-m/nofp\libc_nano.a(libc_a-malloc.o) (_malloc_r)
C:/ST/STM32CubeIDE_1.13.0/STM32CubeIDE/plugins/com.st.stm32cube.ide.mcu.externaltools.gnu-tools-for-stm32.11.3.rel1.win32_1.1.0.202305231506/tools/bin/../lib/gcc/arm-none-eabi/11.3.1/../../../../arm-none-eabi/lib/thumb/v7-m/nofp\libc_nano.a(libc_a-mlock.o)
                              C:/ST/STM32CubeIDE_1.13.0/STM32CubeIDE/plugins/com.st.stm32cube.ide.mcu.externaltools.gnu-tools-for-stm32.11.3.rel1.win32_1.1.0.202305231506/tools/bin/../lib/gcc/arm-none-eabi/11.3.1/../../../../arm-none-eabi/lib/thumb/v7-m/nofp\libc_nano.a(libc_a-mallocr.o) (__malloc_lock)
C:/ST/STM32CubeIDE_1.13.0/STM32CubeIDE/plugins/com.st.stm32cube.ide.mcu.externaltools.gnu-tools-for-stm32.11.3.rel1.win32_1.1.0.202305231506/tools/bin/../lib/gcc/arm-none-eabi/11.3.1/../../../../arm-none-eabi/lib/thumb/v7-m/nofp\libc_nano.a(libc_a-nano-vfprintf_float.o)
                              (_printf_float)
C:/ST/STM32CubeIDE_1.13.0/STM32CubeIDE/plugins/com.st.stm32cube.ide.mcu.externaltools.gnu-tools-for-stm32.11.3.rel1.win32_1.1.0.202305231506/tools/bin/../lib/gcc/arm-none-eabi/11.3.1/../../../../arm-none-eabi/lib/thumb/v7-m/nofp\libc_nano.a(libc_a-nano-vfprintf_i.o)
                              C:/ST/STM32CubeIDE_1.13.0/STM32CubeIDE/plugins/com.st.stm32cube.ide.mcu.externaltools.gnu-tools-for-stm32.11.3.rel1.win32_1.1.0.202305231506/tools/bin/../lib/gcc/arm-none-eabi/11.3.1/../../../../arm-none-eabi/lib/thumb/v7-m/nofp\libc_nano.a(libc_a-nano-vfprintf_float.o) (_printf_common)
C:/ST/STM32CubeIDE_1.13.0/STM32CubeIDE/plugins/com.st.stm32cube.ide.mcu.externaltools.gnu-tools-for-stm32.11.3.rel1.win32_1.1.0.202305231506/tools/bin/../lib/gcc/arm-none-eabi/11.3.1/../../../../arm-none-eabi/lib/thumb/v7-m/nofp\libc_nano.a(libc_a-findfp.o)
                              C:/ST/STM32CubeIDE_1.13.0/STM32CubeIDE/plugins/com.st.stm32cube.ide.mcu.externaltools.gnu-tools-for-stm32.11.3.rel1.win32_1.1.0.202305231506/tools/bin/../lib/gcc/arm-none-eabi/11.3.1/../../../../arm-none-eabi/lib/thumb/v7-m/nofp\libc_nano.a(libc_a-exit.o) (__stdio_exit_handler)
C:/ST/STM32CubeIDE_1.13.0/STM32CubeIDE/plugins/com.st.stm32cube.ide.mcu.externaltools.gnu-tools-for-stm32.11.3.rel1.win32_1.1.0.202305231506/tools/bin/../lib/gcc/arm-none-eabi/11.3.1/../../../../arm-none-eabi/lib/thumb/v7-m/nofp\libc_nano.a(libc_a-fwalk.o)
                              C:/ST/STM32CubeIDE_1.13.0/STM32CubeIDE/plugins/com.st.stm32cube.ide.mcu.externaltools.gnu-tools-for-stm32.11.3.rel1.win32_1.1.0.202305231506/tools/bin/../lib/gcc/arm-none-eabi/11.3.1/../../../../arm-none-eabi/lib/thumb/v7-m/nofp\libc_nano.a(libc_a-findfp.o) (_fwalk_sglue)
C:/ST/STM32CubeIDE_1.13.0/STM32CubeIDE/plugins/com.st.stm32cube.ide.mcu.externaltools.gnu-tools-for-stm32.11.3.rel1.win32_1.1.0.202305231506/tools/bin/../lib/gcc/arm-none-eabi/11.3.1/../../../../arm-none-eabi/lib/thumb/v7-m/nofp\libc_nano.a(libc_a-snprintf.o)
                              ./Src/main.o (snprintf)
C:/ST/STM32CubeIDE_1.13.0/STM32CubeIDE/plugins/com.st.stm32cube.ide.mcu.externaltools.gnu-tools-for-stm32.11.3.rel1.win32_1.1.0.202305231506/tools/bin/../lib/gcc/arm-none-eabi/11.3.1/../../../../arm-none-eabi/lib/thumb/v7-m/nofp\libc_nano.a(libc_a-stdio.o)
                              C:/ST/STM32CubeIDE_1.13.0/STM32CubeIDE/plugins/com.st.stm32cube.ide.mcu.externaltools.gnu-tools-for-stm32.11.3.rel1.win32_1.1.0.202305231506/tools/bin/../lib/gcc/arm-none-eabi/11.3.1/../../../../arm-none-eabi/lib/thumb/v7-m/nofp\libc_nano.a(libc_a-findfp.o) (__sread)
[...]
Memory Configuration

Name             Origin             Length             Attributes
RAM              0x0000000020000000 0x0000000000005000 xrw
FLASH            0x0000000008000000 0x0000000000020000 xr
*default*        0x0000000000000000 0xffffffffffffffff

Linker script and memory map

LOAD C:/ST/STM32CubeIDE_1.13.0/STM32CubeIDE/plugins/com.st.stm32cube.ide.mcu.externaltools.gnu-tools-for-stm32.11.3.rel1.win32_1.1.0.202305231506/tools/bin/../lib/gcc/arm-none-eabi/11.3.1/thumb/v7-m/nofp/crti.o
LOAD C:/ST/STM32CubeIDE_1.13.0/STM32CubeIDE/plugins/com.st.stm32cube.ide.mcu.externaltools.gnu-tools-for-stm32.11.3.rel1.win32_1.1.0.202305231506/tools/bin/../lib/gcc/arm-none-eabi/11.3.1/thumb/v7-m/nofp/crtbegin.o
LOAD C:/ST/STM32CubeIDE_1.13.0/STM32CubeIDE/plugins/com.st.stm32cube.ide.mcu.externaltools.gnu-tools-for-stm32.11.3.rel1.win32_1.1.0.202305231506/tools/bin/../lib/gcc/arm-none-eabi/11.3.1/../../../../arm-none-eabi/lib/thumb/v7-m/nofp/crt0.o
LOAD ./Drivers/ADC.o
LOAD ./Drivers/EXTI.o
LOAD ./Drivers/GPIO.o
LOAD ./Drivers/NVIC_Program.o
LOAD ./Drivers/PWM.o
LOAD ./Drivers/RCC_program.o
LOAD ./Drivers/SPI.o
LOAD ./Drivers/STK_program.o
LOAD ./Drivers/Ticker.o
LOAD ./Drivers/USART.o
LOAD ./FreeRTOS/croutine.o
LOAD ./FreeRTOS/event_groups.o
LOAD ./FreeRTOS/list.o
LOAD ./FreeRTOS/queue.o
LOAD ./FreeRTOS/stream_buffer.o
LOAD ./FreeRTOS/tasks.o
LOAD ./FreeRTOS/timers.o
LOAD ./FreeRTOS/portable/GCC/ARM_CM3/port.o
LOAD ./FreeRTOS/portable/MemMang/heap_4.o
LOAD ./HAL/Buzzer.o
LOAD ./HAL/GFX_FUNCTIONS.o
LOAD ./HAL/LED.o
LOAD ./HAL/MP3.o
LOAD ./HAL/PushButton.o
LOAD ./HAL/Seg-5161BS.o
LOAD ./HAL/Tracks.o
LOAD ./HAL/fonts.o
LOAD ./HAL/keypad.o
LOAD ./HAL/lcd.o
LOAD ./HAL/st7735.o
LOAD ./Src/main.o
LOAD ./Src/syscalls.o
LOAD ./Src/sysmem.o
LOAD ./Startup/startup_stm32f103c8tx.o
START GROUP
LOAD C:/ST/STM32CubeIDE_1.13.0/STM32CubeIDE/plugins/com.st.stm32cube.ide.mcu.externaltools.gnu-tools-for-stm32.11.3.rel1.win32_1.1.0.202305231506/tools/bin/../lib/gcc/arm-none-eabi/11.3.1/../../../../arm-none-eabi/lib/thumb/v7-m/nofp\libc_nano.a
LOAD C:/ST/STM32CubeIDE_1.13.0/STM32CubeIDE/plugins/com.st.stm32cube.ide.mcu.externaltools.gnu-tools-for-stm32.11.3.rel1.win32_1.1.0.202305231506/tools/bin/../lib/gcc/arm-none-eabi/11.3.1/../../../../arm-none-eabi/lib/thumb/v7-m/nofp\libm.a
END GROUP
START GROUP
LOAD C:/ST/STM32CubeIDE_1.13.0/STM32CubeIDE/plugins/com.st.stm32cube.ide.mcu.externaltools.gnu-tools-for-stm32.11.3.rel1.win32_1.1.0.202305231506/tools/bin/../lib/gcc/arm-none-eabi/11.3.1/thumb/v7-m/nofp\libgcc.a
LOAD C:/ST/STM32CubeIDE_1.13.0/STM32CubeIDE/plugins/com.st.stm32cube.ide.mcu.externaltools.gnu-tools-for-stm32.11.3.rel1.win32_1.1.0.202305231506/tools/bin/../lib/gcc/arm-none-eabi/11.3.1/../../../../arm-none-eabi/lib/thumb/v7-m/nofp\libc_nano.a
END GROUP
START GROUP
LOAD C:/ST/STM32CubeIDE_1.13.0/STM32CubeIDE/plugins/com.st.stm32cube.ide.mcu.externaltools.gnu-tools-for-stm32.11.3.rel1.win32_1.1.0.202305231506/tools/bin/../lib/gcc/arm-none-eabi/11.3.1/thumb/v7-m/nofp\libgcc.a
LOAD C:/ST/STM32CubeIDE_1.13.0/STM32CubeIDE/plugins/com.st.stm32cube.ide.mcu.externaltools.gnu-tools-for-stm32.11.3.rel1.win32_1.1.0.202305231506/tools/bin/../lib/gcc/arm-none-eabi/11.3.1/../../../../arm-none-eabi/lib/thumb/v7-m/nofp\libc_nano.a
LOAD C:/ST/STM32CubeIDE_1.13.0/STM32CubeIDE/plugins/com.st.stm32cube.ide.mcu.externaltools.gnu-tools-for-stm32.11.3.rel1.win32_1.1.0.202305231506/tools/bin/../lib/gcc/arm-none-eabi/11.3.1/../../../../arm-none-eabi/lib/thumb/v7-m/nofp\libnosys.a
END GROUP
START GROUP
LOAD C:/ST/STM32CubeIDE_1.13.0/STM32CubeIDE/plugins/com.st.stm32cube.ide.mcu.externaltools.gnu-tools-for-stm32.11.3.rel1.win32_1.1.0.202305231506/tools/bin/../lib/gcc/arm-none-eabi/11.3.1/thumb/v7-m/nofp\libgcc.a
LOAD C:/ST/STM32CubeIDE_1.13.0/STM32CubeIDE/plugins/com.st.stm32cube.ide.mcu.externaltools.gnu-tools-for-stm32.11.3.rel1.win32_1.1.0.202305231506/tools/bin/../lib/gcc/arm-none-eabi/11.3.1/../../../../arm-none-eabi/lib/thumb/v7-m/nofp\libc_nano.a
LOAD C:/ST/STM32CubeIDE_1.13.0/STM32CubeIDE/plugins/com.st.stm32cube.ide.mcu.externaltools.gnu-tools-for-stm32.11.3.rel1.win32_1.1.0.202305231506/tools/bin/../lib/gcc/arm-none-eabi/11.3.1/../../../../arm-none-eabi/lib/thumb/v7-m/nofp\libnosys.a
END GROUP
LOAD C:/ST/STM32CubeIDE_1.13.0/STM32CubeIDE/plugins/com.st.stm32cube.ide.mcu.externaltools.gnu-tools-for-stm32.11.3.rel1.win32_1.1.0.202305231506/tools/bin/../lib/gcc/arm-none-eabi/11.3.1/thumb/v7-m/nofp/crtend.o
LOAD C:/ST/STM32CubeIDE_1.13.0/STM32CubeIDE/plugins/com.st.stm32cube.ide.mcu.externaltools.gnu-tools-for-stm32.11.3.rel1.win32_1.1.0.202305231506/tools/bin/../lib/gcc/arm-none-eabi/11.3.1/thumb/v7-m/nofp/crtn.o
                0x0000000020005000                _estack = (ORIGIN (RAM) + LENGTH (RAM))
                0x0000000000000200                _Min_Heap_Size = 0x200
                0x0000000000000400                _Min_Stack_Size = 0x400

.isr_vector     0x0000000008000000      0x130
                0x0000000008000000                . = ALIGN (0x4)
 *(.isr_vector)
 .isr_vector    0x0000000008000000      0x130 ./Startup/startup_stm32f103c8tx.o
                0x0000000008000000                g_pfnVectors
                0x0000000008000130                . = ALIGN (0x4)

.text           0x0000000008000130     0x9c00
                0x0000000008000130                . = ALIGN (0x4)
 *(.text)
 .text          0x0000000008000130       0x40 C:/ST/STM32CubeIDE_1.13.0/STM32CubeIDE/plugins/com.st.stm32cube.ide.mcu.externaltools.gnu-tools-for-stm32.11.3.rel1.win32_1.1.0.202305231506/tools/bin/../lib/gcc/arm-none-eabi/11.3.1/thumb/v7-m/nofp/crtbegin.o
 .text          0x0000000008000170       0x10 C:/ST/STM32CubeIDE_1.13.0/STM32CubeIDE/plugins/com.st.stm32cube.ide.mcu.externaltools.gnu-tools-for-stm32.11.3.rel1.win32_1.1.0.202305231506/tools/bin/../lib/gcc/arm-none-eabi/11.3.1/../../../../arm-none-eabi/lib/thumb/v7-m/nofp\libc_nano.a(libc_a-strlen.o)
                0x0000000008000170                strlen
 .text          0x0000000008000180      0x378 C:/ST/STM32CubeIDE_1.13.0/STM32CubeIDE/plugins/com.st.stm32cube.ide.mcu.externaltools.gnu-tools-for-stm32.11.3.rel1.win32_1.1.0.202305231506/tools/bin/../lib/gcc/arm-none-eabi/11.3.1/thumb/v7-m/nofp\libgcc.a(_arm_addsubdf3.o)
                0x0000000008000180                __aeabi_drsub
                0x0000000008000188                __aeabi_dsub
                0x0000000008000188                __subdf3
                0x000000000800018c                __aeabi_dadd
                0x000000000800018c                __adddf3
                0x0000000008000404                __floatunsidf
                0x0000000008000404                __aeabi_ui2d
                0x0000000008000424                __floatsidf
                0x0000000008000424                __aeabi_i2d
                0x0000000008000448                __aeabi_f2d
                0x0000000008000448                __extendsfdf2
                0x000000000800048c                __floatundidf
                0x000000000800048c                __aeabi_ul2d
                0x000000000800049c                __floatdidf
                0x000000000800049c                __aeabi_l2d
 .text          0x00000000080004f8      0x424 C:/ST/STM32CubeIDE_1.13.0/STM32CubeIDE/plugins/com.st.stm32cube.ide.mcu.externaltools.gnu-tools-for-stm32.11.3.rel1.win32_1.1.0.202305231506/tools/bin/../lib/gcc/arm-none-eabi/11.3.1/thumb/v7-m/nofp\libgcc.a(_arm_muldivdf3.o)
                0x00000000080004f8                __aeabi_dmul
                0x00000000080004f8                __muldf3
                0x000000000800074c                __divdf3
                0x000000000800074c                __aeabi_ddiv
 .text          0x000000000800091c      0x110 C:/ST/STM32CubeIDE_1.13.0/STM32CubeIDE/plugins/com.st.stm32cube.ide.mcu.externaltools.gnu-tools-for-stm32.11.3.rel1.win32_1.1.0.202305231506/tools/bin/../lib/gcc/arm-none-eabi/11.3.1/thumb/v7-m/nofp\libgcc.a(_arm_cmpdf2.o)
                0x000000000800091c                __gtdf2
                0x000000000800091c                __gedf2
                0x0000000008000924                __ltdf2
                0x0000000008000924                __ledf2
                0x000000000800092c                __nedf2
                0x000000000800092c                __eqdf2
                0x000000000800092c                __cmpdf2
                0x00000000080009a8                __aeabi_cdrcmple
                0x00000000080009b8                __aeabi_cdcmpeq
                0x00000000080009b8                __aeabi_cdcmple
                0x00000000080009c8                __aeabi_dcmpeq
                0x00000000080009dc                __aeabi_dcmplt
                0x00000000080009f0                __aeabi_dcmple
                0x0000000008000a04                __aeabi_dcmpge
                0x0000000008000a18                __aeabi_dcmpgt
 .text          0x0000000008000a2c       0x2c C:/ST/STM32CubeIDE_1.13.0/STM32CubeIDE/plugins/com.st.stm32cube.ide.mcu.externaltools.gnu-tools-for-stm32.11.3.rel1.win32_1.1.0.202305231506/tools/bin/../lib/gcc/arm-none-eabi/11.3.1/thumb/v7-m/nofp\libgcc.a(_arm_unorddf2.o)
                0x0000000008000a2c                __unorddf2
                0x0000000008000a2c                __aeabi_dcmpun
 .text          0x0000000008000a58       0x50 C:/ST/STM32CubeIDE_1.13.0/STM32CubeIDE/plugins/com.st.stm32cube.ide.mcu.externaltools.gnu-tools-for-stm32.11.3.rel1.win32_1.1.0.202305231506/tools/bin/../lib/gcc/arm-none-eabi/11.3.1/thumb/v7-m/nofp\libgcc.a(_arm_fixdfsi.o)
                0x0000000008000a58                __aeabi_d2iz
                0x0000000008000a58                __fixdfsi
 .text          0x0000000008000aa8       0x40 C:/ST/STM32CubeIDE_1.13.0/STM32CubeIDE/plugins/com.st.stm32cube.ide.mcu.externaltools.gnu-tools-for-stm32.11.3.rel1.win32_1.1.0.202305231506/tools/bin/../lib/gcc/arm-none-eabi/11.3.1/thumb/v7-m/nofp\libgcc.a(_arm_fixunsdfsi.o)
                0x0000000008000aa8                __aeabi_d2uiz
                0x0000000008000aa8                __fixunsdfsi
 .text          0x0000000008000ae8      0x21c C:/ST/STM32CubeIDE_1.13.0/STM32CubeIDE/plugins/com.st.stm32cube.ide.mcu.externaltools.gnu-tools-for-stm32.11.3.rel1.win32_1.1.0.202305231506/tools/bin/../lib/gcc/arm-none-eabi/11.3.1/thumb/v7-m/nofp\libgcc.a(_arm_addsubsf3.o)
                0x0000000008000ae8                __aeabi_frsub
                0x0000000008000af0                __subsf3
                0x0000000008000af0                __aeabi_fsub
                0x0000000008000af4                __aeabi_fadd
                0x0000000008000af4                __addsf3
                0x0000000008000c54                __aeabi_ui2f
                0x0000000008000c54                __floatunsisf
                0x0000000008000c5c                __aeabi_i2f
                0x0000000008000c5c                __floatsisf
                0x0000000008000c78                __aeabi_ul2f
                0x0000000008000c78                __floatundisf
                0x0000000008000c88                __aeabi_l2f
                0x0000000008000c88                __floatdisf
 .text          0x0000000008000d04      0x2a0 C:/ST/STM32CubeIDE_1.13.0/STM32CubeIDE/plugins/com.st.stm32cube.ide.mcu.externaltools.gnu-tools-for-stm32.11.3.rel1.win32_1.1.0.202305231506/tools/bin/../lib/gcc/arm-none-eabi/11.3.1/thumb/v7-m/nofp\libgcc.a(_arm_muldivsf3.o)
                0x0000000008000d04                __mulsf3
                0x0000000008000d04                __aeabi_fmul
                0x0000000008000e6c                __aeabi_fdiv
                0x0000000008000e6c                __divsf3
 .text          0x0000000008000fa4       0xec C:/ST/STM32CubeIDE_1.13.0/STM32CubeIDE/plugins/com.st.stm32cube.ide.mcu.externaltools.gnu-tools-for-stm32.11.3.rel1.win32_1.1.0.202305231506/tools/bin/../lib/gcc/arm-none-eabi/11.3.1/thumb/v7-m/nofp\libgcc.a(_arm_cmpsf2.o)
                0x0000000008000fa4                __gesf2
                0x0000000008000fa4                __gtsf2
                0x0000000008000fac                __lesf2
                0x0000000008000fac                __ltsf2
                0x0000000008000fb4                __nesf2
                0x0000000008000fb4                __eqsf2
                0x0000000008000fb4                __cmpsf2
                0x0000000008001014                __aeabi_cfrcmple
                0x000000000800101c                __aeabi_cfcmpeq
                0x000000000800101c                __aeabi_cfcmple
                0x000000000800102c                __aeabi_fcmpeq
                0x0000000008001040                __aeabi_fcmplt
                0x0000000008001054                __aeabi_fcmple
                0x0000000008001068                __aeabi_fcmpge
                0x000000000800107c                __aeabi_fcmpgt
 .text          0x0000000008001090       0x40 C:/ST/STM32CubeIDE_1.13.0/STM32CubeIDE/plugins/com.st.stm32cube.ide.mcu.externaltools.gnu-tools-for-stm32.11.3.rel1.win32_1.1.0.202305231506/tools/bin/../lib/gcc/arm-none-eabi/11.3.1/thumb/v7-m/nofp\libgcc.a(_arm_fixunssfsi.o)
                0x0000000008001090                __fixunssfsi
                0x0000000008001090                __aeabi_f2uiz
 *(.text*)
 .text.Pin_Position
                0x00000000080010d0      0x170 ./Drivers/ADC.o
 .text.delay    0x0000000008001240       0x46 ./Drivers/ADC.o
 *fill*         0x0000000008001286        0x2 
 .text.MCAL_ADC_Init
                0x0000000008001288       0xcc ./Drivers/ADC.o
                0x0000000008001288                MCAL_ADC_Init
 .text.MCAL_ADC_EOC
                0x0000000008001354       0x28 ./Drivers/ADC.o
                0x0000000008001354                MCAL_ADC_EOC
 .text.MCAL_ADC_Read
                0x000000000800137c       0x24 ./Drivers/ADC.o
                0x000000000800137c                MCAL_ADC_Read
 .text.EXTI0_IRQHandler
                0x00000000080013a0       0x1c ./Drivers/EXTI.o
                0x00000000080013a0                EXTI0_IRQHandler
 .text.EXTI1_IRQHandler
                0x00000000080013bc       0x1c ./Drivers/EXTI.o
                0x00000000080013bc                EXTI1_IRQHandler
 .text.EXTI2_IRQHandler
                0x00000000080013d8       0x1c ./Drivers/EXTI.o
                0x00000000080013d8                EXTI2_IRQHandler
 .text.EXTI3_IRQHandler
                0x00000000080013f4       0x1c ./Drivers/EXTI.o
                0x00000000080013f4                EXTI3_IRQHandler
 .text.EXTI4_IRQHandler
                0x0000000008001410       0x1c ./Drivers/EXTI.o
                0x0000000008001410                EXTI4_IRQHandler
 .text.EXTI9_5_IRQHandler
                0x000000000800142c       0x8c ./Drivers/EXTI.o
                0x000000000800142c                EXTI9_5_IRQHandler
 .text.EXTI15_10_IRQHandler
                0x00000000080014b8       0xc4 ./Drivers/EXTI.o
                0x00000000080014b8                EXTI15_10_IRQHandler
 .text.GET_CRLH_Position
                0x000000000800157c      0x170 ./Drivers/GPIO.o
                0x000000000800157c                GET_CRLH_Position
 .text.MCAL_GPIO_Init
                0x00000000080016ec      0x102 ./Drivers/GPIO.o
                0x00000000080016ec                MCAL_GPIO_Init
 .text.MCAL_GPIO_ReadPin
                0x00000000080017ee       0x2e ./Drivers/GPIO.o
                0x00000000080017ee                MCAL_GPIO_ReadPin
 .text.MCAL_GPIO_WritePin
                0x000000000800181c       0x2e ./Drivers/GPIO.o
                0x000000000800181c                MCAL_GPIO_WritePin
 *fill*         0x000000000800184a        0x2 
 .text.MCAL_NVIC_EnableIRQ
                0x000000000800184c       0x70 ./Drivers/NVIC_Program.o
                0x000000000800184c                MCAL_NVIC_EnableIRQ
 .text.PWM_Init
                0x00000000080018bc       0x78 ./Drivers/PWM.o
                0x00000000080018bc                PWM_Init
 .text.PWM_Duty
                0x0000000008001934       0x1c ./Drivers/PWM.o
                0x0000000008001934                PWM_Duty
 .text.PWM_Freq
                0x0000000008001950       0x40 ./Drivers/PWM.o
                0x0000000008001950                PWM_Freq
 .text.PWM_Start
                0x0000000008001990       0x1c ./Drivers/PWM.o
                0x0000000008001990                PWM_Start
 .text.PWM_Stop
                0x00000000080019ac       0x1c ./Drivers/PWM.o
                0x00000000080019ac                PWM_Stop
 .text.PLL_MUL_Calculator
                0x00000000080019c8       0x60 ./Drivers/RCC_program.o
                0x00000000080019c8                PLL_MUL_Calculator
 .text.MCAL_RCC_InitSysClock
                0x0000000008001a28       0xf0 ./Drivers/RCC_program.o
                0x0000000008001a28                MCAL_RCC_InitSysClock
 .text.MCAL_RCC_EnablePeripheral
                0x0000000008001b18       0x94 ./Drivers/RCC_program.o
                0x0000000008001b18                MCAL_RCC_EnablePeripheral
 .text.MCAL_RCC_GetSYSCLK
                0x0000000008001bac       0x18 ./Drivers/RCC_program.o
                0x0000000008001bac                MCAL_RCC_GetSYSCLK
 .text.MCAL_RCC_GetHCLK
                0x0000000008001bc4       0x12 ./Drivers/RCC_program.o
                0x0000000008001bc4                MCAL_RCC_GetHCLK
 .text.MCAL_RCC_GetPCLK1
                0x0000000008001bd6       0x12 ./Drivers/RCC_program.o
                0x0000000008001bd6                MCAL_RCC_GetPCLK1
 .text.MCAL_RCC_GetPCLK2
                0x0000000008001be8       0x12 ./Drivers/RCC_program.o
                0x0000000008001be8                MCAL_RCC_GetPCLK2
 .text.CheckFlag_TXE
                0x0000000008001bfa       0x20 ./Drivers/SPI.o
 .text.CheckFlag_RXNE
                0x0000000008001c1a       0x1e ./Drivers/SPI.o
 .text.CheckFlag_ERR
                0x0000000008001c38       0x20 ./Drivers/SPI.o
 .text.MCAL_SPI_Init
                0x0000000008001c58       0xb4 ./Drivers/SPI.o
                0x0000000008001c58                MCAL_SPI_Init
 .text.MCAL_SPI_GPIO_PINS
                0x0000000008001d0c      0x188 ./Drivers/SPI.o
                0x0000000008001d0c                MCAL_SPI_GPIO_PINS
 .text.MCAL_SPI_TX
                0x0000000008001e94       0x70 ./Drivers/SPI.o
                0x0000000008001e94                MCAL_SPI_TX
 .text.SPI1_IRQHandler
                0x0000000008001f04       0x64 ./Drivers/SPI.o
                0x0000000008001f04                SPI1_IRQHandler
 .text.SPI2_IRQHandler
                0x0000000008001f68       0x64 ./Drivers/SPI.o
                0x0000000008001f68                SPI2_IRQHandler
 .text.STK_SetDelay_ms
                0x0000000008001fcc       0xa4 ./Drivers/STK_program.o
                0x0000000008001fcc                STK_SetDelay_ms
 .text.TIM2_IRQHandler
                0x0000000008002070       0x2c ./Drivers/Ticker.o
                0x0000000008002070                TIM2_IRQHandler
 .text.Ticker_Init
                0x000000000800209c       0x32 ./Drivers/Ticker.o
                0x000000000800209c                Ticker_Init
 .text.Ticker_Start
                0x00000000080020ce       0x1c ./Drivers/Ticker.o
                0x00000000080020ce                Ticker_Start
 .text.Ticker_Stop
                0x00000000080020ea       0x1c ./Drivers/Ticker.o
                0x00000000080020ea                Ticker_Stop
 *fill*         0x0000000008002106        0x2 
 .text.Ticker_Reset_Count
                0x0000000008002108       0x20 ./Drivers/Ticker.o
                0x0000000008002108                Ticker_Reset_Count
 .text.Get_ms   0x0000000008002128       0x1c ./Drivers/Ticker.o
                0x0000000008002128                Get_ms
 .text.Ticker_us
                0x0000000008002144       0x4e ./Drivers/Ticker.o
                0x0000000008002144                Ticker_us
 .text.Ticker_ms
                0x0000000008002192       0x3c ./Drivers/Ticker.o
                0x0000000008002192                Ticker_ms
 *fill*         0x00000000080021ce        0x2 
 .text.GetIndex
                0x00000000080021d0       0x34 ./Drivers/USART.o
 .text.MCAL_USART_Init
                0x0000000008002204      0x100 ./Drivers/USART.o
                0x0000000008002204                MCAL_USART_Init
 .text.MCAL_USART_Send_Data
                0x0000000008002304       0x90 ./Drivers/USART.o
                0x0000000008002304                MCAL_USART_Send_Data
 .text.MCAL_USART_Get_Data
                0x0000000008002394       0x5e ./Drivers/USART.o
                0x0000000008002394                MCAL_USART_Get_Data
 *fill*         0x00000000080023f2        0x2 
 .text.MCAL_USART_GPIO_SetPins
                0x00000000080023f4      0x1f0 ./Drivers/USART.o
                0x00000000080023f4                MCAL_USART_GPIO_SetPins
 .text.USART1_IRQHandler
                0x00000000080025e4       0x14 ./Drivers/USART.o
                0x00000000080025e4                USART1_IRQHandler
 .text.USART2_IRQHandler
                0x00000000080025f8       0x14 ./Drivers/USART.o
                0x00000000080025f8                USART2_IRQHandler
 .text.USART3_IRQHandler
                0x000000000800260c       0x14 ./Drivers/USART.o
                0x000000000800260c                USART3_IRQHandler
 .text.xEventGroupCreate
                0x0000000008002620       0x2e ./FreeRTOS/event_groups.o
                0x0000000008002620                xEventGroupCreate
 *fill*         0x000000000800264e        0x2 
 .text.xEventGroupWaitBits
                0x0000000008002650      0x114 ./FreeRTOS/event_groups.o
                0x0000000008002650                xEventGroupWaitBits
 .text.xEventGroupClearBits
                0x0000000008002764       0x34 ./FreeRTOS/event_groups.o
                0x0000000008002764                xEventGroupClearBits
 .text.xEventGroupSetBits
                0x0000000008002798       0xda ./FreeRTOS/event_groups.o
                0x0000000008002798                xEventGroupSetBits
 .text.prvTestWaitCondition
                0x0000000008002872       0x42 ./FreeRTOS/event_groups.o
 .text.vListInitialise
                0x00000000080028b4       0x3e ./FreeRTOS/list.o
                0x00000000080028b4                vListInitialise
 .text.vListInitialiseItem
                0x00000000080028f2       0x18 ./FreeRTOS/list.o
                0x00000000080028f2                vListInitialiseItem
 .text.vListInsertEnd
                0x000000000800290a       0x46 ./FreeRTOS/list.o
                0x000000000800290a                vListInsertEnd
 .text.vListInsert
                0x0000000008002950       0x70 ./FreeRTOS/list.o
                0x0000000008002950                vListInsert
 .text.uxListRemove
                0x00000000080029c0       0x52 ./FreeRTOS/list.o
                0x00000000080029c0                uxListRemove
 *fill*         0x0000000008002a12        0x2 
 .text.xQueueGenericReset
                0x0000000008002a14       0xe8 ./FreeRTOS/queue.o
                0x0000000008002a14                xQueueGenericReset
 .text.xQueueGenericCreate
                0x0000000008002afc       0x7e ./FreeRTOS/queue.o
                0x0000000008002afc                xQueueGenericCreate
 .text.prvInitialiseNewQueue
                0x0000000008002b7a       0x3e ./FreeRTOS/queue.o
 .text.xQueueGenericSend
                0x0000000008002bb8      0x154 ./FreeRTOS/queue.o
                0x0000000008002bb8                xQueueGenericSend
 .text.xQueueReceive
                0x0000000008002d0c      0x144 ./FreeRTOS/queue.o
                0x0000000008002d0c                xQueueReceive
 .text.prvCopyDataToQueue
                0x0000000008002e50       0xb8 ./FreeRTOS/queue.o
 .text.prvCopyDataFromQueue
                0x0000000008002f08       0x4c ./FreeRTOS/queue.o
 .text.prvUnlockQueue
                0x0000000008002f54       0xa4 ./FreeRTOS/queue.o
 .text.prvIsQueueEmpty
                0x0000000008002ff8       0x2c ./FreeRTOS/queue.o
 .text.prvIsQueueFull
                0x0000000008003024       0x30 ./FreeRTOS/queue.o
 .text.xTaskCreate
                0x0000000008003054       0x82 ./FreeRTOS/tasks.o
                0x0000000008003054                xTaskCreate
 .text.prvInitialiseNewTask
                0x00000000080030d6       0xf0 ./FreeRTOS/tasks.o
 *fill*         0x00000000080031c6        0x2 
 .text.prvAddNewTaskToReadyList
                0x00000000080031c8      0x124 ./FreeRTOS/tasks.o
 .text.vTaskDelay
                0x00000000080032ec       0x48 ./FreeRTOS/tasks.o
                0x00000000080032ec                vTaskDelay
 .text.vTaskSuspend
                0x0000000008003334      0x11c ./FreeRTOS/tasks.o
                0x0000000008003334                vTaskSuspend
 .text.prvTaskIsTaskSuspended
                0x0000000008003450       0x44 ./FreeRTOS/tasks.o
 .text.vTaskResume
                0x0000000008003494       0xf0 ./FreeRTOS/tasks.o
                0x0000000008003494                vTaskResume
 .text.vTaskStartScheduler
                0x0000000008003584       0x78 ./FreeRTOS/tasks.o
                0x0000000008003584                vTaskStartScheduler
 .text.vTaskSuspendAll
                0x00000000080035fc       0x1c ./FreeRTOS/tasks.o
                0x00000000080035fc                vTaskSuspendAll
 .text.xTaskResumeAll
                0x0000000008003618      0x1d8 ./FreeRTOS/tasks.o
                0x0000000008003618                xTaskResumeAll
 .text.xTaskIncrementTick
                0x00000000080037f0      0x20c ./FreeRTOS/tasks.o
                0x00000000080037f0                xTaskIncrementTick
 .text.vTaskSwitchContext
                0x00000000080039fc       0x8c ./FreeRTOS/tasks.o
                0x00000000080039fc                vTaskSwitchContext
 .text.vTaskPlaceOnEventList
                0x0000000008003a88       0x2c ./FreeRTOS/tasks.o
                0x0000000008003a88                vTaskPlaceOnEventList
 .text.vTaskPlaceOnUnorderedEventList
                0x0000000008003ab4       0x70 ./FreeRTOS/tasks.o
                0x0000000008003ab4                vTaskPlaceOnUnorderedEventList
 .text.xTaskRemoveFromEventList
                0x0000000008003b24      0x190 ./FreeRTOS/tasks.o
                0x0000000008003b24                xTaskRemoveFromEventList
 .text.vTaskRemoveFromUnorderedEventList
                0x0000000008003cb4      0x140 ./FreeRTOS/tasks.o
                0x0000000008003cb4                vTaskRemoveFromUnorderedEventList
 .text.vTaskInternalSetTimeOutState
                0x0000000008003df4       0x2c ./FreeRTOS/tasks.o
                0x0000000008003df4                vTaskInternalSetTimeOutState
 .text.xTaskCheckForTimeOut
                0x0000000008003e20       0x94 ./FreeRTOS/tasks.o
                0x0000000008003e20                xTaskCheckForTimeOut
 .text.vTaskMissedYield
                0x0000000008003eb4       0x18 ./FreeRTOS/tasks.o
                0x0000000008003eb4                vTaskMissedYield
 .text.prvIdleTask
                0x0000000008003ecc       0x30 ./FreeRTOS/tasks.o
 .text.prvInitialiseTaskLists
                0x0000000008003efc       0x80 ./FreeRTOS/tasks.o
 .text.prvCheckTasksWaitingTermination
                0x0000000008003f7c       0x5c ./FreeRTOS/tasks.o
 .text.prvDeleteTCB
                0x0000000008003fd8       0x20 ./FreeRTOS/tasks.o
 .text.prvResetNextTaskUnblockTime
                0x0000000008003ff8       0x34 ./FreeRTOS/tasks.o
 .text.uxTaskResetEventItemValue
                0x000000000800402c       0x30 ./FreeRTOS/tasks.o
                0x000000000800402c                uxTaskResetEventItemValue
 .text.prvAddCurrentTaskToDelayedList
                0x000000000800405c      0x100 ./FreeRTOS/tasks.o
 .text.pxPortInitialiseStack
                0x000000000800415c       0x58 ./FreeRTOS/portable/GCC/ARM_CM3/port.o
                0x000000000800415c                pxPortInitialiseStack
 .text.prvTaskExitError
                0x00000000080041b4       0x32 ./FreeRTOS/portable/GCC/ARM_CM3/port.o
 *fill*         0x00000000080041e6        0xa 
 .text.SVC_Handler
                0x00000000080041f0       0x28 ./FreeRTOS/portable/GCC/ARM_CM3/port.o
                0x00000000080041f0                SVC_Handler
 .text.prvPortStartFirstTask
                0x0000000008004218       0x24 ./FreeRTOS/portable/GCC/ARM_CM3/port.o
 .text.xPortStartScheduler
                0x000000000800423c       0x40 ./FreeRTOS/portable/GCC/ARM_CM3/port.o
                0x000000000800423c                xPortStartScheduler
 .text.vPortEnterCritical
                0x000000000800427c       0x34 ./FreeRTOS/portable/GCC/ARM_CM3/port.o
                0x000000000800427c                vPortEnterCritical
 .text.vPortExitCritical
                0x00000000080042b0       0x34 ./FreeRTOS/portable/GCC/ARM_CM3/port.o
                0x00000000080042b0                vPortExitCritical
 *fill*         0x00000000080042e4        0xc 
 .text.PendSV_Handler
                0x00000000080042f0       0x48 ./FreeRTOS/portable/GCC/ARM_CM3/port.o
                0x00000000080042f0                PendSV_Handler
 .text.SysTick_Handler
                0x0000000008004338       0x44 ./FreeRTOS/portable/GCC/ARM_CM3/port.o
                0x0000000008004338                SysTick_Handler
 .text.vPortSetupTimerInterrupt
                0x000000000800437c       0x34 ./FreeRTOS/portable/GCC/ARM_CM3/port.o
                0x000000000800437c                vPortSetupTimerInterrupt
 .text.pvPortMalloc
                0x00000000080043b0      0x15c ./FreeRTOS/portable/MemMang/heap_4.o
                0x00000000080043b0                pvPortMalloc
 .text.vPortFree
                0x000000000800450c       0x80 ./FreeRTOS/portable/MemMang/heap_4.o
                0x000000000800450c                vPortFree
 .text.prvHeapInit
                0x000000000800458c       0xc4 ./FreeRTOS/portable/MemMang/heap_4.o
 .text.prvInsertBlockIntoFreeList
                0x0000000008004650       0xb0 ./FreeRTOS/portable/MemMang/heap_4.o
 .text.Buzz     0x0000000008004700       0x22 ./HAL/Buzzer.o
 *fill*         0x0000000008004722        0x2 
 .text.frequency
                0x0000000008004724       0x78 ./HAL/Buzzer.o
 .text.playNote
                0x000000000800479c       0xa0 ./HAL/Buzzer.o
                0x000000000800479c                playNote
 .text.drawPixel
                0x000000000800483c       0x26 ./HAL/GFX_FUNCTIONS.o
                0x000000000800483c                drawPixel
 .text.fillRect
                0x0000000008004862       0x38 ./HAL/GFX_FUNCTIONS.o
                0x0000000008004862                fillRect
 .text.writePixel
                0x000000000800489a       0x2a ./HAL/GFX_FUNCTIONS.o
                0x000000000800489a                writePixel
 .text.writeLine
                0x00000000080048c4      0x144 ./HAL/GFX_FUNCTIONS.o
                0x00000000080048c4                writeLine
 .text.drawFastVLine
                0x0000000008004a08       0x4a ./HAL/GFX_FUNCTIONS.o
                0x0000000008004a08                drawFastVLine
 .text.drawFastHLine
                0x0000000008004a52       0x4a ./HAL/GFX_FUNCTIONS.o
                0x0000000008004a52                drawFastHLine
 .text.fillCircleHelper
                0x0000000008004a9c      0x19c ./HAL/GFX_FUNCTIONS.o
                0x0000000008004a9c                fillCircleHelper
 .text.fillCircle
                0x0000000008004c38       0x60 ./HAL/GFX_FUNCTIONS.o
                0x0000000008004c38                fillCircle
 .text.drawRect
                0x0000000008004c98       0x82 ./HAL/GFX_FUNCTIONS.o
                0x0000000008004c98                drawRect
 .text.fillTriangle
                0x0000000008004d1a      0x2be ./HAL/GFX_FUNCTIONS.o
                0x0000000008004d1a                fillTriangle
 .text.Send_cmd
                0x0000000008004fd8       0x78 ./HAL/MP3.o
                0x0000000008004fd8                Send_cmd
 .text.HAL_DF_Init
                0x0000000008005050       0x48 ./HAL/MP3.o
                0x0000000008005050                HAL_DF_Init
 .text.HAL_DF_Wait_Push
                0x0000000008005098       0x38 ./HAL/MP3.o
                0x0000000008005098                HAL_DF_Wait_Push
 .text.HAL_DF_Next
                0x00000000080050d0       0x12 ./HAL/MP3.o
                0x00000000080050d0                HAL_DF_Next
 .text.HAL_DF_Pause
                0x00000000080050e2       0x12 ./HAL/MP3.o
                0x00000000080050e2                HAL_DF_Pause
 .text.HAL_DF_Previous
                0x00000000080050f4       0x12 ./HAL/MP3.o
                0x00000000080050f4                HAL_DF_Previous
 .text.HAL_DF_Playback
                0x0000000008005106       0x12 ./HAL/MP3.o
                0x0000000008005106                HAL_DF_Playback
 .text.HAL_DF_SpecifyVolume
                0x0000000008005118       0x20 ./HAL/MP3.o
                0x0000000008005118                HAL_DF_SpecifyVolume
 .text.HAL_DF_SpecifyTrack
                0x0000000008005138       0x26 ./HAL/MP3.o
                0x0000000008005138                HAL_DF_SpecifyTrack
 *fill*         0x000000000800515e        0x2 
 .text.getTrackName
                0x0000000008005160       0x20 ./HAL/Tracks.o
                0x0000000008005160                getTrackName
 .text.ST7735_Select
                0x0000000008005180       0x18 ./HAL/st7735.o
 .text.ST7735_Unselect
                0x0000000008005198       0x18 ./HAL/st7735.o
                0x0000000008005198                ST7735_Unselect
 .text.ST7735_Reset
                0x00000000080051b0       0x2c ./HAL/st7735.o
 .text.ST7735_WriteCommand
                0x00000000080051dc       0x30 ./HAL/st7735.o
 .text.ST7735_WriteData
                0x000000000800520c       0x34 ./HAL/st7735.o
 .text.ST7735_ExecuteCommandList
                0x0000000008005240       0x9a ./HAL/st7735.o
 .text.ST7735_SetAddressWindow
                0x00000000080052da       0x68 ./HAL/st7735.o
 *fill*         0x0000000008005342        0x2 
 .text.ST7735_Init
                0x0000000008005344       0x34 ./HAL/st7735.o
                0x0000000008005344                ST7735_Init
 .text.ST7735_DrawPixel
                0x0000000008005378       0x68 ./HAL/st7735.o
                0x0000000008005378                ST7735_DrawPixel
 .text.ST7735_WriteChar
                0x00000000080053e0       0xee ./HAL/st7735.o
 .text.ST7735_WriteString
                0x00000000080054ce       0x94 ./HAL/st7735.o
                0x00000000080054ce                ST7735_WriteString
 *fill*         0x0000000008005562        0x2 
 .text.ST7735_FillRectangle
                0x0000000008005564       0xe4 ./HAL/st7735.o
                0x0000000008005564                ST7735_FillRectangle
 .text.ST7735_FillScreen
                0x0000000008005648       0x22 ./HAL/st7735.o
                0x0000000008005648                ST7735_FillScreen
 .text.ST7735_DrawImage
                0x000000000800566a       0x98 ./HAL/st7735.o
                0x000000000800566a                ST7735_DrawImage
 *fill*         0x0000000008005702        0x2 
 .text.main     0x0000000008005704      0x4a4 ./Src/main.o
                0x0000000008005704                main
 .text.vUpdate_Screen_Handler
                0x0000000008005ba8      0x4e8 ./Src/main.o
                0x0000000008005ba8                vUpdate_Screen_Handler
 .text.vMP3_Player_Handler
                0x0000000008006090      0x1d0 ./Src/main.o
                0x0000000008006090                vMP3_Player_Handler
 .text.vButton_Handler
                0x0000000008006260      0x24c ./Src/main.o
                0x0000000008006260                vButton_Handler
 .text.vTicker_Handler
                0x00000000080064ac      0x16c ./Src/main.o
                0x00000000080064ac                vTicker_Handler
 .text.vBrightness_Handler
                0x0000000008006618       0x74 ./Src/main.o
                0x0000000008006618                vBrightness_Handler
 .text.vMenu_Handler
                0x000000000800668c      0x23c ./Src/main.o
                0x000000000800668c                vMenu_Handler
 .text.Start_Screen
                0x00000000080068c8      0x238 ./Src/main.o
                0x00000000080068c8                Start_Screen
 .text.Erase_Prev_Tracks
                0x0000000008006b00       0x70 ./Src/main.o
                0x0000000008006b00                Erase_Prev_Tracks
 .text.Draw_Next_Tracks
                0x0000000008006b70      0x100 ./Src/main.o
                0x0000000008006b70                Draw_Next_Tracks
 .text.Draw_Selector
                0x0000000008006c70       0xf8 ./Src/main.o
                0x0000000008006c70                Draw_Selector
 .text.Erase_Selector
                0x0000000008006d68       0xfc ./Src/main.o
                0x0000000008006d68                Erase_Selector
 .text._getpid  0x0000000008006e64        0xe ./Src/syscalls.o
                0x0000000008006e64                _getpid
 .text._kill    0x0000000008006e72       0x20 ./Src/syscalls.o
                0x0000000008006e72                _kill
 .text._exit    0x0000000008006e92       0x14 ./Src/syscalls.o
                0x0000000008006e92                _exit
 .text._read    0x0000000008006ea6       0x3a ./Src/syscalls.o
                0x0000000008006ea6                _read
 .text._write   0x0000000008006ee0       0x38 ./Src/syscalls.o
                0x0000000008006ee0                _write
 .text._close   0x0000000008006f18       0x16 ./Src/syscalls.o
                0x0000000008006f18                _close
 .text._fstat   0x0000000008006f2e       0x1e ./Src/syscalls.o
                0x0000000008006f2e                _fstat
 .text._isatty  0x0000000008006f4c       0x14 ./Src/syscalls.o
                0x0000000008006f4c                _isatty
 .text._lseek   0x0000000008006f60       0x18 ./Src/syscalls.o
                0x0000000008006f60                _lseek
 .text._sbrk    0x0000000008006f78       0x6c ./Src/sysmem.o
                0x0000000008006f78                _sbrk
 .text.Reset_Handler
                0x0000000008006fe4       0x50 ./Startup/startup_stm32f103c8tx.o
                0x0000000008006fe4                Reset_Handler
 .text.Default_Handler
                0x0000000008007034        0x2 ./Startup/startup_stm32f103c8tx.o
                0x0000000008007034                TIM8_TRG_COM_IRQHandler
                0x0000000008007034                TIM8_CC_IRQHandler
                0x0000000008007034                DebugMon_Handler
                0x0000000008007034                TIM1_CC_IRQHandler
                0x0000000008007034                HardFault_Handler
                0x0000000008007034                TIM6_IRQHandler
                0x0000000008007034                PVD_IRQHandler
                0x0000000008007034                SDIO_IRQHandler
                0x0000000008007034                NMI_Handler
                0x0000000008007034                USB_HP_CAN_TX_IRQHandler
                0x0000000008007034                I2C2_EV_IRQHandler
                0x0000000008007034                UsageFault_Handler
                0x0000000008007034                ADC1_2_IRQHandler
                0x0000000008007034                CAN_SCE_IRQHandler
                0x0000000008007034                TAMPER_IRQHandler
                0x0000000008007034                TIM8_UP_IRQHandler
                0x0000000008007034                DMA2_Channel2_IRQHandler
                0x0000000008007034                DMA1_Channel4_IRQHandler
                0x0000000008007034                RTC_IRQHandler
                0x0000000008007034                DMA1_Channel7_IRQHandler
                0x0000000008007034                UART5_IRQHandler
                0x0000000008007034                ADC3_IRQHandler
                0x0000000008007034                TIM4_IRQHandler
                0x0000000008007034                CAN_RX1_IRQHandler
                0x0000000008007034                DMA2_Channel1_IRQHandler
                0x0000000008007034                I2C1_EV_IRQHandler
                0x0000000008007034                DMA1_Channel6_IRQHandler
                0x0000000008007034                UART4_IRQHandler
                0x0000000008007034                TIM3_IRQHandler
                0x0000000008007034                RCC_IRQHandler
                0x0000000008007034                TIM1_TRG_COM_IRQHandler
                0x0000000008007034                DMA1_Channel1_IRQHandler
                0x0000000008007034                Default_Handler
                0x0000000008007034                TIM7_IRQHandler
                0x0000000008007034                TIM5_IRQHandler
                0x0000000008007034                USB_LP_CAN_RX0_IRQHandler
                0x0000000008007034                MemManage_Handler
                0x0000000008007034                DMA1_Channel5_IRQHandler
                0x0000000008007034                DMA1_Channel3_IRQHandler
                0x0000000008007034                FSMC_IRQHandler
                0x0000000008007034                TIM1_UP_IRQHandler
                0x0000000008007034                WWDG_IRQHandler
                0x0000000008007034                TIM1_BRK_IRQHandler
                0x0000000008007034                RTCAlarm_IRQHandler
                0x0000000008007034                DMA2_Channel4_5_IRQHandler
                0x0000000008007034                I2C2_ER_IRQHandler
                0x0000000008007034                DMA1_Channel2_IRQHandler
                0x0000000008007034                TIM8_BRK_IRQHandler
                0x0000000008007034                FLASH_IRQHandler
                0x0000000008007034                BusFault_Handler
                0x0000000008007034                SPI3_IRQHandler
                0x0000000008007034                I2C1_ER_IRQHandler
                0x0000000008007034                DMA2_Channel3_IRQHandler
 *fill*         0x0000000008007036        0x2 
 .text.malloc   0x0000000008007038       0x10 C:/ST/STM32CubeIDE_1.13.0/STM32CubeIDE/plugins/com.st.stm32cube.ide.mcu.externaltools.gnu-tools-for-stm32.11.3.rel1.win32_1.1.0.202305231506/tools/bin/../lib/gcc/arm-none-eabi/11.3.1/../../../../arm-none-eabi/lib/thumb/v7-m/nofp\libc_nano.a(libc_a-malloc.o)
                0x0000000008007038                malloc
 .text.sbrk_aligned
                0x0000000008007048       0x40 C:/ST/STM32CubeIDE_1.13.0/STM32CubeIDE/plugins/com.st.stm32cube.ide.mcu.externaltools.gnu-tools-for-stm32.11.3.rel1.win32_1.1.0.202305231506/tools/bin/../lib/gcc/arm-none-eabi/11.3.1/../../../../arm-none-eabi/lib/thumb/v7-m/nofp\libc_nano.a(libc_a-mallocr.o)
 .text._malloc_r
                0x0000000008007088      0x100 C:/ST/STM32CubeIDE_1.13.0/STM32CubeIDE/plugins/com.st.stm32cube.ide.mcu.externaltools.gnu-tools-for-stm32.11.3.rel1.win32_1.1.0.202305231506/tools/bin/../lib/gcc/arm-none-eabi/11.3.1/../../../../arm-none-eabi/lib/thumb/v7-m/nofp\libc_nano.a(libc_a-mallocr.o)
                0x0000000008007088                _malloc_r
 .text.__malloc_lock
                0x0000000008007188        0xc C:/ST/STM32CubeIDE_1.13.0/STM32CubeIDE/plugins/com.st.stm32cube.ide.mcu.externaltools.gnu-tools-for-stm32.11.3.rel1.win32_1.1.0.202305231506/tools/bin/../lib/gcc/arm-none-eabi/11.3.1/../../../../arm-none-eabi/lib/thumb/v7-m/nofp\libc_nano.a(libc_a-mlock.o)
                0x0000000008007188                __malloc_lock
 .text.__malloc_unlock
                0x0000000008007194        0xc C:/ST/STM32CubeIDE_1.13.0/STM32CubeIDE/plugins/com.st.stm32cube.ide.mcu.externaltools.gnu-tools-for-stm32.11.3.rel1.win32_1.1.0.202305231506/tools/bin/../lib/gcc/arm-none-eabi/11.3.1/../../../../arm-none-eabi/lib/thumb/v7-m/nofp\libc_nano.a(libc_a-mlock.o)
                0x0000000008007194                __malloc_unlock
 .text.__cvt    0x00000000080071a0       0xbe C:/ST/STM32CubeIDE_1.13.0/STM32CubeIDE/plugins/com.st.stm32cube.ide.mcu.externaltools.gnu-tools-for-stm32.11.3.rel1.win32_1.1.0.202305231506/tools/bin/../lib/gcc/arm-none-eabi/11.3.1/../../../../arm-none-eabi/lib/thumb/v7-m/nofp\libc_nano.a(libc_a-nano-vfprintf_float.o)
                0x00000000080071a0                __cvt
 .text.__exponent
                0x000000000800725e       0x7a C:/ST/STM32CubeIDE_1.13.0/STM32CubeIDE/plugins/com.st.stm32cube.ide.mcu.externaltools.gnu-tools-for-stm32.11.3.rel1.win32_1.1.0.202305231506/tools/bin/../lib/gcc/arm-none-eabi/11.3.1/../../../../arm-none-eabi/lib/thumb/v7-m/nofp\libc_nano.a(libc_a-nano-vfprintf_float.o)
                0x000000000800725e                __exponent
 .text._printf_float
                0x00000000080072d8      0x45c C:/ST/STM32CubeIDE_1.13.0/STM32CubeIDE/plugins/com.st.stm32cube.ide.mcu.externaltools.gnu-tools-for-stm32.11.3.rel1.win32_1.1.0.202305231506/tools/bin/../lib/gcc/arm-none-eabi/11.3.1/../../../../arm-none-eabi/lib/thumb/v7-m/nofp\libc_nano.a(libc_a-nano-vfprintf_float.o)
                0x00000000080072d8                _printf_float
 .text._printf_common
                0x0000000008007734       0xe4 C:/ST/STM32CubeIDE_1.13.0/STM32CubeIDE/plugins/com.st.stm32cube.ide.mcu.externaltools.gnu-tools-for-stm32.11.3.rel1.win32_1.1.0.202305231506/tools/bin/../lib/gcc/arm-none-eabi/11.3.1/../../../../arm-none-eabi/lib/thumb/v7-m/nofp\libc_nano.a(libc_a-nano-vfprintf_i.o)
                0x0000000008007734                _printf_common
 .text._printf_i
                0x0000000008007818      0x244 C:/ST/STM32CubeIDE_1.13.0/STM32CubeIDE/plugins/com.st.stm32cube.ide.mcu.externaltools.gnu-tools-for-stm32.11.3.rel1.win32_1.1.0.202305231506/tools/bin/../lib/gcc/arm-none-eabi/11.3.1/../../../../arm-none-eabi/lib/thumb/v7-m/nofp\libc_nano.a(libc_a-nano-vfprintf_i.o)
                0x0000000008007818                _printf_i
 .text.std      0x0000000008007a5c       0x48 C:/ST/STM32CubeIDE_1.13.0/STM32CubeIDE/plugins/com.st.stm32cube.ide.mcu.externaltools.gnu-tools-for-stm32.11.3.rel1.win32_1.1.0.202305231506/tools/bin/../lib/gcc/arm-none-eabi/11.3.1/../../../../arm-none-eabi/lib/thumb/v7-m/nofp\libc_nano.a(libc_a-findfp.o)
 .text.stdio_exit_handler
                0x0000000008007aa4       0x18 C:/ST/STM32CubeIDE_1.13.0/STM32CubeIDE/plugins/com.st.stm32cube.ide.mcu.externaltools.gnu-tools-for-stm32.11.3.rel1.win32_1.1.0.202305231506/tools/bin/../lib/gcc/arm-none-eabi/11.3.1/../../../../arm-none-eabi/lib/thumb/v7-m/nofp\libc_nano.a(libc_a-findfp.o)
 .text.cleanup_stdio
                0x0000000008007abc       0x40 C:/ST/STM32CubeIDE_1.13.0/STM32CubeIDE/plugins/com.st.stm32cube.ide.mcu.externaltools.gnu-tools-for-stm32.11.3.rel1.win32_1.1.0.202305231506/tools/bin/../lib/gcc/arm-none-eabi/11.3.1/../../../../arm-none-eabi/lib/thumb/v7-m/nofp\libc_nano.a(libc_a-findfp.o)
 .text.global_stdio_init.part.0
                0x0000000008007afc       0x3c C:/ST/STM32CubeIDE_1.13.0/STM32CubeIDE/plugins/com.st.stm32cube.ide.mcu.externaltools.gnu-tools-for-stm32.11.3.rel1.win32_1.1.0.202305231506/tools/bin/../lib/gcc/arm-none-eabi/11.3.1/../../../../arm-none-eabi/lib/thumb/v7-m/nofp\libc_nano.a(libc_a-findfp.o)
 .text.__sfp_lock_acquire
                0x0000000008007b38        0xc C:/ST/STM32CubeIDE_1.13.0/STM32CubeIDE/plugins/com.st.stm32cube.ide.mcu.externaltools.gnu-tools-for-stm32.11.3.rel1.win32_1.1.0.202305231506/tools/bin/../lib/gcc/arm-none-eabi/11.3.1/../../../../arm-none-eabi/lib/thumb/v7-m/nofp\libc_nano.a(libc_a-findfp.o)
                0x0000000008007b38                __sfp_lock_acquire
 .text.__sfp_lock_release
                0x0000000008007b44        0xc C:/ST/STM32CubeIDE_1.13.0/STM32CubeIDE/plugins/com.st.stm32cube.ide.mcu.externaltools.gnu-tools-for-stm32.11.3.rel1.win32_1.1.0.202305231506/tools/bin/../lib/gcc/arm-none-eabi/11.3.1/../../../../arm-none-eabi/lib/thumb/v7-m/nofp\libc_nano.a(libc_a-findfp.o)
                0x0000000008007b44                __sfp_lock_release
 .text.__sinit  0x0000000008007b50       0x30 C:/ST/STM32CubeIDE_1.13.0/STM32CubeIDE/plugins/com.st.stm32cube.ide.mcu.externaltools.gnu-tools-for-stm32.11.3.rel1.win32_1.1.0.202305231506/tools/bin/../lib/gcc/arm-none-eabi/11.3.1/../../../../arm-none-eabi/lib/thumb/v7-m/nofp\libc_nano.a(libc_a-findfp.o)
                0x0000000008007b50                __sinit
 .text._fwalk_sglue
                0x0000000008007b80       0x3c C:/ST/STM32CubeIDE_1.13.0/STM32CubeIDE/plugins/com.st.stm32cube.ide.mcu.externaltools.gnu-tools-for-stm32.11.3.rel1.win32_1.1.0.202305231506/tools/bin/../lib/gcc/arm-none-eabi/11.3.1/../../../../arm-none-eabi/lib/thumb/v7-m/nofp\libc_nano.a(libc_a-fwalk.o)
                0x0000000008007b80                _fwalk_sglue
 .text.snprintf
                0x0000000008007bbc       0x68 C:/ST/STM32CubeIDE_1.13.0/STM32CubeIDE/plugins/com.st.stm32cube.ide.mcu.externaltools.gnu-tools-for-stm32.11.3.rel1.win32_1.1.0.202305231506/tools/bin/../lib/gcc/arm-none-eabi/11.3.1/../../../../arm-none-eabi/lib/thumb/v7-m/nofp\libc_nano.a(libc_a-snprintf.o)
                0x0000000008007bbc                sniprintf
                0x0000000008007bbc                snprintf
 .text.__sread  0x0000000008007c24       0x22 C:/ST/STM32CubeIDE_1.13.0/STM32CubeIDE/plugins/com.st.stm32cube.ide.mcu.externaltools.gnu-tools-for-stm32.11.3.rel1.win32_1.1.0.202305231506/tools/bin/../lib/gcc/arm-none-eabi/11.3.1/../../../../arm-none-eabi/lib/thumb/v7-m/nofp\libc_nano.a(libc_a-stdio.o)
                0x0000000008007c24                __sread
 .text.__swrite
                0x0000000008007c46       0x38 C:/ST/STM32CubeIDE_1.13.0/STM32CubeIDE/plugins/com.st.stm32cube.ide.mcu.externaltools.gnu-tools-for-stm32.11.3.rel1.win32_1.1.0.202305231506/tools/bin/../lib/gcc/arm-none-eabi/11.3.1/../../../../arm-none-eabi/lib/thumb/v7-m/nofp\libc_nano.a(libc_a-stdio.o)
                0x0000000008007c46                __swrite
 .text.__sseek  0x0000000008007c7e       0x24 C:/ST/STM32CubeIDE_1.13.0/STM32CubeIDE/plugins/com.st.stm32cube.ide.mcu.externaltools.gnu-tools-for-stm32.11.3.rel1.win32_1.1.0.202305231506/tools/bin/../lib/gcc/arm-none-eabi/11.3.1/../../../../arm-none-eabi/lib/thumb/v7-m/nofp\libc_nano.a(libc_a-stdio.o)
                0x0000000008007c7e                __sseek
 .text.__sclose
                0x0000000008007ca2        0x8 C:/ST/STM32CubeIDE_1.13.0/STM32CubeIDE/plugins/com.st.stm32cube.ide.mcu.externaltools.gnu-tools-for-stm32.11.3.rel1.win32_1.1.0.202305231506/tools/bin/../lib/gcc/arm-none-eabi/11.3.1/../../../../arm-none-eabi/lib/thumb/v7-m/nofp\libc_nano.a(libc_a-stdio.o)
                0x0000000008007ca2                __sclose
 .text.memset   0x0000000008007caa       0x10 C:/ST/STM32CubeIDE_1.13.0/STM32CubeIDE/plugins/com.st.stm32cube.ide.mcu.externaltools.gnu-tools-for-stm32.11.3.rel1.win32_1.1.0.202305231506/tools/bin/../lib/gcc/arm-none-eabi/11.3.1/../../../../arm-none-eabi/lib/thumb/v7-m/nofp\libc_nano.a(libc_a-memset.o)
                0x0000000008007caa                memset
 *fill*         0x0000000008007cba        0x2 
 .text._localeconv_r
                0x0000000008007cbc        0x8 C:/ST/STM32CubeIDE_1.13.0/STM32CubeIDE/plugins/com.st.stm32cube.ide.mcu.externaltools.gnu-tools-for-stm32.11.3.rel1.win32_1.1.0.202305231506/tools/bin/../lib/gcc/arm-none-eabi/11.3.1/../../../../arm-none-eabi/lib/thumb/v7-m/nofp\libc_nano.a(libc_a-localeconv.o)
                0x0000000008007cbc                _localeconv_r
 .text._close_r
                0x0000000008007cc4       0x20 C:/ST/STM32CubeIDE_1.13.0/STM32CubeIDE/plugins/com.st.stm32cube.ide.mcu.externaltools.gnu-tools-for-stm32.11.3.rel1.win32_1.1.0.202305231506/tools/bin/../lib/gcc/arm-none-eabi/11.3.1/../../../../arm-none-eabi/lib/thumb/v7-m/nofp\libc_nano.a(libc_a-closer.o)
                0x0000000008007cc4                _close_r
 .text._lseek_r
                0x0000000008007ce4       0x24 C:/ST/STM32CubeIDE_1.13.0/STM32CubeIDE/plugins/com.st.stm32cube.ide.mcu.externaltools.gnu-tools-for-stm32.11.3.rel1.win32_1.1.0.202305231506/tools/bin/../lib/gcc/arm-none-eabi/11.3.1/../../../../arm-none-eabi/lib/thumb/v7-m/nofp\libc_nano.a(libc_a-lseekr.o)
                0x0000000008007ce4                _lseek_r
 .text._read_r  0x0000000008007d08       0x24 C:/ST/STM32CubeIDE_1.13.0/STM32CubeIDE/plugins/com.st.stm32cube.ide.mcu.externaltools.gnu-tools-for-stm32.11.3.rel1.win32_1.1.0.202305231506/tools/bin/../lib/gcc/arm-none-eabi/11.3.1/../../../../arm-none-eabi/lib/thumb/v7-m/nofp\libc_nano.a(libc_a-readr.o)
                0x0000000008007d08                _read_r
 .text._sbrk_r  0x0000000008007d2c       0x20 C:/ST/STM32CubeIDE_1.13.0/STM32CubeIDE/plugins/com.st.stm32cube.ide.mcu.externaltools.gnu-tools-for-stm32.11.3.rel1.win32_1.1.0.202305231506/tools/bin/../lib/gcc/arm-none-eabi/11.3.1/../../../../arm-none-eabi/lib/thumb/v7-m/nofp\libc_nano.a(libc_a-sbrkr.o)
                0x0000000008007d2c                _sbrk_r
 .text._write_r
                0x0000000008007d4c       0x24 C:/ST/STM32CubeIDE_1.13.0/STM32CubeIDE/plugins/com.st.stm32cube.ide.mcu.externaltools.gnu-tools-for-stm32.11.3.rel1.win32_1.1.0.202305231506/tools/bin/../lib/gcc/arm-none-eabi/11.3.1/../../../../arm-none-eabi/lib/thumb/v7-m/nofp\libc_nano.a(libc_a-writer.o)
                0x0000000008007d4c                _write_r
 .text.__errno  0x0000000008007d70        0xc C:/ST/STM32CubeIDE_1.13.0/STM32CubeIDE/plugins/com.st.stm32cube.ide.mcu.externaltools.gnu-tools-for-stm32.11.3.rel1.win32_1.1.0.202305231506/tools/bin/../lib/gcc/arm-none-eabi/11.3.1/../../../../arm-none-eabi/lib/thumb/v7-m/nofp\libc_nano.a(libc_a-errno.o)
                0x0000000008007d70                __errno
 .text.__libc_init_array
                0x0000000008007d7c       0x48 C:/ST/STM32CubeIDE_1.13.0/STM32CubeIDE/plugins/com.st.stm32cube.ide.mcu.externaltools.gnu-tools-for-stm32.11.3.rel1.win32_1.1.0.202305231506/tools/bin/../lib/gcc/arm-none-eabi/11.3.1/../../../../arm-none-eabi/lib/thumb/v7-m/nofp\libc_nano.a(libc_a-init.o)
                0x0000000008007d7c                __libc_init_array
 .text.__retarget_lock_acquire_recursive
                0x0000000008007dc4        0x2 C:/ST/STM32CubeIDE_1.13.0/STM32CubeIDE/plugins/com.st.stm32cube.ide.mcu.externaltools.gnu-tools-for-stm32.11.3.rel1.win32_1.1.0.202305231506/tools/bin/../lib/gcc/arm-none-eabi/11.3.1/../../../../arm-none-eabi/lib/thumb/v7-m/nofp\libc_nano.a(libc_a-lock.o)
                0x0000000008007dc4                __retarget_lock_acquire_recursive
 .text.__retarget_lock_release_recursive
                0x0000000008007dc6        0x2 C:/ST/STM32CubeIDE_1.13.0/STM32CubeIDE/plugins/com.st.stm32cube.ide.mcu.externaltools.gnu-tools-for-stm32.11.3.rel1.win32_1.1.0.202305231506/tools/bin/../lib/gcc/arm-none-eabi/11.3.1/../../../../arm-none-eabi/lib/thumb/v7-m/nofp\libc_nano.a(libc_a-lock.o)
                0x0000000008007dc6                __retarget_lock_release_recursive
 .text.memchr   0x0000000008007dc8       0x1c C:/ST/STM32CubeIDE_1.13.0/STM32CubeIDE/plugins/com.st.stm32cube.ide.mcu.externaltools.gnu-tools-for-stm32.11.3.rel1.win32_1.1.0.202305231506/tools/bin/../lib/gcc/arm-none-eabi/11.3.1/../../../../arm-none-eabi/lib/thumb/v7-m/nofp\libc_nano.a(libc_a-memchr-stub.o)
                0x0000000008007dc8                memchr
 .text.memcpy   0x0000000008007de4       0x1c C:/ST/STM32CubeIDE_1.13.0/STM32CubeIDE/plugins/com.st.stm32cube.ide.mcu.externaltools.gnu-tools-for-stm32.11.3.rel1.win32_1.1.0.202305231506/tools/bin/../lib/gcc/arm-none-eabi/11.3.1/../../../../arm-none-eabi/lib/thumb/v7-m/nofp\libc_nano.a(libc_a-memcpy-stub.o)
                0x0000000008007de4                memcpy
 .text.quorem   0x0000000008007e00      0x112 C:/ST/STM32CubeIDE_1.13.0/STM32CubeIDE/plugins/com.st.stm32cube.ide.mcu.externaltools.gnu-tools-for-stm32.11.3.rel1.win32_1.1.0.202305231506/tools/bin/../lib/gcc/arm-none-eabi/11.3.1/../../../../arm-none-eabi/lib/thumb/v7-m/nofp\libc_nano.a(libc_a-dtoa.o)
 *fill*         0x0000000008007f12        0x6 
 .text._dtoa_r  0x0000000008007f18      0xbc8 C:/ST/STM32CubeIDE_1.13.0/STM32CubeIDE/plugins/com.st.stm32cube.ide.mcu.externaltools.gnu-tools-for-stm32.11.3.rel1.win32_1.1.0.202305231506/tools/bin/../lib/gcc/arm-none-eabi/11.3.1/../../../../arm-none-eabi/lib/thumb/v7-m/nofp\libc_nano.a(libc_a-dtoa.o)
                0x0000000008007f18                _dtoa_r
 .text._free_r  0x0000000008008ae0       0x90 C:/ST/STM32CubeIDE_1.13.0/STM32CubeIDE/plugins/com.st.stm32cube.ide.mcu.externaltools.gnu-tools-for-stm32.11.3.rel1.win32_1.1.0.202305231506/tools/bin/../lib/gcc/arm-none-eabi/11.3.1/../../../../arm-none-eabi/lib/thumb/v7-m/nofp\libc_nano.a(libc_a-freer.o)
                0x0000000008008ae0                _free_r
 .text._Balloc  0x0000000008008b70       0x80 C:/ST/STM32CubeIDE_1.13.0/STM32CubeIDE/plugins/com.st.stm32cube.ide.mcu.externaltools.gnu-tools-for-stm32.11.3.rel1.win32_1.1.0.202305231506/tools/bin/../lib/gcc/arm-none-eabi/11.3.1/../../../../arm-none-eabi/lib/thumb/v7-m/nofp\libc_nano.a(libc_a-mprec.o)
                0x0000000008008b70                _Balloc
 .text._Bfree   0x0000000008008bf0       0x44 C:/ST/STM32CubeIDE_1.13.0/STM32CubeIDE/plugins/com.st.stm32cube.ide.mcu.externaltools.gnu-tools-for-stm32.11.3.rel1.win32_1.1.0.202305231506/tools/bin/../lib/gcc/arm-none-eabi/11.3.1/../../../../arm-none-eabi/lib/thumb/v7-m/nofp\libc_nano.a(libc_a-mprec.o)
                0x0000000008008bf0                _Bfree
 .text.__multadd
                0x0000000008008c34       0x8c C:/ST/STM32CubeIDE_1.13.0/STM32CubeIDE/plugins/com.st.stm32cube.ide.mcu.externaltools.gnu-tools-for-stm32.11.3.rel1.win32_1.1.0.202305231506/tools/bin/../lib/gcc/arm-none-eabi/11.3.1/../../../../arm-none-eabi/lib/thumb/v7-m/nofp\libc_nano.a(libc_a-mprec.o)
                0x0000000008008c34                __multadd
 .text.__hi0bits
                0x0000000008008cc0       0x40 C:/ST/STM32CubeIDE_1.13.0/STM32CubeIDE/plugins/com.st.stm32cube.ide.mcu.externaltools.gnu-tools-for-stm32.11.3.rel1.win32_1.1.0.202305231506/tools/bin/../lib/gcc/arm-none-eabi/11.3.1/../../../../arm-none-eabi/lib/thumb/v7-m/nofp\libc_nano.a(libc_a-mprec.o)
                0x0000000008008cc0                __hi0bits
 .text.__lo0bits
                0x0000000008008d00       0x5a C:/ST/STM32CubeIDE_1.13.0/STM32CubeIDE/plugins/com.st.stm32cube.ide.mcu.externaltools.gnu-tools-for-stm32.11.3.rel1.win32_1.1.0.202305231506/tools/bin/../lib/gcc/arm-none-eabi/11.3.1/../../../../arm-none-eabi/lib/thumb/v7-m/nofp\libc_nano.a(libc_a-mprec.o)
                0x0000000008008d00                __lo0bits
 *fill*         0x0000000008008d5a        0x2 
 .text.__i2b    0x0000000008008d5c       0x2c C:/ST/STM32CubeIDE_1.13.0/STM32CubeIDE/plugins/com.st.stm32cube.ide.mcu.externaltools.gnu-tools-for-stm32.11.3.rel1.win32_1.1.0.202305231506/tools/bin/../lib/gcc/arm-none-eabi/11.3.1/../../../../arm-none-eabi/lib/thumb/v7-m/nofp\libc_nano.a(libc_a-mprec.o)
                0x0000000008008d5c                __i2b
 .text.__multiply
                0x0000000008008d88      0x150 C:/ST/STM32CubeIDE_1.13.0/STM32CubeIDE/plugins/com.st.stm32cube.ide.mcu.externaltools.gnu-tools-for-stm32.11.3.rel1.win32_1.1.0.202305231506/tools/bin/../lib/gcc/arm-none-eabi/11.3.1/../../../../arm-none-eabi/lib/thumb/v7-m/nofp\libc_nano.a(libc_a-mprec.o)
                0x0000000008008d88                __multiply
 .text.__pow5mult
                0x0000000008008ed8       0xb4 C:/ST/STM32CubeIDE_1.13.0/STM32CubeIDE/plugins/com.st.stm32cube.ide.mcu.externaltools.gnu-tools-for-stm32.11.3.rel1.win32_1.1.0.202305231506/tools/bin/../lib/gcc/arm-none-eabi/11.3.1/../../../../arm-none-eabi/lib/thumb/v7-m/nofp\libc_nano.a(libc_a-mprec.o)
                0x0000000008008ed8                __pow5mult
 .text.__lshift
                0x0000000008008f8c       0xd8 C:/ST/STM32CubeIDE_1.13.0/STM32CubeIDE/plugins/com.st.stm32cube.ide.mcu.externaltools.gnu-tools-for-stm32.11.3.rel1.win32_1.1.0.202305231506/tools/bin/../lib/gcc/arm-none-eabi/11.3.1/../../../../arm-none-eabi/lib/thumb/v7-m/nofp\libc_nano.a(libc_a-mprec.o)
                0x0000000008008f8c                __lshift
 .text.__mcmp   0x0000000008009064       0x36 C:/ST/STM32CubeIDE_1.13.0/STM32CubeIDE/plugins/com.st.stm32cube.ide.mcu.externaltools.gnu-tools-for-stm32.11.3.rel1.win32_1.1.0.202305231506/tools/bin/../lib/gcc/arm-none-eabi/11.3.1/../../../../arm-none-eabi/lib/thumb/v7-m/nofp\libc_nano.a(libc_a-mprec.o)
                0x0000000008009064                __mcmp
 *fill*         0x000000000800909a        0x2 
 .text.__mdiff  0x000000000800909c      0x118 C:/ST/STM32CubeIDE_1.13.0/STM32CubeIDE/plugins/com.st.stm32cube.ide.mcu.externaltools.gnu-tools-for-stm32.11.3.rel1.win32_1.1.0.202305231506/tools/bin/../lib/gcc/arm-none-eabi/11.3.1/../../../../arm-none-eabi/lib/thumb/v7-m/nofp\libc_nano.a(libc_a-mprec.o)
                0x000000000800909c                __mdiff
 .text.__d2b    0x00000000080091b4       0xac C:/ST/STM32CubeIDE_1.13.0/STM32CubeIDE/plugins/com.st.stm32cube.ide.mcu.externaltools.gnu-tools-for-stm32.11.3.rel1.win32_1.1.0.202305231506/tools/bin/../lib/gcc/arm-none-eabi/11.3.1/../../../../arm-none-eabi/lib/thumb/v7-m/nofp\libc_nano.a(libc_a-mprec.o)
                0x00000000080091b4                __d2b
 .text.__ssputs_r
                0x0000000008009260       0xb4 C:/ST/STM32CubeIDE_1.13.0/STM32CubeIDE/plugins/com.st.stm32cube.ide.mcu.externaltools.gnu-tools-for-stm32.11.3.rel1.win32_1.1.0.202305231506/tools/bin/../lib/gcc/arm-none-eabi/11.3.1/../../../../arm-none-eabi/lib/thumb/v7-m/nofp\libc_nano.a(libc_a-nano-svfprintf.o)
                0x0000000008009260                __ssputs_r
 .text._svfprintf_r
                0x0000000008009314      0x1fc C:/ST/STM32CubeIDE_1.13.0/STM32CubeIDE/plugins/com.st.stm32cube.ide.mcu.externaltools.gnu-tools-for-stm32.11.3.rel1.win32_1.1.0.202305231506/tools/bin/../lib/gcc/arm-none-eabi/11.3.1/../../../../arm-none-eabi/lib/thumb/v7-m/nofp\libc_nano.a(libc_a-nano-svfprintf.o)
                0x0000000008009314                _svfiprintf_r
                0x0000000008009314                _svfprintf_r
 .text.__sflush_r
                0x0000000008009510      0x104 C:/ST/STM32CubeIDE_1.13.0/STM32CubeIDE/plugins/com.st.stm32cube.ide.mcu.externaltools.gnu-tools-for-stm32.11.3.rel1.win32_1.1.0.202305231506/tools/bin/../lib/gcc/arm-none-eabi/11.3.1/../../../../arm-none-eabi/lib/thumb/v7-m/nofp\libc_nano.a(libc_a-fflush.o)
                0x0000000008009510                __sflush_r
 .text._fflush_r
                0x0000000008009614       0x50 C:/ST/STM32CubeIDE_1.13.0/STM32CubeIDE/plugins/com.st.stm32cube.ide.mcu.externaltools.gnu-tools-for-stm32.11.3.rel1.win32_1.1.0.202305231506/tools/bin/../lib/gcc/arm-none-eabi/11.3.1/../../../../arm-none-eabi/lib/thumb/v7-m/nofp\libc_nano.a(libc_a-fflush.o)
                0x0000000008009614                _fflush_r
 .text.memmove  0x0000000008009664       0x34 C:/ST/STM32CubeIDE_1.13.0/STM32CubeIDE/plugins/com.st.stm32cube.ide.mcu.externaltools.gnu-tools-for-stm32.11.3.rel1.win32_1.1.0.202305231506/tools/bin/../lib/gcc/arm-none-eabi/11.3.1/../../../../arm-none-eabi/lib/thumb/v7-m/nofp\libc_nano.a(libc_a-memmove.o)
                0x0000000008009664                memmove
 .text.__assert_func
                0x0000000008009698       0x3c C:/ST/STM32CubeIDE_1.13.0/STM32CubeIDE/plugins/com.st.stm32cube.ide.mcu.externaltools.gnu-tools-for-stm32.11.3.rel1.win32_1.1.0.202305231506/tools/bin/../lib/gcc/arm-none-eabi/11.3.1/../../../../arm-none-eabi/lib/thumb/v7-m/nofp\libc_nano.a(libc_a-assert.o)
                0x0000000008009698                __assert_func
 .text._calloc_r
                0x00000000080096d4       0x28 C:/ST/STM32CubeIDE_1.13.0/STM32CubeIDE/plugins/com.st.stm32cube.ide.mcu.externaltools.gnu-tools-for-stm32.11.3.rel1.win32_1.1.0.202305231506/tools/bin/../lib/gcc/arm-none-eabi/11.3.1/../../../../arm-none-eabi/lib/thumb/v7-m/nofp\libc_nano.a(libc_a-callocr.o)
                0x00000000080096d4                _calloc_r
 .text.__ascii_mbtowc
                0x00000000080096fc       0x24 C:/ST/STM32CubeIDE_1.13.0/STM32CubeIDE/plugins/com.st.stm32cube.ide.mcu.externaltools.gnu-tools-for-stm32.11.3.rel1.win32_1.1.0.202305231506/tools/bin/../lib/gcc/arm-none-eabi/11.3.1/../../../../arm-none-eabi/lib/thumb/v7-m/nofp\libc_nano.a(libc_a-mbtowc_r.o)
                0x00000000080096fc                __ascii_mbtowc
 .text._realloc_r
                0x0000000008009720       0x5e C:/ST/STM32CubeIDE_1.13.0/STM32CubeIDE/plugins/com.st.stm32cube.ide.mcu.externaltools.gnu-tools-for-stm32.11.3.rel1.win32_1.1.0.202305231506/tools/bin/../lib/gcc/arm-none-eabi/11.3.1/../../../../arm-none-eabi/lib/thumb/v7-m/nofp\libc_nano.a(libc_a-reallocr.o)
                0x0000000008009720                _realloc_r
 .text.__ascii_wctomb
                0x000000000800977e       0x1a C:/ST/STM32CubeIDE_1.13.0/STM32CubeIDE/plugins/com.st.stm32cube.ide.mcu.externaltools.gnu-tools-for-stm32.11.3.rel1.win32_1.1.0.202305231506/tools/bin/../lib/gcc/arm-none-eabi/11.3.1/../../../../arm-none-eabi/lib/thumb/v7-m/nofp\libc_nano.a(libc_a-wctomb_r.o)
                0x000000000800977e                __ascii_wctomb
 .text.fprintf  0x0000000008009798       0x24 C:/ST/STM32CubeIDE_1.13.0/STM32CubeIDE/plugins/com.st.stm32cube.ide.mcu.externaltools.gnu-tools-for-stm32.11.3.rel1.win32_1.1.0.202305231506/tools/bin/../lib/gcc/arm-none-eabi/11.3.1/../../../../arm-none-eabi/lib/thumb/v7-m/nofp\libc_nano.a(libc_a-fprintf.o)
                0x0000000008009798                fiprintf
                0x0000000008009798                fprintf
 .text.abort    0x00000000080097bc        0xe C:/ST/STM32CubeIDE_1.13.0/STM32CubeIDE/plugins/com.st.stm32cube.ide.mcu.externaltools.gnu-tools-for-stm32.11.3.rel1.win32_1.1.0.202305231506/tools/bin/../lib/gcc/arm-none-eabi/11.3.1/../../../../arm-none-eabi/lib/thumb/v7-m/nofp\libc_nano.a(libc_a-abort.o)
                0x00000000080097bc                abort
 .text._malloc_usable_size_r
                0x00000000080097ca       0x10 C:/ST/STM32CubeIDE_1.13.0/STM32CubeIDE/plugins/com.st.stm32cube.ide.mcu.externaltools.gnu-tools-for-stm32.11.3.rel1.win32_1.1.0.202305231506/tools/bin/../lib/gcc/arm-none-eabi/11.3.1/../../../../arm-none-eabi/lib/thumb/v7-m/nofp\libc_nano.a(libc_a-msizer.o)
                0x00000000080097ca                _malloc_usable_size_r
 .text.__sfputc_r
                0x00000000080097da       0x2a C:/ST/STM32CubeIDE_1.13.0/STM32CubeIDE/plugins/com.st.stm32cube.ide.mcu.externaltools.gnu-tools-for-stm32.11.3.rel1.win32_1.1.0.202305231506/tools/bin/../lib/gcc/arm-none-eabi/11.3.1/../../../../arm-none-eabi/lib/thumb/v7-m/nofp\libc_nano.a(libc_a-nano-vfprintf.o)
 .text.__sfputs_r
                0x0000000008009804       0x24 C:/ST/STM32CubeIDE_1.13.0/STM32CubeIDE/plugins/com.st.stm32cube.ide.mcu.externaltools.gnu-tools-for-stm32.11.3.rel1.win32_1.1.0.202305231506/tools/bin/../lib/gcc/arm-none-eabi/11.3.1/../../../../arm-none-eabi/lib/thumb/v7-m/nofp\libc_nano.a(libc_a-nano-vfprintf.o)
                0x0000000008009804                __sfputs_r
 .text._vfprintf_r
                0x0000000008009828      0x234 C:/ST/STM32CubeIDE_1.13.0/STM32CubeIDE/plugins/com.st.stm32cube.ide.mcu.externaltools.gnu-tools-for-stm32.11.3.rel1.win32_1.1.0.202305231506/tools/bin/../lib/gcc/arm-none-eabi/11.3.1/../../../../arm-none-eabi/lib/thumb/v7-m/nofp\libc_nano.a(libc_a-nano-vfprintf.o)
                0x0000000008009828                _vfprintf_r
                0x0000000008009828                _vfiprintf_r
 .text.__swbuf_r
                0x0000000008009a5c       0x7a C:/ST/STM32CubeIDE_1.13.0/STM32CubeIDE/plugins/com.st.stm32cube.ide.mcu.externaltools.gnu-tools-for-stm32.11.3.rel1.win32_1.1.0.202305231506/tools/bin/../lib/gcc/arm-none-eabi/11.3.1/../../../../arm-none-eabi/lib/thumb/v7-m/nofp\libc_nano.a(libc_a-wbuf.o)
                0x0000000008009a5c                __swbuf_r
 *fill*         0x0000000008009ad6        0x2 
 .text.__swsetup_r
                0x0000000008009ad8       0xb0 C:/ST/STM32CubeIDE_1.13.0/STM32CubeIDE/plugins/com.st.stm32cube.ide.mcu.externaltools.gnu-tools-for-stm32.11.3.rel1.win32_1.1.0.202305231506/tools/bin/../lib/gcc/arm-none-eabi/11.3.1/../../../../arm-none-eabi/lib/thumb/v7-m/nofp\libc_nano.a(libc_a-wsetup.o)
                0x0000000008009ad8                __swsetup_r
 .text._raise_r
                0x0000000008009b88       0x50 C:/ST/STM32CubeIDE_1.13.0/STM32CubeIDE/plugins/com.st.stm32cube.ide.mcu.externaltools.gnu-tools-for-stm32.11.3.rel1.win32_1.1.0.202305231506/tools/bin/../lib/gcc/arm-none-eabi/11.3.1/../../../../arm-none-eabi/lib/thumb/v7-m/nofp\libc_nano.a(libc_a-signal.o)
                0x0000000008009b88                _raise_r
 .text.raise    0x0000000008009bd8       0x10 C:/ST/STM32CubeIDE_1.13.0/STM32CubeIDE/plugins/com.st.stm32cube.ide.mcu.externaltools.gnu-tools-for-stm32.11.3.rel1.win32_1.1.0.202305231506/tools/bin/../lib/gcc/arm-none-eabi/11.3.1/../../../../arm-none-eabi/lib/thumb/v7-m/nofp\libc_nano.a(libc_a-signal.o)
                0x0000000008009bd8                raise
 .text._kill_r  0x0000000008009be8       0x24 C:/ST/STM32CubeIDE_1.13.0/STM32CubeIDE/plugins/com.st.stm32cube.ide.mcu.externaltools.gnu-tools-for-stm32.11.3.rel1.win32_1.1.0.202305231506/tools/bin/../lib/gcc/arm-none-eabi/11.3.1/../../../../arm-none-eabi/lib/thumb/v7-m/nofp\libc_nano.a(libc_a-signalr.o)
                0x0000000008009be8                _kill_r
 .text._getpid_r
                0x0000000008009c0c        0x4 C:/ST/STM32CubeIDE_1.13.0/STM32CubeIDE/plugins/com.st.stm32cube.ide.mcu.externaltools.gnu-tools-for-stm32.11.3.rel1.win32_1.1.0.202305231506/tools/bin/../lib/gcc/arm-none-eabi/11.3.1/../../../../arm-none-eabi/lib/thumb/v7-m/nofp\libc_nano.a(libc_a-signalr.o)
                0x0000000008009c0c                _getpid_r
 .text.__swhatbuf_r
                0x0000000008009c10       0x4a C:/ST/STM32CubeIDE_1.13.0/STM32CubeIDE/plugins/com.st.stm32cube.ide.mcu.externaltools.gnu-tools-for-stm32.11.3.rel1.win32_1.1.0.202305231506/tools/bin/../lib/gcc/arm-none-eabi/11.3.1/../../../../arm-none-eabi/lib/thumb/v7-m/nofp\libc_nano.a(libc_a-makebuf.o)
                0x0000000008009c10                __swhatbuf_r
 .text.__smakebuf_r
                0x0000000008009c5a       0x78 C:/ST/STM32CubeIDE_1.13.0/STM32CubeIDE/plugins/com.st.stm32cube.ide.mcu.externaltools.gnu-tools-for-stm32.11.3.rel1.win32_1.1.0.202305231506/tools/bin/../lib/gcc/arm-none-eabi/11.3.1/../../../../arm-none-eabi/lib/thumb/v7-m/nofp\libc_nano.a(libc_a-makebuf.o)
                0x0000000008009c5a                __smakebuf_r
 *fill*         0x0000000008009cd2        0x2 
 .text._fstat_r
                0x0000000008009cd4       0x24 C:/ST/STM32CubeIDE_1.13.0/STM32CubeIDE/plugins/com.st.stm32cube.ide.mcu.externaltools.gnu-tools-for-stm32.11.3.rel1.win32_1.1.0.202305231506/tools/bin/../lib/gcc/arm-none-eabi/11.3.1/../../../../arm-none-eabi/lib/thumb/v7-m/nofp\libc_nano.a(libc_a-fstatr.o)
                0x0000000008009cd4                _fstat_r
 .text._isatty_r
                0x0000000008009cf8       0x20 C:/ST/STM32CubeIDE_1.13.0/STM32CubeIDE/plugins/com.st.stm32cube.ide.mcu.externaltools.gnu-tools-for-stm32.11.3.rel1.win32_1.1.0.202305231506/tools/bin/../lib/gcc/arm-none-eabi/11.3.1/../../../../arm-none-eabi/lib/thumb/v7-m/nofp\libc_nano.a(libc_a-isattyr.o)
                0x0000000008009cf8                _isatty_r
 *(.glue_7)
 .glue_7        0x0000000008009d18        0x0 linker stubs
 *(.glue_7t)
 .glue_7t       0x0000000008009d18        0x0 linker stubs
 *(.eh_frame)
 .eh_frame      0x0000000008009d18        0x0 C:/ST/STM32CubeIDE_1.13.0/STM32CubeIDE/plugins/com.st.stm32cube.ide.mcu.externaltools.gnu-tools-for-stm32.11.3.rel1.win32_1.1.0.202305231506/tools/bin/../lib/gcc/arm-none-eabi/11.3.1/thumb/v7-m/nofp/crtbegin.o
 *(.init)
 .init          0x0000000008009d18        0x4 C:/ST/STM32CubeIDE_1.13.0/STM32CubeIDE/plugins/com.st.stm32cube.ide.mcu.externaltools.gnu-tools-for-stm32.11.3.rel1.win32_1.1.0.202305231506/tools/bin/../lib/gcc/arm-none-eabi/11.3.1/thumb/v7-m/nofp/crti.o
                0x0000000008009d18                _init
 .init          0x0000000008009d1c        0x8 C:/ST/STM32CubeIDE_1.13.0/STM32CubeIDE/plugins/com.st.stm32cube.ide.mcu.externaltools.gnu-tools-for-stm32.11.3.rel1.win32_1.1.0.202305231506/tools/bin/../lib/gcc/arm-none-eabi/11.3.1/thumb/v7-m/nofp/crtn.o
 *(.fini)
 .fini          0x0000000008009d24        0x4 C:/ST/STM32CubeIDE_1.13.0/STM32CubeIDE/plugins/com.st.stm32cube.ide.mcu.externaltools.gnu-tools-for-stm32.11.3.rel1.win32_1.1.0.202305231506/tools/bin/../lib/gcc/arm-none-eabi/11.3.1/thumb/v7-m/nofp/crti.o
                0x0000000008009d24                _fini
 .fini          0x0000000008009d28        0x8 C:/ST/STM32CubeIDE_1.13.0/STM32CubeIDE/plugins/com.st.stm32cube.ide.mcu.externaltools.gnu-tools-for-stm32.11.3.rel1.win32_1.1.0.202305231506/tools/bin/../lib/gcc/arm-none-eabi/11.3.1/thumb/v7-m/nofp/crtn.o
                0x0000000008009d30                . = ALIGN (0x4)
                0x0000000008009d30                _etext = .

.vfp11_veneer   0x0000000008009d30        0x0
 .vfp11_veneer  0x0000000008009d30        0x0 linker stubs

.v4_bx          0x0000000008009d30        0x0
 .v4_bx         0x0000000008009d30        0x0 linker stubs

.iplt           0x0000000008009d30        0x0
 .iplt          0x0000000008009d30        0x0 C:/ST/STM32CubeIDE_1.13.0/STM32CubeIDE/plugins/com.st.stm32cube.ide.mcu.externaltools.gnu-tools-for-stm32.11.3.rel1.win32_1.1.0.202305231506/tools/bin/../lib/gcc/arm-none-eabi/11.3.1/thumb/v7-m/nofp/crtbegin.o

.rodata         0x0000000008009d30     0xb9f4
                0x0000000008009d30                . = ALIGN (0x4)
 *(.rodata)
 .rodata        0x0000000008009d30        0x5 ./FreeRTOS/tasks.o
 *fill*         0x0000000008009d35        0x3 
 .rodata        0x0000000008009d38       0x28 ./HAL/Buzzer.o
 .rodata        0x0000000008009d60       0x62 ./HAL/Tracks.o
 *fill*         0x0000000008009dc2        0x2 
 .rodata        0x0000000008009dc4       0x88 ./Src/main.o
 *(.rodata*)
 .rodata.duration
                0x0000000008009e4c       0x28 ./HAL/Tracks.o
                0x0000000008009e4c                duration
 .rodata.Font7x10
                0x0000000008009e74      0x76c ./HAL/fonts.o
 .rodata.Font11x18
                0x000000000800a5e0      0xd5c ./HAL/fonts.o
 .rodata.init_cmds1
                0x000000000800b33c       0x3b ./HAL/st7735.o
 *fill*         0x000000000800b377        0x1 
 .rodata.init_cmds2
                0x000000000800b378        0xd ./HAL/st7735.o
 *fill*         0x000000000800b385        0x3 
 .rodata.init_cmds3
                0x000000000800b388       0x2b ./HAL/st7735.o
 *fill*         0x000000000800b3b3        0x1 
 .rodata.img    0x000000000800b3b4     0xa000 ./Src/main.o
                0x000000000800b3b4                img
 .rodata._printf_float.str1.1
                0x00000000080153b4       0x12 C:/ST/STM32CubeIDE_1.13.0/STM32CubeIDE/plugins/com.st.stm32cube.ide.mcu.externaltools.gnu-tools-for-stm32.11.3.rel1.win32_1.1.0.202305231506/tools/bin/../lib/gcc/arm-none-eabi/11.3.1/../../../../arm-none-eabi/lib/thumb/v7-m/nofp\libc_nano.a(libc_a-nano-vfprintf_float.o)
 .rodata._printf_i.str1.1
                0x00000000080153c6       0x22 C:/ST/STM32CubeIDE_1.13.0/STM32CubeIDE/plugins/com.st.stm32cube.ide.mcu.externaltools.gnu-tools-for-stm32.11.3.rel1.win32_1.1.0.202305231506/tools/bin/../lib/gcc/arm-none-eabi/11.3.1/../../../../arm-none-eabi/lib/thumb/v7-m/nofp\libc_nano.a(libc_a-nano-vfprintf_i.o)
 .rodata._dtoa_r.str1.1
                0x00000000080153e8       0x8d C:/ST/STM32CubeIDE_1.13.0/STM32CubeIDE/plugins/com.st.stm32cube.ide.mcu.externaltools.gnu-tools-for-stm32.11.3.rel1.win32_1.1.0.202305231506/tools/bin/../lib/gcc/arm-none-eabi/11.3.1/../../../../arm-none-eabi/lib/thumb/v7-m/nofp\libc_nano.a(libc_a-dtoa.o)
                                         0x8f (size before relaxing)
 .rodata._Balloc.str1.1
                0x0000000008015475       0x59 C:/ST/STM32CubeIDE_1.13.0/STM32CubeIDE/plugins/com.st.stm32cube.ide.mcu.externaltools.gnu-tools-for-stm32.11.3.rel1.win32_1.1.0.202305231506/tools/bin/../lib/gcc/arm-none-eabi/11.3.1/../../../../arm-none-eabi/lib/thumb/v7-m/nofp\libc_nano.a(libc_a-mprec.o)
                                         0x70 (size before relaxing)
 .rodata.__multadd.str1.1
                0x00000000080154ce       0x11 C:/ST/STM32CubeIDE_1.13.0/STM32CubeIDE/plugins/com.st.stm32cube.ide.mcu.externaltools.gnu-tools-for-stm32.11.3.rel1.win32_1.1.0.202305231506/tools/bin/../lib/gcc/arm-none-eabi/11.3.1/../../../../arm-none-eabi/lib/thumb/v7-m/nofp\libc_nano.a(libc_a-mprec.o)
 *fill*         0x00000000080154ce        0x2 
 .rodata.__mprec_bigtens
                0x00000000080154d0       0x28 C:/ST/STM32CubeIDE_1.13.0/STM32CubeIDE/plugins/com.st.stm32cube.ide.mcu.externaltools.gnu-tools-for-stm32.11.3.rel1.win32_1.1.0.202305231506/tools/bin/../lib/gcc/arm-none-eabi/11.3.1/../../../../arm-none-eabi/lib/thumb/v7-m/nofp\libc_nano.a(libc_a-mprec.o)
                0x00000000080154d0                __mprec_bigtens
 .rodata.__mprec_tens
                0x00000000080154f8       0xc8 C:/ST/STM32CubeIDE_1.13.0/STM32CubeIDE/plugins/com.st.stm32cube.ide.mcu.externaltools.gnu-tools-for-stm32.11.3.rel1.win32_1.1.0.202305231506/tools/bin/../lib/gcc/arm-none-eabi/11.3.1/../../../../arm-none-eabi/lib/thumb/v7-m/nofp\libc_nano.a(libc_a-mprec.o)
                0x00000000080154f8                __mprec_tens
 .rodata.p05.0  0x00000000080155c0        0xc C:/ST/STM32CubeIDE_1.13.0/STM32CubeIDE/plugins/com.st.stm32cube.ide.mcu.externaltools.gnu-tools-for-stm32.11.3.rel1.win32_1.1.0.202305231506/tools/bin/../lib/gcc/arm-none-eabi/11.3.1/../../../../arm-none-eabi/lib/thumb/v7-m/nofp\libc_nano.a(libc_a-mprec.o)
 .rodata._svfprintf_r.str1.1
                0x00000000080155cc       0x11 C:/ST/STM32CubeIDE_1.13.0/STM32CubeIDE/plugins/com.st.stm32cube.ide.mcu.externaltools.gnu-tools-for-stm32.11.3.rel1.win32_1.1.0.202305231506/tools/bin/../lib/gcc/arm-none-eabi/11.3.1/../../../../arm-none-eabi/lib/thumb/v7-m/nofp\libc_nano.a(libc_a-nano-svfprintf.o)
 .rodata._setlocale_r.str1.1
                0x00000000080155dd        0x8 C:/ST/STM32CubeIDE_1.13.0/STM32CubeIDE/plugins/com.st.stm32cube.ide.mcu.externaltools.gnu-tools-for-stm32.11.3.rel1.win32_1.1.0.202305231506/tools/bin/../lib/gcc/arm-none-eabi/11.3.1/../../../../arm-none-eabi/lib/thumb/v7-m/nofp\libc_nano.a(libc_a-locale.o)
                                          0x9 (size before relaxing)
 .rodata.str1.1
                0x00000000080155e5        0x2 C:/ST/STM32CubeIDE_1.13.0/STM32CubeIDE/plugins/com.st.stm32cube.ide.mcu.externaltools.gnu-tools-for-stm32.11.3.rel1.win32_1.1.0.202305231506/tools/bin/../lib/gcc/arm-none-eabi/11.3.1/../../../../arm-none-eabi/lib/thumb/v7-m/nofp\libc_nano.a(libc_a-locale.o)
 .rodata.__assert_func.str1.1
                0x00000000080155e7       0x3c C:/ST/STM32CubeIDE_1.13.0/STM32CubeIDE/plugins/com.st.stm32cube.ide.mcu.externaltools.gnu-tools-for-stm32.11.3.rel1.win32_1.1.0.202305231506/tools/bin/../lib/gcc/arm-none-eabi/11.3.1/../../../../arm-none-eabi/lib/thumb/v7-m/nofp\libc_nano.a(libc_a-assert.o)
                                         0x3d (size before relaxing)
 .rodata._ctype_
                0x0000000008015623      0x101 C:/ST/STM32CubeIDE_1.13.0/STM32CubeIDE/plugins/com.st.stm32cube.ide.mcu.externaltools.gnu-tools-for-stm32.11.3.rel1.win32_1.1.0.202305231506/tools/bin/../lib/gcc/arm-none-eabi/11.3.1/../../../../arm-none-eabi/lib/thumb/v7-m/nofp\libc_nano.a(libc_a-ctype_.o)
                0x0000000008015623                _ctype_
 .rodata._vfprintf_r.str1.1
                0x0000000008015724       0x11 C:/ST/STM32CubeIDE_1.13.0/STM32CubeIDE/plugins/com.st.stm32cube.ide.mcu.externaltools.gnu-tools-for-stm32.11.3.rel1.win32_1.1.0.202305231506/tools/bin/../lib/gcc/arm-none-eabi/11.3.1/../../../../arm-none-eabi/lib/thumb/v7-m/nofp\libc_nano.a(libc_a-nano-vfprintf.o)
                0x0000000008015738                . = ALIGN (0x4)

.rel.dyn        0x0000000008015724        0x0
 .rel.iplt      0x0000000008015724        0x0 C:/ST/STM32CubeIDE_1.13.0/STM32CubeIDE/plugins/com.st.stm32cube.ide.mcu.externaltools.gnu-tools-for-stm32.11.3.rel1.win32_1.1.0.202305231506/tools/bin/../lib/gcc/arm-none-eabi/11.3.1/thumb/v7-m/nofp/crtbegin.o

.ARM.extab      0x0000000008015724        0x0
                0x0000000008015724                . = ALIGN (0x4)
 *(.ARM.extab* .gnu.linkonce.armextab.*)
                0x0000000008015724                . = ALIGN (0x4)

.ARM            0x0000000008015724        0x0
                0x0000000008015724                . = ALIGN (0x4)
                0x0000000008015724                __exidx_start = .
 *(.ARM.exidx*)
                0x0000000008015724                __exidx_end = .
                0x0000000008015724                . = ALIGN (0x4)

.preinit_array  0x0000000008015724        0x0
                0x0000000008015724                . = ALIGN (0x4)
                0x0000000008015724                PROVIDE (__preinit_array_start = .)
 *(.preinit_array*)
                0x0000000008015724                PROVIDE (__preinit_array_end = .)
                0x0000000008015724                . = ALIGN (0x4)

.init_array     0x0000000008015724        0x4
                0x0000000008015724                . = ALIGN (0x4)
                0x0000000008015724                PROVIDE (__init_array_start = .)
 *(SORT_BY_NAME(.init_array.*))
 *(.init_array*)
 .init_array    0x0000000008015724        0x4 C:/ST/STM32CubeIDE_1.13.0/STM32CubeIDE/plugins/com.st.stm32cube.ide.mcu.externaltools.gnu-tools-for-stm32.11.3.rel1.win32_1.1.0.202305231506/tools/bin/../lib/gcc/arm-none-eabi/11.3.1/thumb/v7-m/nofp/crtbegin.o
                0x0000000008015728                PROVIDE (__init_array_end = .)
                0x0000000008015728                . = ALIGN (0x4)

.fini_array     0x0000000008015728        0x4
                0x0000000008015728                . = ALIGN (0x4)
                [!provide]                        PROVIDE (__fini_array_start = .)
 *(SORT_BY_NAME(.fini_array.*))
 *(.fini_array*)
 .fini_array    0x0000000008015728        0x4 C:/ST/STM32CubeIDE_1.13.0/STM32CubeIDE/plugins/com.st.stm32cube.ide.mcu.externaltools.gnu-tools-for-stm32.11.3.rel1.win32_1.1.0.202305231506/tools/bin/../lib/gcc/arm-none-eabi/11.3.1/thumb/v7-m/nofp/crtbegin.o
                [!provide]                        PROVIDE (__fini_array_end = .)
                0x000000000801572c                . = ALIGN (0x4)
                0x000000000801572c                _sidata = LOADADDR (.data)

.data           0x0000000020000000      0x234 load address 0x000000000801572c
                0x0000000020000000                . = ALIGN (0x4)
                0x0000000020000000                _sdata = .
 *(.data)
 *(.data*)
 .data.uxTopUsedPriority
                0x0000000020000000        0x4 ./FreeRTOS/tasks.o
                0x0000000020000000                uxTopUsedPriority
 .data.uxCriticalNesting
                0x0000000020000004        0x4 ./FreeRTOS/portable/GCC/ARM_CM3/port.o
 .data.notes    0x0000000020000008       0x12 ./HAL/Buzzer.o
 *fill*         0x000000002000001a        0x2 
 .data.beats    0x000000002000001c       0x12 ./HAL/Buzzer.o
 .data.temp     0x000000002000002e        0x1 ./HAL/Buzzer.o
                0x000000002000002e                temp
 *fill*         0x000000002000002f        0x1 
 .data.trackNames
                0x0000000020000030       0x28 ./HAL/Tracks.o
                0x0000000020000030                trackNames
 .data.Font_7x10
                0x0000000020000058        0x8 ./HAL/fonts.o
                0x0000000020000058                Font_7x10
 .data.Font_11x18
                0x0000000020000060        0x8 ./HAL/fonts.o
                0x0000000020000060                Font_11x18
 .data.Vol_Counter
                0x0000000020000068        0x1 ./Src/main.o
                0x0000000020000068                Vol_Counter
 *fill*         0x0000000020000069        0x3 
 .data.__sglue  0x000000002000006c        0xc C:/ST/STM32CubeIDE_1.13.0/STM32CubeIDE/plugins/com.st.stm32cube.ide.mcu.externaltools.gnu-tools-for-stm32.11.3.rel1.win32_1.1.0.202305231506/tools/bin/../lib/gcc/arm-none-eabi/11.3.1/../../../../arm-none-eabi/lib/thumb/v7-m/nofp\libc_nano.a(libc_a-findfp.o)
                0x000000002000006c                __sglue
 .data._impure_data
                0x0000000020000078       0x4c C:/ST/STM32CubeIDE_1.13.0/STM32CubeIDE/plugins/com.st.stm32cube.ide.mcu.externaltools.gnu-tools-for-stm32.11.3.rel1.win32_1.1.0.202305231506/tools/bin/../lib/gcc/arm-none-eabi/11.3.1/../../../../arm-none-eabi/lib/thumb/v7-m/nofp\libc_nano.a(libc_a-impure.o)
                0x0000000020000078                _impure_data
 .data._impure_ptr
                0x00000000200000c4        0x4 C:/ST/STM32CubeIDE_1.13.0/STM32CubeIDE/plugins/com.st.stm32cube.ide.mcu.externaltools.gnu-tools-for-stm32.11.3.rel1.win32_1.1.0.202305231506/tools/bin/../lib/gcc/arm-none-eabi/11.3.1/../../../../arm-none-eabi/lib/thumb/v7-m/nofp\libc_nano.a(libc_a-impure.o)
                0x00000000200000c4                _impure_ptr
 .data.__global_locale
                0x00000000200000c8      0x16c C:/ST/STM32CubeIDE_1.13.0/STM32CubeIDE/plugins/com.st.stm32cube.ide.mcu.externaltools.gnu-tools-for-stm32.11.3.rel1.win32_1.1.0.202305231506/tools/bin/../lib/gcc/arm-none-eabi/11.3.1/../../../../arm-none-eabi/lib/thumb/v7-m/nofp\libc_nano.a(libc_a-locale.o)
                0x00000000200000c8                __global_locale
 *(.RamFunc)
 *(.RamFunc*)
                0x0000000020000234                . = ALIGN (0x4)
                0x0000000020000234                _edata = .

.igot.plt       0x0000000020000234        0x0 load address 0x0000000008015960
 .igot.plt      0x0000000020000234        0x0 C:/ST/STM32CubeIDE_1.13.0/STM32CubeIDE/plugins/com.st.stm32cube.ide.mcu.externaltools.gnu-tools-for-stm32.11.3.rel1.win32_1.1.0.202305231506/tools/bin/../lib/gcc/arm-none-eabi/11.3.1/thumb/v7-m/nofp/crtbegin.o
                0x0000000020000234                . = ALIGN (0x4)

.bss            0x0000000020000234     0x4720 load address 0x0000000008015960
                0x0000000020000234                _sbss = .
                0x0000000020000234                __bss_start__ = _sbss
 *(.bss)
 .bss           0x0000000020000234       0x1c C:/ST/STM32CubeIDE_1.13.0/STM32CubeIDE/plugins/com.st.stm32cube.ide.mcu.externaltools.gnu-tools-for-stm32.11.3.rel1.win32_1.1.0.202305231506/tools/bin/../lib/gcc/arm-none-eabi/11.3.1/thumb/v7-m/nofp/crtbegin.o
 *(.bss*)
 .bss.GP_IRQ_Callback
                0x0000000020000250       0x3c ./Drivers/EXTI.o
                0x0000000020000250                GP_IRQ_Callback
 .bss.Global_SPI_CFG
                0x000000002000028c        0x8 ./Drivers/SPI.o
                0x000000002000028c                Global_SPI_CFG
 .bss.elapsed_ms
                0x0000000020000294        0x4 ./Drivers/Ticker.o
 .bss.Global_USART_Config
                0x0000000020000298        0xc ./Drivers/USART.o
                0x0000000020000298                Global_USART_Config
 .bss.pxCurrentTCB
                0x00000000200002a4        0x4 ./FreeRTOS/tasks.o
                0x00000000200002a4                pxCurrentTCB
 .bss.pxReadyTasksLists
                0x00000000200002a8       0x64 ./FreeRTOS/tasks.o
 .bss.xDelayedTaskList1
                0x000000002000030c       0x14 ./FreeRTOS/tasks.o
 .bss.xDelayedTaskList2
                0x0000000020000320       0x14 ./FreeRTOS/tasks.o
 .bss.pxDelayedTaskList
                0x0000000020000334        0x4 ./FreeRTOS/tasks.o
 .bss.pxOverflowDelayedTaskList
                0x0000000020000338        0x4 ./FreeRTOS/tasks.o
 .bss.xPendingReadyList
                0x000000002000033c       0x14 ./FreeRTOS/tasks.o
 .bss.xTasksWaitingTermination
                0x0000000020000350       0x14 ./FreeRTOS/tasks.o
 .bss.uxDeletedTasksWaitingCleanUp
                0x0000000020000364        0x4 ./FreeRTOS/tasks.o
 .bss.xSuspendedTaskList
                0x0000000020000368       0x14 ./FreeRTOS/tasks.o
 .bss.uxCurrentNumberOfTasks
                0x000000002000037c        0x4 ./FreeRTOS/tasks.o
 .bss.xTickCount
                0x0000000020000380        0x4 ./FreeRTOS/tasks.o
 .bss.uxTopReadyPriority
                0x0000000020000384        0x4 ./FreeRTOS/tasks.o
 .bss.xSchedulerRunning
                0x0000000020000388        0x4 ./FreeRTOS/tasks.o
 .bss.xPendedTicks
                0x000000002000038c        0x4 ./FreeRTOS/tasks.o
 .bss.xYieldPending
                0x0000000020000390        0x4 ./FreeRTOS/tasks.o
 .bss.xNumOfOverflows
                0x0000000020000394        0x4 ./FreeRTOS/tasks.o
 .bss.uxTaskNumber
                0x0000000020000398        0x4 ./FreeRTOS/tasks.o
 .bss.xNextTaskUnblockTime
                0x000000002000039c        0x4 ./FreeRTOS/tasks.o
 .bss.xIdleTaskHandle
                0x00000000200003a0        0x4 ./FreeRTOS/tasks.o
 .bss.uxSchedulerSuspended
                0x00000000200003a4        0x4 ./FreeRTOS/tasks.o
 .bss.ucHeap    0x00000000200003a8     0x4400 ./FreeRTOS/portable/MemMang/heap_4.o
 .bss.xStart    0x00000000200047a8        0x8 ./FreeRTOS/portable/MemMang/heap_4.o
 .bss.pxEnd     0x00000000200047b0        0x4 ./FreeRTOS/portable/MemMang/heap_4.o
 .bss.xFreeBytesRemaining
                0x00000000200047b4        0x4 ./FreeRTOS/portable/MemMang/heap_4.o
 .bss.xMinimumEverFreeBytesRemaining
                0x00000000200047b8        0x4 ./FreeRTOS/portable/MemMang/heap_4.o
 .bss.xNumberOfSuccessfulAllocations
                0x00000000200047bc        0x4 ./FreeRTOS/portable/MemMang/heap_4.o
 .bss.xNumberOfSuccessfulFrees
                0x00000000200047c0        0x4 ./FreeRTOS/portable/MemMang/heap_4.o
 .bss.xBlockAllocatedBit
                0x00000000200047c4        0x4 ./FreeRTOS/portable/MemMang/heap_4.o
 .bss.Menu_Counter
                0x00000000200047c8        0x1 ./Src/main.o
                0x00000000200047c8                Menu_Counter
 .bss.Track_Counter
                0x00000000200047c9        0x1 ./Src/main.o
                0x00000000200047c9                Track_Counter
 .bss.Slide_Counter
                0x00000000200047ca        0x1 ./Src/main.o
                0x00000000200047ca                Slide_Counter
 *fill*         0x00000000200047cb        0x1 
 .bss.Brightness_Counter
                0x00000000200047cc        0x4 ./Src/main.o
                0x00000000200047cc                Brightness_Counter
 .bss.BSY       0x00000000200047d0        0x1 ./Src/main.o
                0x00000000200047d0                BSY
 .bss.smphrPlaceHolder
                0x00000000200047d1        0x1 ./Src/main.o
                0x00000000200047d1                smphrPlaceHolder
 *fill*         0x00000000200047d2        0x2 
 .bss.xUpdate_Screen_Handle
                0x00000000200047d4        0x4 ./Src/main.o
                0x00000000200047d4                xUpdate_Screen_Handle
 .bss.xMP3_Player_Handle
                0x00000000200047d8        0x4 ./Src/main.o
                0x00000000200047d8                xMP3_Player_Handle
 .bss.xButton_Handle
                0x00000000200047dc        0x4 ./Src/main.o
                0x00000000200047dc                xButton_Handle
 .bss.xTicker_Handle
                0x00000000200047e0        0x4 ./Src/main.o
                0x00000000200047e0                xTicker_Handle
 .bss.xBrightness_Handle
                0x00000000200047e4        0x4 ./Src/main.o
                0x00000000200047e4                xBrightness_Handle
 .bss.xMenu_Handle
                0x00000000200047e8        0x4 ./Src/main.o
                0x00000000200047e8                xMenu_Handle
 .bss.buttonEventGroup
                0x00000000200047ec        0x4 ./Src/main.o
                0x00000000200047ec                buttonEventGroup
 .bss.buttonEventGroup_M
                0x00000000200047f0        0x4 ./Src/main.o
                0x00000000200047f0                buttonEventGroup_M
 .bss.MenuEventGroup
                0x00000000200047f4        0x4 ./Src/main.o
                0x00000000200047f4                MenuEventGroup
 .bss.TickerEventGroup
                0x00000000200047f8        0x4 ./Src/main.o
                0x00000000200047f8                TickerEventGroup
 .bss.xBrightnessQueue
                0x00000000200047fc        0x4 ./Src/main.o
                0x00000000200047fc                xBrightnessQueue
 .bss.xProgressQueue
                0x0000000020004800        0x4 ./Src/main.o
                0x0000000020004800                xProgressQueue
 .bss.__sbrk_heap_end
                0x0000000020004804        0x4 ./Src/sysmem.o
 .bss.__malloc_free_list
                0x0000000020004808        0x4 C:/ST/STM32CubeIDE_1.13.0/STM32CubeIDE/plugins/com.st.stm32cube.ide.mcu.externaltools.gnu-tools-for-stm32.11.3.rel1.win32_1.1.0.202305231506/tools/bin/../lib/gcc/arm-none-eabi/11.3.1/../../../../arm-none-eabi/lib/thumb/v7-m/nofp\libc_nano.a(libc_a-mallocr.o)
                0x0000000020004808                __malloc_free_list
 .bss.__malloc_sbrk_start
                0x000000002000480c        0x4 C:/ST/STM32CubeIDE_1.13.0/STM32CubeIDE/plugins/com.st.stm32cube.ide.mcu.externaltools.gnu-tools-for-stm32.11.3.rel1.win32_1.1.0.202305231506/tools/bin/../lib/gcc/arm-none-eabi/11.3.1/../../../../arm-none-eabi/lib/thumb/v7-m/nofp\libc_nano.a(libc_a-mallocr.o)
                0x000000002000480c                __malloc_sbrk_start
 .bss.__sf      0x0000000020004810      0x138 C:/ST/STM32CubeIDE_1.13.0/STM32CubeIDE/plugins/com.st.stm32cube.ide.mcu.externaltools.gnu-tools-for-stm32.11.3.rel1.win32_1.1.0.202305231506/tools/bin/../lib/gcc/arm-none-eabi/11.3.1/../../../../arm-none-eabi/lib/thumb/v7-m/nofp\libc_nano.a(libc_a-findfp.o)
                0x0000000020004810                __sf
 .bss.__stdio_exit_handler
                0x0000000020004948        0x4 C:/ST/STM32CubeIDE_1.13.0/STM32CubeIDE/plugins/com.st.stm32cube.ide.mcu.externaltools.gnu-tools-for-stm32.11.3.rel1.win32_1.1.0.202305231506/tools/bin/../lib/gcc/arm-none-eabi/11.3.1/../../../../arm-none-eabi/lib/thumb/v7-m/nofp\libc_nano.a(libc_a-findfp.o)
                0x0000000020004948                __stdio_exit_handler
 .bss.errno     0x000000002000494c        0x4 C:/ST/STM32CubeIDE_1.13.0/STM32CubeIDE/plugins/com.st.stm32cube.ide.mcu.externaltools.gnu-tools-for-stm32.11.3.rel1.win32_1.1.0.202305231506/tools/bin/../lib/gcc/arm-none-eabi/11.3.1/../../../../arm-none-eabi/lib/thumb/v7-m/nofp\libc_nano.a(libc_a-reent.o)
                0x000000002000494c                errno
 .bss.__lock___malloc_recursive_mutex