../HAL/st7735.c:95:13:ST7735_Select	8	static
../HAL/st7735.c:99:6:ST7735_Unselect	8	static
../HAL/st7735.c:103:13:ST7735_Reset	8	static
../HAL/st7735.c:108:13:ST7735_WriteCommand	16	static
../HAL/st7735.c:113:13:ST7735_WriteData	16	static
../HAL/st7735.c:118:13:ST7735_ExecuteCommandList	24	static
../HAL/st7735.c:143:13:ST7735_SetAddressWindow	32	static
../HAL/st7735.c:159:6:ST7735_Init	8	static
../HAL/st7735.c:168:6:ST7735_DrawPixel	24	static
../HAL/st7735.c:181:13:ST7735_WriteChar	48	static
../HAL/st7735.c:200:6:ST7735_WriteString	32	static
../HAL/st7735.c:226:6:ST7735_FillRectangle	32	static
../HAL/st7735.c:246:6:ST7735_FillRectangleFast	32	static
../HAL/st7735.c:269:6:ST7735_FillScreen	24	static
../HAL/st7735.c:273:6:ST7735_FillScreenFast	24	static
../HAL/st7735.c:277:6:ST7735_DrawImage	24	static
../HAL/st7735.c:288:6:ST7735_InvertColors	16	static
../HAL/st7735.c:294:6:ST7735_SetGamma	16	static
