../HAL/st7735.c:93:13:ST7735_Select	8	static
../HAL/st7735.c:97:6:ST7735_Unselect	8	static
../HAL/st7735.c:101:13:ST7735_Reset	8	static
../HAL/st7735.c:107:13:ST7735_WriteCommand	16	static
../HAL/st7735.c:112:13:ST7735_WriteData	16	static
../HAL/st7735.c:117:13:ST7735_ExecuteCommandList	24	static
../HAL/st7735.c:143:13:ST7735_SetAddressWindow	32	static
../HAL/st7735.c:159:6:ST7735_Init	8	static
../HAL/st7735.c:168:6:ST7735_DrawPixel	24	static
../HAL/st7735.c:181:13:ST7735_WriteChar	48	static
../HAL/st7735.c:217:6:ST7735_WriteString	32	static
../HAL/st7735.c:243:6:ST7735_FillRectangle	32	static
../HAL/st7735.c:263:6:ST7735_FillRectangleFast	32	static
../HAL/st7735.c:286:6:ST7735_FillScreen	24	static
../HAL/st7735.c:290:6:ST7735_FillScreenFast	24	static
../HAL/st7735.c:294:6:ST7735_DrawImage	24	static
../HAL/st7735.c:305:6:ST7735_InvertColors	16	static
../HAL/st7735.c:311:6:ST7735_SetGamma	16	static
