../Drivers/EXTI.c:32:6:Enable_NVIC	16	static
../Drivers/EXTI.c:67:6:Disable_NVIC	16	static
../Drivers/EXTI.c:130:6:MCAL_EXTI_GPIO_Init	16	static
../Drivers/EXTI.c:145:6:MCAL_EXTI_GPIO_Deinit	4	static
../Drivers/EXTI.c:181:6:MCAL_EXTI_GPIO_Update	24	static
../Drivers/EXTI.c:245:6:EXTI0_IRQHandler	8	static
../Drivers/EXTI.c:253:6:EXTI1_IRQHandler	8	static
../Drivers/EXTI.c:260:6:EXTI2_IRQHandler	8	static
../Drivers/EXTI.c:267:6:EXTI3_IRQHandler	8	static
../Drivers/EXTI.c:276:6:EXTI4_IRQHandler	8	static
../Drivers/EXTI.c:285:6:EXTI9_5_IRQHandler	8	static
../Drivers/EXTI.c:296:6:EXTI15_10_IRQHandler	8	static
