../Drivers/USART.c:24:16:GetIndex	16	static
../Drivers/USART.c:36:6:MCAL_USART_Init	32	static
../Drivers/USART.c:71:6:MCAL_USART_DeInit	16	static
../Drivers/USART.c:84:6:MCAL_USART_Send_Data	32	static
../Drivers/USART.c:106:6:MCAL_USART_WAIT_TC	16	static
../Drivers/USART.c:111:6:MCAL_USART_Get_Data	32	static
../Drivers/USART.c:151:6:MCAL_USART_GPIO_SetPins	24	static
../Drivers/USART.c:259:6:USART1_IRQHandler	8	static
../Drivers/USART.c:263:6:USART2_IRQHandler	8	static
../Drivers/USART.c:267:6:USART3_IRQHandler	8	static
